<?xml version="1.0"?>
<link_info>
   <banner>TI ARM Linker PC v16.9.1.LTS</banner>
   <copyright>Copyright (c) 1996-2015 Texas Instruments Incorporated</copyright>
   <link_time>0x59f78033</link_time>
   <link_errors>0x0</link_errors>
   <output_file>http_client_demo.out</output_file>
   <entry_point>
      <name>_c_int00</name>
      <address>0x20010831</address>
   </entry_point>
   <input_file_list>
      <input_file id="fl-2">
         <path>.\</path>
         <kind>object</kind>
         <file>adc.obj</file>
         <name>adc.obj</name>
      </input_file>
      <input_file id="fl-3">
         <path>.\</path>
         <kind>object</kind>
         <file>gpio_if.obj</file>
         <name>gpio_if.obj</name>
      </input_file>
      <input_file id="fl-4">
         <path>.\</path>
         <kind>object</kind>
         <file>i2c_if.obj</file>
         <name>i2c_if.obj</name>
      </input_file>
      <input_file id="fl-5">
         <path>.\</path>
         <kind>object</kind>
         <file>main.obj</file>
         <name>main.obj</name>
      </input_file>
      <input_file id="fl-6">
         <path>.\</path>
         <kind>object</kind>
         <file>network_common.obj</file>
         <name>network_common.obj</name>
      </input_file>
      <input_file id="fl-7">
         <path>.\</path>
         <kind>object</kind>
         <file>pinmux.obj</file>
         <name>pinmux.obj</name>
      </input_file>
      <input_file id="fl-8">
         <path>.\</path>
         <kind>object</kind>
         <file>sensors.obj</file>
         <name>sensors.obj</name>
      </input_file>
      <input_file id="fl-9">
         <path>.\</path>
         <kind>object</kind>
         <file>startup_ccs.obj</file>
         <name>startup_ccs.obj</name>
      </input_file>
      <input_file id="fl-a">
         <path>.\</path>
         <kind>object</kind>
         <file>uart_config.obj</file>
         <name>uart_config.obj</name>
      </input_file>
      <input_file id="fl-b">
         <path>.\</path>
         <kind>object</kind>
         <file>uart_if.obj</file>
         <name>uart_if.obj</name>
      </input_file>
      <input_file id="fl-c9">
         <path>C:\ti\ccsv7\tools\compiler\ti-cgt-arm_16.9.1.LTS\lib\</path>
         <kind>archive</kind>
         <file>rtsv7M4_T_le_eabi.lib</file>
         <name>boot.obj</name>
      </input_file>
      <input_file id="fl-ca">
         <path>C:\ti\ccsv7\tools\compiler\ti-cgt-arm_16.9.1.LTS\lib\</path>
         <kind>archive</kind>
         <file>rtsv7M4_T_le_eabi.lib</file>
         <name>copy_decompress_lzss.obj</name>
      </input_file>
      <input_file id="fl-cb">
         <path>C:\ti\ccsv7\tools\compiler\ti-cgt-arm_16.9.1.LTS\lib\</path>
         <kind>archive</kind>
         <file>rtsv7M4_T_le_eabi.lib</file>
         <name>copy_decompress_none.obj</name>
      </input_file>
      <input_file id="fl-cc">
         <path>C:\ti\ccsv7\tools\compiler\ti-cgt-arm_16.9.1.LTS\lib\</path>
         <kind>archive</kind>
         <file>rtsv7M4_T_le_eabi.lib</file>
         <name>copy_zero_init.obj</name>
      </input_file>
      <input_file id="fl-cd">
         <path>C:\ti\ccsv7\tools\compiler\ti-cgt-arm_16.9.1.LTS\lib\</path>
         <kind>archive</kind>
         <file>rtsv7M4_T_le_eabi.lib</file>
         <name>e_pow.obj</name>
      </input_file>
      <input_file id="fl-ce">
         <path>C:\ti\ccsv7\tools\compiler\ti-cgt-arm_16.9.1.LTS\lib\</path>
         <kind>archive</kind>
         <file>rtsv7M4_T_le_eabi.lib</file>
         <name>e_sqrt.obj</name>
      </input_file>
      <input_file id="fl-cf">
         <path>C:\ti\ccsv7\tools\compiler\ti-cgt-arm_16.9.1.LTS\lib\</path>
         <kind>archive</kind>
         <file>rtsv7M4_T_le_eabi.lib</file>
         <name>errno.obj</name>
      </input_file>
      <input_file id="fl-d0">
         <path>C:\ti\ccsv7\tools\compiler\ti-cgt-arm_16.9.1.LTS\lib\</path>
         <kind>archive</kind>
         <file>rtsv7M4_T_le_eabi.lib</file>
         <name>exit.obj</name>
      </input_file>
      <input_file id="fl-d1">
         <path>C:\ti\ccsv7\tools\compiler\ti-cgt-arm_16.9.1.LTS\lib\</path>
         <kind>archive</kind>
         <file>rtsv7M4_T_le_eabi.lib</file>
         <name>fd_add_t2.obj</name>
      </input_file>
      <input_file id="fl-d2">
         <path>C:\ti\ccsv7\tools\compiler\ti-cgt-arm_16.9.1.LTS\lib\</path>
         <kind>archive</kind>
         <file>rtsv7M4_T_le_eabi.lib</file>
         <name>fd_cmp_t2.obj</name>
      </input_file>
      <input_file id="fl-d3">
         <path>C:\ti\ccsv7\tools\compiler\ti-cgt-arm_16.9.1.LTS\lib\</path>
         <kind>archive</kind>
         <file>rtsv7M4_T_le_eabi.lib</file>
         <name>fd_div_t2.obj</name>
      </input_file>
      <input_file id="fl-d4">
         <path>C:\ti\ccsv7\tools\compiler\ti-cgt-arm_16.9.1.LTS\lib\</path>
         <kind>archive</kind>
         <file>rtsv7M4_T_le_eabi.lib</file>
         <name>fd_mul_t2.obj</name>
      </input_file>
      <input_file id="fl-d5">
         <path>C:\ti\ccsv7\tools\compiler\ti-cgt-arm_16.9.1.LTS\lib\</path>
         <kind>archive</kind>
         <file>rtsv7M4_T_le_eabi.lib</file>
         <name>fd_tos_t2.obj</name>
      </input_file>
      <input_file id="fl-d6">
         <path>C:\ti\ccsv7\tools\compiler\ti-cgt-arm_16.9.1.LTS\lib\</path>
         <kind>archive</kind>
         <file>rtsv7M4_T_le_eabi.lib</file>
         <name>fs_add_t2.obj</name>
      </input_file>
      <input_file id="fl-d7">
         <path>C:\ti\ccsv7\tools\compiler\ti-cgt-arm_16.9.1.LTS\lib\</path>
         <kind>archive</kind>
         <file>rtsv7M4_T_le_eabi.lib</file>
         <name>fs_div_t2.obj</name>
      </input_file>
      <input_file id="fl-d8">
         <path>C:\ti\ccsv7\tools\compiler\ti-cgt-arm_16.9.1.LTS\lib\</path>
         <kind>archive</kind>
         <file>rtsv7M4_T_le_eabi.lib</file>
         <name>fs_tod_t2.obj</name>
      </input_file>
      <input_file id="fl-d9">
         <path>C:\ti\ccsv7\tools\compiler\ti-cgt-arm_16.9.1.LTS\lib\</path>
         <kind>archive</kind>
         <file>rtsv7M4_T_le_eabi.lib</file>
         <name>i_tofd_t2.obj</name>
      </input_file>
      <input_file id="fl-da">
         <path>C:\ti\ccsv7\tools\compiler\ti-cgt-arm_16.9.1.LTS\lib\</path>
         <kind>archive</kind>
         <file>rtsv7M4_T_le_eabi.lib</file>
         <name>i_tofs_t2.obj</name>
      </input_file>
      <input_file id="fl-db">
         <path>C:\ti\ccsv7\tools\compiler\ti-cgt-arm_16.9.1.LTS\lib\</path>
         <kind>archive</kind>
         <file>rtsv7M4_T_le_eabi.lib</file>
         <name>ll_tofs_t2.obj</name>
      </input_file>
      <input_file id="fl-dc">
         <path>C:\ti\ccsv7\tools\compiler\ti-cgt-arm_16.9.1.LTS\lib\</path>
         <kind>archive</kind>
         <file>rtsv7M4_T_le_eabi.lib</file>
         <name>memcpy_t2.obj</name>
      </input_file>
      <input_file id="fl-dd">
         <path>C:\ti\ccsv7\tools\compiler\ti-cgt-arm_16.9.1.LTS\lib\</path>
         <kind>archive</kind>
         <file>rtsv7M4_T_le_eabi.lib</file>
         <name>memmov.obj</name>
      </input_file>
      <input_file id="fl-de">
         <path>C:\ti\ccsv7\tools\compiler\ti-cgt-arm_16.9.1.LTS\lib\</path>
         <kind>archive</kind>
         <file>rtsv7M4_T_le_eabi.lib</file>
         <name>memory.obj</name>
      </input_file>
      <input_file id="fl-df">
         <path>C:\ti\ccsv7\tools\compiler\ti-cgt-arm_16.9.1.LTS\lib\</path>
         <kind>archive</kind>
         <file>rtsv7M4_T_le_eabi.lib</file>
         <name>memset_t2.obj</name>
      </input_file>
      <input_file id="fl-e0">
         <path>C:\ti\ccsv7\tools\compiler\ti-cgt-arm_16.9.1.LTS\lib\</path>
         <kind>archive</kind>
         <file>rtsv7M4_T_le_eabi.lib</file>
         <name>mpu_init.obj</name>
      </input_file>
      <input_file id="fl-e1">
         <path>C:\ti\ccsv7\tools\compiler\ti-cgt-arm_16.9.1.LTS\lib\</path>
         <kind>archive</kind>
         <file>rtsv7M4_T_le_eabi.lib</file>
         <name>pre_init.obj</name>
      </input_file>
      <input_file id="fl-e2">
         <path>C:\ti\ccsv7\tools\compiler\ti-cgt-arm_16.9.1.LTS\lib\</path>
         <kind>archive</kind>
         <file>rtsv7M4_T_le_eabi.lib</file>
         <name>s_scalbn.obj</name>
      </input_file>
      <input_file id="fl-e3">
         <path>C:\ti\ccsv7\tools\compiler\ti-cgt-arm_16.9.1.LTS\lib\</path>
         <kind>archive</kind>
         <file>rtsv7M4_T_le_eabi.lib</file>
         <name>snprintf.obj</name>
      </input_file>
      <input_file id="fl-e4">
         <path>C:\ti\ccsv7\tools\compiler\ti-cgt-arm_16.9.1.LTS\lib\</path>
         <kind>archive</kind>
         <file>rtsv7M4_T_le_eabi.lib</file>
         <name>sprintf.obj</name>
      </input_file>
      <input_file id="fl-e5">
         <path>C:\ti\ccsv7\tools\compiler\ti-cgt-arm_16.9.1.LTS\lib\</path>
         <kind>archive</kind>
         <file>rtsv7M4_T_le_eabi.lib</file>
         <name>stkdepth_vars.obj</name>
      </input_file>
      <input_file id="fl-e6">
         <path>C:\ti\ccsv7\tools\compiler\ti-cgt-arm_16.9.1.LTS\lib\</path>
         <kind>archive</kind>
         <file>rtsv7M4_T_le_eabi.lib</file>
         <name>strcpy.obj</name>
      </input_file>
      <input_file id="fl-e7">
         <path>C:\ti\ccsv7\tools\compiler\ti-cgt-arm_16.9.1.LTS\lib\</path>
         <kind>archive</kind>
         <file>rtsv7M4_T_le_eabi.lib</file>
         <name>strlen.obj</name>
      </input_file>
      <input_file id="fl-e8">
         <path>C:\ti\ccsv7\tools\compiler\ti-cgt-arm_16.9.1.LTS\lib\</path>
         <kind>archive</kind>
         <file>rtsv7M4_T_le_eabi.lib</file>
         <name>strncmp.obj</name>
      </input_file>
      <input_file id="fl-e9">
         <path>C:\ti\ccsv7\tools\compiler\ti-cgt-arm_16.9.1.LTS\lib\</path>
         <kind>archive</kind>
         <file>rtsv7M4_T_le_eabi.lib</file>
         <name>strncpy.obj</name>
      </input_file>
      <input_file id="fl-ea">
         <path>C:\ti\ccsv7\tools\compiler\ti-cgt-arm_16.9.1.LTS\lib\</path>
         <kind>archive</kind>
         <file>rtsv7M4_T_le_eabi.lib</file>
         <name>strstr.obj</name>
      </input_file>
      <input_file id="fl-eb">
         <path>C:\ti\ccsv7\tools\compiler\ti-cgt-arm_16.9.1.LTS\lib\</path>
         <kind>archive</kind>
         <file>rtsv7M4_T_le_eabi.lib</file>
         <name>strtoul.obj</name>
      </input_file>
      <input_file id="fl-ec">
         <path>C:\ti\ccsv7\tools\compiler\ti-cgt-arm_16.9.1.LTS\lib\</path>
         <kind>archive</kind>
         <file>rtsv7M4_T_le_eabi.lib</file>
         <name>u_tofd_t2.obj</name>
      </input_file>
      <input_file id="fl-ed">
         <path>C:\ti\ccsv7\tools\compiler\ti-cgt-arm_16.9.1.LTS\lib\</path>
         <kind>archive</kind>
         <file>rtsv7M4_T_le_eabi.lib</file>
         <name>vsnprintf.obj</name>
      </input_file>
      <input_file id="fl-ee">
         <path>C:\ti\ccsv7\tools\compiler\ti-cgt-arm_16.9.1.LTS\lib\</path>
         <kind>archive</kind>
         <file>rtsv7M4_T_le_eabi.lib</file>
         <name>_lock.obj</name>
      </input_file>
      <input_file id="fl-ef">
         <path>C:\ti\ccsv7\tools\compiler\ti-cgt-arm_16.9.1.LTS\lib\</path>
         <kind>archive</kind>
         <file>rtsv7M4_T_le_eabi.lib</file>
         <name>_printfi.obj</name>
      </input_file>
      <input_file id="fl-f0">
         <path>C:\ti\ccsv7\tools\compiler\ti-cgt-arm_16.9.1.LTS\lib\</path>
         <kind>archive</kind>
         <file>rtsv7M4_T_le_eabi.lib</file>
         <name>args_main.obj</name>
      </input_file>
      <input_file id="fl-f1">
         <path>C:\ti\ccsv7\tools\compiler\ti-cgt-arm_16.9.1.LTS\lib\</path>
         <kind>archive</kind>
         <file>rtsv7M4_T_le_eabi.lib</file>
         <name>atoi.obj</name>
      </input_file>
      <input_file id="fl-f2">
         <path>C:\ti\ccsv7\tools\compiler\ti-cgt-arm_16.9.1.LTS\lib\</path>
         <kind>archive</kind>
         <file>rtsv7M4_T_le_eabi.lib</file>
         <name>autoinit.obj</name>
      </input_file>
      <input_file id="fl-f3">
         <path>C:\ti\ccsv7\tools\compiler\ti-cgt-arm_16.9.1.LTS\lib\</path>
         <kind>archive</kind>
         <file>rtsv7M4_T_le_eabi.lib</file>
         <name>cpy_tbl.obj</name>
      </input_file>
      <input_file id="fl-f4">
         <path>C:\ti\ccsv7\tools\compiler\ti-cgt-arm_16.9.1.LTS\lib\</path>
         <kind>archive</kind>
         <file>rtsv7M4_T_le_eabi.lib</file>
         <name>ctype.obj</name>
      </input_file>
      <input_file id="fl-f5">
         <path>C:\ti\ccsv7\tools\compiler\ti-cgt-arm_16.9.1.LTS\lib\</path>
         <kind>archive</kind>
         <file>rtsv7M4_T_le_eabi.lib</file>
         <name>fd_toi_t2.obj</name>
      </input_file>
      <input_file id="fl-f6">
         <path>C:\ti\ccsv7\tools\compiler\ti-cgt-arm_16.9.1.LTS\lib\</path>
         <kind>archive</kind>
         <file>rtsv7M4_T_le_eabi.lib</file>
         <name>ltoa.obj</name>
      </input_file>
      <input_file id="fl-f7">
         <path>C:\ti\ccsv7\tools\compiler\ti-cgt-arm_16.9.1.LTS\lib\</path>
         <kind>archive</kind>
         <file>rtsv7M4_T_le_eabi.lib</file>
         <name>memccpy.obj</name>
      </input_file>
      <input_file id="fl-f8">
         <path>C:\ti\ccsv7\tools\compiler\ti-cgt-arm_16.9.1.LTS\lib\</path>
         <kind>archive</kind>
         <file>rtsv7M4_T_le_eabi.lib</file>
         <name>s_copysign.obj</name>
      </input_file>
      <input_file id="fl-f9">
         <path>C:\ti\ccsv7\tools\compiler\ti-cgt-arm_16.9.1.LTS\lib\</path>
         <kind>archive</kind>
         <file>rtsv7M4_T_le_eabi.lib</file>
         <name>s_frexp.obj</name>
      </input_file>
      <input_file id="fl-fa">
         <path>C:\ti\ccsv7\tools\compiler\ti-cgt-arm_16.9.1.LTS\lib\</path>
         <kind>archive</kind>
         <file>rtsv7M4_T_le_eabi.lib</file>
         <name>startup.obj</name>
      </input_file>
      <input_file id="fl-fb">
         <path>C:\ti\ccsv7\tools\compiler\ti-cgt-arm_16.9.1.LTS\lib\</path>
         <kind>archive</kind>
         <file>rtsv7M4_T_le_eabi.lib</file>
         <name>strchr.obj</name>
      </input_file>
      <input_file id="fl-fc">
         <path>C:\ti\ccsv7\tools\compiler\ti-cgt-arm_16.9.1.LTS\lib\</path>
         <kind>archive</kind>
         <file>rtsv7M4_T_le_eabi.lib</file>
         <name>ull_div_t2.obj</name>
      </input_file>
      <input_file id="fl-fd">
         <path>C:\ti\CC3200SDK_1.3.0\cc3200-sdk\driverlib\ccs\Release\</path>
         <kind>archive</kind>
         <file>driverlib.a</file>
         <name>adc.obj</name>
      </input_file>
      <input_file id="fl-fe">
         <path>C:\ti\CC3200SDK_1.3.0\cc3200-sdk\driverlib\ccs\Release\</path>
         <kind>archive</kind>
         <file>driverlib.a</file>
         <name>gpio.obj</name>
      </input_file>
      <input_file id="fl-ff">
         <path>C:\ti\CC3200SDK_1.3.0\cc3200-sdk\driverlib\ccs\Release\</path>
         <kind>archive</kind>
         <file>driverlib.a</file>
         <name>i2c.obj</name>
      </input_file>
      <input_file id="fl-100">
         <path>C:\ti\CC3200SDK_1.3.0\cc3200-sdk\driverlib\ccs\Release\</path>
         <kind>archive</kind>
         <file>driverlib.a</file>
         <name>interrupt.obj</name>
      </input_file>
      <input_file id="fl-101">
         <path>C:\ti\CC3200SDK_1.3.0\cc3200-sdk\driverlib\ccs\Release\</path>
         <kind>archive</kind>
         <file>driverlib.a</file>
         <name>pin.obj</name>
      </input_file>
      <input_file id="fl-102">
         <path>C:\ti\CC3200SDK_1.3.0\cc3200-sdk\driverlib\ccs\Release\</path>
         <kind>archive</kind>
         <file>driverlib.a</file>
         <name>prcm.obj</name>
      </input_file>
      <input_file id="fl-103">
         <path>C:\ti\CC3200SDK_1.3.0\cc3200-sdk\driverlib\ccs\Release\</path>
         <kind>archive</kind>
         <file>driverlib.a</file>
         <name>uart.obj</name>
      </input_file>
      <input_file id="fl-104">
         <path>C:\ti\CC3200SDK_1.3.0\cc3200-sdk\driverlib\ccs\Release\</path>
         <kind>archive</kind>
         <file>driverlib.a</file>
         <name>utils.obj</name>
      </input_file>
      <input_file id="fl-105">
         <path>C:\ti\CC3200SDK_1.3.0\cc3200-sdk\driverlib\ccs\Release\</path>
         <kind>archive</kind>
         <file>driverlib.a</file>
         <name>cpu.obj</name>
      </input_file>
      <input_file id="fl-106">
         <path>C:\ti\CC3200SDK_1.3.0\cc3200-sdk\driverlib\ccs\Release\</path>
         <kind>archive</kind>
         <file>driverlib.a</file>
         <name>flash.obj</name>
      </input_file>
      <input_file id="fl-107">
         <path>C:\ti\CC3200SDK_1.3.0\cc3200-sdk\simplelink\ccs\NON_OS\</path>
         <kind>archive</kind>
         <file>simplelink.a</file>
         <name>device.obj</name>
      </input_file>
      <input_file id="fl-108">
         <path>C:\ti\CC3200SDK_1.3.0\cc3200-sdk\simplelink\ccs\NON_OS\</path>
         <kind>archive</kind>
         <file>simplelink.a</file>
         <name>driver.obj</name>
      </input_file>
      <input_file id="fl-109">
         <path>C:\ti\CC3200SDK_1.3.0\cc3200-sdk\simplelink\ccs\NON_OS\</path>
         <kind>archive</kind>
         <file>simplelink.a</file>
         <name>netapp.obj</name>
      </input_file>
      <input_file id="fl-10a">
         <path>C:\ti\CC3200SDK_1.3.0\cc3200-sdk\simplelink\ccs\NON_OS\</path>
         <kind>archive</kind>
         <file>simplelink.a</file>
         <name>netcfg.obj</name>
      </input_file>
      <input_file id="fl-10b">
         <path>C:\ti\CC3200SDK_1.3.0\cc3200-sdk\simplelink\ccs\NON_OS\</path>
         <kind>archive</kind>
         <file>simplelink.a</file>
         <name>nonos.obj</name>
      </input_file>
      <input_file id="fl-10c">
         <path>C:\ti\CC3200SDK_1.3.0\cc3200-sdk\simplelink\ccs\NON_OS\</path>
         <kind>archive</kind>
         <file>simplelink.a</file>
         <name>socket.obj</name>
      </input_file>
      <input_file id="fl-10d">
         <path>C:\ti\CC3200SDK_1.3.0\cc3200-sdk\simplelink\ccs\NON_OS\</path>
         <kind>archive</kind>
         <file>simplelink.a</file>
         <name>wlan.obj</name>
      </input_file>
      <input_file id="fl-10e">
         <path>C:\ti\CC3200SDK_1.3.0\cc3200-sdk\simplelink\ccs\NON_OS\</path>
         <kind>archive</kind>
         <file>simplelink.a</file>
         <name>cc_pal.obj</name>
      </input_file>
      <input_file id="fl-10f">
         <path>C:\ti\CC3200SDK_1.3.0\cc3200-sdk\netapps\http\client\ccs\HTTPClientMinLib\</path>
         <kind>archive</kind>
         <file>webclient.a</file>
         <name>httpcli.obj</name>
      </input_file>
      <input_file id="fl-110">
         <path>C:\ti\CC3200SDK_1.3.0\cc3200-sdk\netapps\http\client\ccs\HTTPClientMinLib\</path>
         <kind>archive</kind>
         <file>webclient.a</file>
         <name>ssock.obj</name>
      </input_file>
      <input_file id="fl-111">
         <path>C:\ti\CC3200SDK_1.3.0\cc3200-sdk\netapps\json\ccs\Release\</path>
         <kind>archive</kind>
         <file>json.a</file>
         <name>jsmn.obj</name>
      </input_file>
      <input_file id="fl-112">
         <path>C:\ti\ccsv7\tools\compiler\ti-cgt-arm_16.9.1.LTS\lib\</path>
         <kind>archive</kind>
         <file>rtsv7M4_T_le_eabi.lib</file>
         <name>strcmp.obj</name>
      </input_file>
      <input_file id="fl-113">
         <path>C:\ti\CC3200SDK_1.3.0\cc3200-sdk\driverlib\ccs\Release\</path>
         <kind>archive</kind>
         <file>driverlib.a</file>
         <name>spi.obj</name>
      </input_file>
      <input_file id="fl-114">
         <path>C:\ti\CC3200SDK_1.3.0\cc3200-sdk\driverlib\ccs\Release\</path>
         <kind>archive</kind>
         <file>driverlib.a</file>
         <name>timer.obj</name>
      </input_file>
      <input_file id="fl-115">
         <path>C:\ti\CC3200SDK_1.3.0\cc3200-sdk\driverlib\ccs\Release\</path>
         <kind>archive</kind>
         <file>driverlib.a</file>
         <name>udma.obj</name>
      </input_file>
   </input_file_list>
   <object_component_list>
      <object_component id="oc-f">
         <name>.intvecs</name>
         <load_address>0x20004000</load_address>
         <run_address>0x20004000</run_address>
         <size>0x400</size>
         <input_file_ref idref="fl-9"/>
      </object_component>
      <object_component id="oc-a8">
         <name>.text</name>
         <load_address>0x20004400</load_address>
         <run_address>0x20004400</run_address>
         <size>0x24ac</size>
         <input_file_ref idref="fl-5"/>
      </object_component>
      <object_component id="oc-3f6">
         <name>.text</name>
         <load_address>0x200068ac</load_address>
         <run_address>0x200068ac</run_address>
         <size>0x1122</size>
         <input_file_ref idref="fl-ef"/>
      </object_component>
      <object_component id="oc-7bf">
         <name>.text:IntDefaultHandler</name>
         <load_address>0x200079ce</load_address>
         <run_address>0x200079ce</run_address>
         <size>0x2</size>
         <input_file_ref idref="fl-100"/>
      </object_component>
      <object_component id="oc-140">
         <name>.text</name>
         <load_address>0x200079d0</load_address>
         <run_address>0x200079d0</run_address>
         <size>0xfc4</size>
         <input_file_ref idref="fl-10f"/>
      </object_component>
      <object_component id="oc-1c2">
         <name>.text</name>
         <load_address>0x20008994</load_address>
         <run_address>0x20008994</run_address>
         <size>0x9ac</size>
         <input_file_ref idref="fl-cd"/>
      </object_component>
      <object_component id="oc-1e5">
         <name>.text</name>
         <load_address>0x20009340</load_address>
         <run_address>0x20009340</run_address>
         <size>0x708</size>
         <input_file_ref idref="fl-8"/>
      </object_component>
      <object_component id="oc-151">
         <name>.text</name>
         <load_address>0x20009a48</load_address>
         <run_address>0x20009a48</run_address>
         <size>0x5f0</size>
         <input_file_ref idref="fl-111"/>
      </object_component>
      <object_component id="oc-7ce">
         <name>.text:_SlDrvMsgRead</name>
         <load_address>0x2000a038</load_address>
         <run_address>0x2000a038</run_address>
         <size>0x590</size>
         <input_file_ref idref="fl-108"/>
      </object_component>
      <object_component id="oc-157">
         <name>.text</name>
         <load_address>0x2000a5c8</load_address>
         <run_address>0x2000a5c8</run_address>
         <size>0x3d0</size>
         <input_file_ref idref="fl-de"/>
      </object_component>
      <object_component id="oc-180">
         <name>.text</name>
         <load_address>0x2000a998</load_address>
         <run_address>0x2000a998</run_address>
         <size>0x34c</size>
         <input_file_ref idref="fl-3"/>
      </object_component>
      <object_component id="oc-393">
         <name>.text</name>
         <load_address>0x2000ace4</load_address>
         <run_address>0x2000ace4</run_address>
         <size>0x2ea</size>
         <input_file_ref idref="fl-110"/>
      </object_component>
      <object_component id="oc-59">
         <name>.text</name>
         <load_address>0x2000afce</load_address>
         <run_address>0x2000afce</run_address>
         <size>0x2</size>
         <input_file_ref idref="fl-e0"/>
      </object_component>
      <object_component id="oc-1df">
         <name>.text</name>
         <load_address>0x2000afd0</load_address>
         <run_address>0x2000afd0</run_address>
         <size>0x284</size>
         <input_file_ref idref="fl-4"/>
      </object_component>
      <object_component id="oc-d8">
         <name>.text</name>
         <load_address>0x2000b254</load_address>
         <run_address>0x2000b254</run_address>
         <size>0x280</size>
         <input_file_ref idref="fl-b"/>
      </object_component>
      <object_component id="oc-13a">
         <name>.text:sl_WlanConnect</name>
         <load_address>0x2000b4d4</load_address>
         <run_address>0x2000b4d4</run_address>
         <size>0x27c</size>
         <input_file_ref idref="fl-10d"/>
      </object_component>
      <object_component id="oc-862">
         <name>.text:_SlDrvRxHdrRead</name>
         <load_address>0x2000b750</load_address>
         <run_address>0x2000b750</run_address>
         <size>0x24c</size>
         <input_file_ref idref="fl-108"/>
      </object_component>
      <object_component id="oc-6d5">
         <name>.text</name>
         <load_address>0x2000b99c</load_address>
         <run_address>0x2000b99c</run_address>
         <size>0x1f4</size>
         <input_file_ref idref="fl-fc"/>
      </object_component>
      <object_component id="oc-7f3">
         <name>.text:_SlDrvDataReadOp</name>
         <load_address>0x2000bb90</load_address>
         <run_address>0x2000bb90</run_address>
         <size>0x1e4</size>
         <input_file_ref idref="fl-108"/>
      </object_component>
      <object_component id="oc-1cd">
         <name>.text</name>
         <load_address>0x2000bd74</load_address>
         <run_address>0x2000bd74</run_address>
         <size>0x1dc</size>
         <input_file_ref idref="fl-7"/>
      </object_component>
      <object_component id="oc-2f7">
         <name>.text:_SlDrvReleasePoolObj</name>
         <load_address>0x2000bf50</load_address>
         <run_address>0x2000bf50</run_address>
         <size>0x1d0</size>
         <input_file_ref idref="fl-108"/>
      </object_component>
      <object_component id="oc-1b8">
         <name>.text</name>
         <load_address>0x2000c120</load_address>
         <run_address>0x2000c120</run_address>
         <size>0x1b6</size>
         <input_file_ref idref="fl-d1"/>
      </object_component>
      <object_component id="oc-a0">
         <name>.text</name>
         <load_address>0x2000c2d6</load_address>
         <run_address>0x2000c2d6</run_address>
         <size>0x2</size>
         <input_file_ref idref="fl-fa"/>
      </object_component>
      <object_component id="oc-2cd">
         <name>.text:_SlDrvDriverCBInit</name>
         <load_address>0x2000c2d8</load_address>
         <run_address>0x2000c2d8</run_address>
         <size>0x1b4</size>
         <input_file_ref idref="fl-108"/>
      </object_component>
      <object_component id="oc-643">
         <name>.text:_SlDrvMsgWrite</name>
         <load_address>0x2000c48c</load_address>
         <run_address>0x2000c48c</run_address>
         <size>0x19c</size>
         <input_file_ref idref="fl-108"/>
      </object_component>
      <object_component id="oc-43a">
         <name>.text:_SlDrvWaitForPoolObj</name>
         <load_address>0x2000c628</load_address>
         <run_address>0x2000c628</run_address>
         <size>0x190</size>
         <input_file_ref idref="fl-108"/>
      </object_component>
      <object_component id="oc-3b7">
         <name>.text:sl_Connect</name>
         <load_address>0x2000c7b8</load_address>
         <run_address>0x2000c7b8</run_address>
         <size>0x18c</size>
         <input_file_ref idref="fl-10c"/>
      </object_component>
      <object_component id="oc-1af">
         <name>.text:PRCMCC3200MCUInit</name>
         <load_address>0x2000c944</load_address>
         <run_address>0x2000c944</run_address>
         <size>0x178</size>
         <input_file_ref idref="fl-102"/>
      </object_component>
      <object_component id="oc-874">
         <name>.text:_SlFindAndSetActiveObj</name>
         <load_address>0x2000cabc</load_address>
         <run_address>0x2000cabc</run_address>
         <size>0x170</size>
         <input_file_ref idref="fl-108"/>
      </object_component>
      <object_component id="oc-491">
         <name>.text</name>
         <load_address>0x2000cc2c</load_address>
         <run_address>0x2000cc2c</run_address>
         <size>0x170</size>
         <input_file_ref idref="fl-ce"/>
      </object_component>
      <object_component id="oc-803">
         <name>.text:_SlDrvDataWriteOp</name>
         <load_address>0x2000cd9c</load_address>
         <run_address>0x2000cd9c</run_address>
         <size>0x150</size>
         <input_file_ref idref="fl-108"/>
      </object_component>
      <object_component id="oc-2d3">
         <name>.text:spi_Open</name>
         <load_address>0x2000ceec</load_address>
         <run_address>0x2000ceec</run_address>
         <size>0x148</size>
         <input_file_ref idref="fl-10e"/>
      </object_component>
      <object_component id="oc-649">
         <name>.text:_SlDrvMsgReadCmdCtx</name>
         <load_address>0x2000d034</load_address>
         <run_address>0x2000d034</run_address>
         <size>0x144</size>
         <input_file_ref idref="fl-108"/>
      </object_component>
      <object_component id="oc-18b">
         <name>.text:sl_NetAppDnsGetHostByName</name>
         <load_address>0x2000d178</load_address>
         <run_address>0x2000d178</run_address>
         <size>0x144</size>
         <input_file_ref idref="fl-109"/>
      </object_component>
      <object_component id="oc-1c8">
         <name>.text</name>
         <load_address>0x2000d2bc</load_address>
         <run_address>0x2000d2bc</run_address>
         <size>0x136</size>
         <input_file_ref idref="fl-d3"/>
      </object_component>
      <object_component id="oc-68c">
         <name>.text:sl_Send</name>
         <load_address>0x2000d3f4</load_address>
         <run_address>0x2000d3f4</run_address>
         <size>0x134</size>
         <input_file_ref idref="fl-10c"/>
      </object_component>
      <object_component id="oc-33c">
         <name>.text:_SlDrvDriverCBDeinit</name>
         <load_address>0x2000d528</load_address>
         <run_address>0x2000d528</run_address>
         <size>0x130</size>
         <input_file_ref idref="fl-108"/>
      </object_component>
      <object_component id="oc-160">
         <name>.text</name>
         <load_address>0x2000d658</load_address>
         <run_address>0x2000d658</run_address>
         <size>0x114</size>
         <input_file_ref idref="fl-eb"/>
      </object_component>
      <object_component id="oc-8d8">
         <name>.text:_SlDrvNetAppEventHandler</name>
         <load_address>0x2000d76c</load_address>
         <run_address>0x2000d76c</run_address>
         <size>0x104</size>
         <input_file_ref idref="fl-109"/>
      </object_component>
      <object_component id="oc-1bd">
         <name>.text</name>
         <load_address>0x2000d870</load_address>
         <run_address>0x2000d870</run_address>
         <size>0xfc</size>
         <input_file_ref idref="fl-d4"/>
      </object_component>
      <object_component id="oc-51c">
         <name>.text</name>
         <load_address>0x2000d96c</load_address>
         <run_address>0x2000d96c</run_address>
         <size>0xfa</size>
         <input_file_ref idref="fl-d6"/>
      </object_component>
      <object_component id="oc-f7">
         <name>.text:sl_Stop</name>
         <load_address>0x2000da68</load_address>
         <run_address>0x2000da68</run_address>
         <size>0xf0</size>
         <input_file_ref idref="fl-107"/>
      </object_component>
      <object_component id="oc-86e">
         <name>.text:spi_Read</name>
         <load_address>0x2000db58</load_address>
         <run_address>0x2000db58</run_address>
         <size>0xf0</size>
         <input_file_ref idref="fl-10e"/>
      </object_component>
      <object_component id="oc-978">
         <name>.text:uDMAChannelTransferSet</name>
         <load_address>0x2000dc48</load_address>
         <run_address>0x2000dc48</run_address>
         <size>0xf0</size>
         <input_file_ref idref="fl-115"/>
      </object_component>
      <object_component id="oc-e5">
         <name>.text:sl_Start</name>
         <load_address>0x2000dd38</load_address>
         <run_address>0x2000dd38</run_address>
         <size>0xec</size>
         <input_file_ref idref="fl-107"/>
      </object_component>
      <object_component id="oc-7d4">
         <name>.text:_SlAsyncEventGenericHandler</name>
         <load_address>0x2000de24</load_address>
         <run_address>0x2000de24</run_address>
         <size>0xe8</size>
         <input_file_ref idref="fl-108"/>
      </object_component>
      <object_component id="oc-62a">
         <name>.text:_SlDrvMsgReadSpawnCtx</name>
         <load_address>0x2000df0c</load_address>
         <run_address>0x2000df0c</run_address>
         <size>0xe8</size>
         <input_file_ref idref="fl-108"/>
      </object_component>
      <object_component id="oc-377">
         <name>.text:sl_NetAppMDNSRegisterUnregisterService</name>
         <load_address>0x2000dff4</load_address>
         <run_address>0x2000dff4</run_address>
         <size>0xe4</size>
         <input_file_ref idref="fl-109"/>
      </object_component>
      <object_component id="oc-868">
         <name>.text:_SlDrvClassifyRxMsg</name>
         <load_address>0x2000e0d8</load_address>
         <run_address>0x2000e0d8</run_address>
         <size>0xdc</size>
         <input_file_ref idref="fl-108"/>
      </object_component>
      <object_component id="oc-4a9">
         <name>.text</name>
         <load_address>0x2000e1b4</load_address>
         <run_address>0x2000e1b4</run_address>
         <size>0xd0</size>
         <input_file_ref idref="fl-e2"/>
      </object_component>
      <object_component id="oc-936">
         <name>.text:_sl_HandleAsync_DnsGetHostByService</name>
         <load_address>0x2000e284</load_address>
         <run_address>0x2000e284</run_address>
         <size>0xcc</size>
         <input_file_ref idref="fl-109"/>
      </object_component>
      <object_component id="oc-fd">
         <name>.text:sl_DevGet</name>
         <load_address>0x2000e350</load_address>
         <run_address>0x2000e350</run_address>
         <size>0xcc</size>
         <input_file_ref idref="fl-107"/>
      </object_component>
      <object_component id="oc-60a">
         <name>.text:_SlRemoveFromList</name>
         <load_address>0x2000e41c</load_address>
         <run_address>0x2000e41c</run_address>
         <size>0xc4</size>
         <input_file_ref idref="fl-108"/>
      </object_component>
      <object_component id="oc-320">
         <name>.text:_SlDrvCmdOp</name>
         <load_address>0x2000e4e0</load_address>
         <run_address>0x2000e4e0</run_address>
         <size>0xc0</size>
         <input_file_ref idref="fl-108"/>
      </object_component>
      <object_component id="oc-575">
         <name>.text:_SlNonOsSemGet</name>
         <load_address>0x2000e5a0</load_address>
         <run_address>0x2000e5a0</run_address>
         <size>0xb0</size>
         <input_file_ref idref="fl-10b"/>
      </object_component>
      <object_component id="oc-5e9">
         <name>.text:IntDisable</name>
         <load_address>0x2000e650</load_address>
         <run_address>0x2000e650</run_address>
         <size>0xa8</size>
         <input_file_ref idref="fl-100"/>
      </object_component>
      <object_component id="oc-1a9">
         <name>.text:IntEnable</name>
         <load_address>0x2000e6f8</load_address>
         <run_address>0x2000e6f8</run_address>
         <size>0xa8</size>
         <input_file_ref idref="fl-100"/>
      </object_component>
      <object_component id="oc-603">
         <name>.text:_SlDriverHandleError</name>
         <load_address>0x2000e7a0</load_address>
         <run_address>0x2000e7a0</run_address>
         <size>0xa4</size>
         <input_file_ref idref="fl-108"/>
      </object_component>
      <object_component id="oc-592">
         <name>.text:SPIConfigSetExpClk</name>
         <load_address>0x2000e844</load_address>
         <run_address>0x2000e844</run_address>
         <size>0xa0</size>
         <input_file_ref idref="fl-113"/>
      </object_component>
      <object_component id="oc-686">
         <name>.text:sl_Recv</name>
         <load_address>0x2000e8e4</load_address>
         <run_address>0x2000e8e4</run_address>
         <size>0xa0</size>
         <input_file_ref idref="fl-10c"/>
      </object_component>
      <object_component id="oc-41">
         <name>.text</name>
         <load_address>0x2000e984</load_address>
         <run_address>0x2000e984</run_address>
         <size>0x9c</size>
         <input_file_ref idref="fl-dc"/>
      </object_component>
      <object_component id="oc-928">
         <name>.text:_SlDrvDeviceEventHandler</name>
         <load_address>0x2000ea20</load_address>
         <run_address>0x2000ea20</run_address>
         <size>0x9a</size>
         <input_file_ref idref="fl-107"/>
      </object_component>
      <object_component id="oc-115">
         <name>.text:sl_NetCfgSet</name>
         <load_address>0x2000eabc</load_address>
         <run_address>0x2000eabc</run_address>
         <size>0x98</size>
         <input_file_ref idref="fl-10a"/>
      </object_component>
      <object_component id="oc-3a2">
         <name>.text:sl_SetSockOpt</name>
         <load_address>0x2000eb54</load_address>
         <run_address>0x2000eb54</run_address>
         <size>0x98</size>
         <input_file_ref idref="fl-10c"/>
      </object_component>
      <object_component id="oc-11b">
         <name>.text:sl_WlanSet</name>
         <load_address>0x2000ebec</load_address>
         <run_address>0x2000ebec</run_address>
         <size>0x98</size>
         <input_file_ref idref="fl-10d"/>
      </object_component>
      <object_component id="oc-7dd">
         <name>.text:spi_Write</name>
         <load_address>0x2000ec84</load_address>
         <run_address>0x2000ec84</run_address>
         <size>0x98</size>
         <input_file_ref idref="fl-10e"/>
      </object_component>
      <object_component id="oc-278">
         <name>.text:PRCMPeripheralClockGet</name>
         <load_address>0x2000ed1c</load_address>
         <run_address>0x2000ed1c</run_address>
         <size>0x94</size>
         <input_file_ref idref="fl-102"/>
      </object_component>
      <object_component id="oc-20f">
         <name>.text</name>
         <load_address>0x2000edb0</load_address>
         <run_address>0x2000edb0</run_address>
         <size>0x94</size>
         <input_file_ref idref="fl-e3"/>
      </object_component>
      <object_component id="oc-526">
         <name>.text</name>
         <load_address>0x2000ee44</load_address>
         <run_address>0x2000ee44</run_address>
         <size>0x92</size>
         <input_file_ref idref="fl-d7"/>
      </object_component>
      <object_component id="oc-930">
         <name>.text:_sl_HandleAsync_DnsGetHostByName</name>
         <load_address>0x2000eed8</load_address>
         <run_address>0x2000eed8</run_address>
         <size>0x90</size>
         <input_file_ref idref="fl-109"/>
      </object_component>
      <object_component id="oc-8de">
         <name>.text:_sl_HandleAsync_PingResponse</name>
         <load_address>0x2000ef68</load_address>
         <run_address>0x2000ef68</run_address>
         <size>0x90</size>
         <input_file_ref idref="fl-109"/>
      </object_component>
      <object_component id="oc-103">
         <name>.text:sl_WlanPolicySet</name>
         <load_address>0x2000eff8</load_address>
         <run_address>0x2000eff8</run_address>
         <size>0x90</size>
         <input_file_ref idref="fl-10d"/>
      </object_component>
      <object_component id="oc-8e5">
         <name>.text:SetupDMAReceive</name>
         <load_address>0x2000f088</load_address>
         <run_address>0x2000f088</run_address>
         <size>0x8c</size>
         <input_file_ref idref="fl-10e"/>
      </object_component>
      <object_component id="oc-87f">
         <name>.text:SetupDMASend</name>
         <load_address>0x2000f114</load_address>
         <run_address>0x2000f114</run_address>
         <size>0x8c</size>
         <input_file_ref idref="fl-10e"/>
      </object_component>
      <object_component id="oc-77f">
         <name>.text:_SlDrvIsTimeoutExpired</name>
         <load_address>0x2000f1a0</load_address>
         <run_address>0x2000f1a0</run_address>
         <size>0x8c</size>
         <input_file_ref idref="fl-108"/>
      </object_component>
      <object_component id="oc-989">
         <name>.text:_sl_HandleAsync_InitComplete</name>
         <load_address>0x2000f22c</load_address>
         <run_address>0x2000f22c</run_address>
         <size>0x8c</size>
         <input_file_ref idref="fl-107"/>
      </object_component>
      <object_component id="oc-3b1">
         <name>.text:sl_Socket</name>
         <load_address>0x2000f2b8</load_address>
         <run_address>0x2000f2b8</run_address>
         <size>0x8c</size>
         <input_file_ref idref="fl-10c"/>
      </object_component>
      <object_component id="oc-532">
         <name>.text:PinConfigSet</name>
         <load_address>0x2000f344</load_address>
         <run_address>0x2000f344</run_address>
         <size>0x88</size>
         <input_file_ref idref="fl-101"/>
      </object_component>
      <object_component id="oc-284">
         <name>.text</name>
         <load_address>0x2000f3cc</load_address>
         <run_address>0x2000f3cc</run_address>
         <size>0x88</size>
         <input_file_ref idref="fl-ed"/>
      </object_component>
      <object_component id="oc-49f">
         <name>.text:__aeabi_cdcmple</name>
         <load_address>0x2000f454</load_address>
         <run_address>0x2000f454</run_address>
         <size>0x86</size>
         <input_file_ref idref="fl-d2"/>
      </object_component>
      <object_component id="oc-4a4">
         <name>.text:__aeabi_cdrcmple</name>
         <load_address>0x2000f4da</load_address>
         <run_address>0x2000f4da</run_address>
         <size>0x86</size>
         <input_file_ref idref="fl-d2"/>
      </object_component>
      <object_component id="oc-50f">
         <name>.text:I2CMasterInitExpClk</name>
         <load_address>0x2000f560</load_address>
         <run_address>0x2000f560</run_address>
         <size>0x84</size>
         <input_file_ref idref="fl-ff"/>
      </object_component>
      <object_component id="oc-12a">
         <name>.text:sl_WlanRxFilterSet</name>
         <load_address>0x2000f5e4</load_address>
         <run_address>0x2000f5e4</run_address>
         <size>0x84</size>
         <input_file_ref idref="fl-10d"/>
      </object_component>
      <object_component id="oc-408">
         <name>.text:GPIOIntTypeSet</name>
         <load_address>0x2000f668</load_address>
         <run_address>0x2000f668</run_address>
         <size>0x82</size>
         <input_file_ref idref="fl-fe"/>
      </object_component>
      <object_component id="oc-958">
         <name>.text:_sl_HandleAsync_Connect</name>
         <load_address>0x2000f6ec</load_address>
         <run_address>0x2000f6ec</run_address>
         <size>0x80</size>
         <input_file_ref idref="fl-10c"/>
      </object_component>
      <object_component id="oc-8eb">
         <name>.text:spi_Read_CPU</name>
         <load_address>0x2000f76c</load_address>
         <run_address>0x2000f76c</run_address>
         <size>0x80</size>
         <input_file_ref idref="fl-10e"/>
      </object_component>
      <object_component id="oc-891">
         <name>.text:spi_Write_CPU</name>
         <load_address>0x2000f7ec</load_address>
         <run_address>0x2000f7ec</run_address>
         <size>0x80</size>
         <input_file_ref idref="fl-10e"/>
      </object_component>
      <object_component id="oc-4d">
         <name>.text</name>
         <load_address>0x2000f86c</load_address>
         <run_address>0x2000f86c</run_address>
         <size>0x7a</size>
         <input_file_ref idref="fl-df"/>
      </object_component>
      <object_component id="oc-336">
         <name>.text:spi_Close</name>
         <load_address>0x2000f8e8</load_address>
         <run_address>0x2000f8e8</run_address>
         <size>0x78</size>
         <input_file_ref idref="fl-10e"/>
      </object_component>
      <object_component id="oc-27e">
         <name>.text:UARTConfigSetExpClk</name>
         <load_address>0x2000f960</load_address>
         <run_address>0x2000f960</run_address>
         <size>0x76</size>
         <input_file_ref idref="fl-103"/>
      </object_component>
      <object_component id="oc-eb">
         <name>.text:_SlNonOsMainLoopTask</name>
         <load_address>0x2000f9d8</load_address>
         <run_address>0x2000f9d8</run_address>
         <size>0x74</size>
         <input_file_ref idref="fl-10b"/>
      </object_component>
      <object_component id="oc-65">
         <name>.text</name>
         <load_address>0x2000fa4c</load_address>
         <run_address>0x2000fa4c</run_address>
         <size>0x70</size>
         <input_file_ref idref="fl-f2"/>
      </object_component>
      <object_component id="oc-52b">
         <name>.text</name>
         <load_address>0x2000fabc</load_address>
         <run_address>0x2000fabc</run_address>
         <size>0x6e</size>
         <input_file_ref idref="fl-d5"/>
      </object_component>
      <object_component id="oc-993">
         <name>.text:_SlDrvCmdSend</name>
         <load_address>0x2000fb2c</load_address>
         <run_address>0x2000fb2c</run_address>
         <size>0x6c</size>
         <input_file_ref idref="fl-108"/>
      </object_component>
      <object_component id="oc-942">
         <name>.text:_sl_NetAppSendTokenValue</name>
         <load_address>0x2000fb98</load_address>
         <run_address>0x2000fb98</run_address>
         <size>0x6c</size>
         <input_file_ref idref="fl-109"/>
      </object_component>
      <object_component id="oc-12">
         <name>.text:decompress:lzss</name>
         <load_address>0x2000fc04</load_address>
         <run_address>0x2000fc04</run_address>
         <size>0x68</size>
         <input_file_ref idref="fl-ca"/>
      </object_component>
      <object_component id="oc-624">
         <name>.text:_SlNonOsSpawn</name>
         <load_address>0x2000fc6c</load_address>
         <run_address>0x2000fc6c</run_address>
         <size>0x64</size>
         <input_file_ref idref="fl-10b"/>
      </object_component>
      <object_component id="oc-952">
         <name>.text:_sl_HandleAsync_Accept</name>
         <load_address>0x2000fcd0</load_address>
         <run_address>0x2000fcd0</run_address>
         <size>0x64</size>
         <input_file_ref idref="fl-10c"/>
      </object_component>
      <object_component id="oc-121">
         <name>.text:sl_NetAppMDNSUnRegisterService</name>
         <load_address>0x2000fd34</load_address>
         <run_address>0x2000fd34</run_address>
         <size>0x64</size>
         <input_file_ref idref="fl-109"/>
      </object_component>
      <object_component id="oc-796">
         <name>.text:uDMAChannelAttributeDisable</name>
         <load_address>0x2000fd98</load_address>
         <run_address>0x2000fd98</run_address>
         <size>0x64</size>
         <input_file_ref idref="fl-115"/>
      </object_component>
      <object_component id="oc-972">
         <name>.text:uDMAChannelAttributeEnable</name>
         <load_address>0x2000fdfc</load_address>
         <run_address>0x2000fdfc</run_address>
         <size>0x64</size>
         <input_file_ref idref="fl-115"/>
      </object_component>
      <object_component id="oc-167">
         <name>.text</name>
         <load_address>0x2000fe60</load_address>
         <run_address>0x2000fe60</run_address>
         <size>0x60</size>
         <input_file_ref idref="fl-e4"/>
      </object_component>
      <object_component id="oc-3bd">
         <name>.text:sl_Close</name>
         <load_address>0x2000fec0</load_address>
         <run_address>0x2000fec0</run_address>
         <size>0x60</size>
         <input_file_ref idref="fl-10c"/>
      </object_component>
      <object_component id="oc-109">
         <name>.text:sl_WlanProfileDel</name>
         <load_address>0x2000ff20</load_address>
         <run_address>0x2000ff20</run_address>
         <size>0x60</size>
         <input_file_ref idref="fl-10d"/>
      </object_component>
      <object_component id="oc-f1">
         <name>.text:sl_WlanSetMode</name>
         <load_address>0x2000ff80</load_address>
         <run_address>0x2000ff80</run_address>
         <size>0x60</size>
         <input_file_ref idref="fl-10d"/>
      </object_component>
      <object_component id="oc-6e5">
         <name>.text</name>
         <load_address>0x2000ffe0</load_address>
         <run_address>0x2000ffe0</run_address>
         <size>0x5c</size>
         <input_file_ref idref="fl-f9"/>
      </object_component>
      <object_component id="oc-5f5">
         <name>.text:IntPendClear</name>
         <load_address>0x2001003c</load_address>
         <run_address>0x2001003c</run_address>
         <size>0x58</size>
         <input_file_ref idref="fl-100"/>
      </object_component>
      <object_component id="oc-482">
         <name>.text:PRCMPeripheralReset</name>
         <load_address>0x20010094</load_address>
         <run_address>0x20010094</run_address>
         <size>0x58</size>
         <input_file_ref idref="fl-102"/>
      </object_component>
      <object_component id="oc-5bc">
         <name>.text:IntPrioritySet</name>
         <load_address>0x200100ec</load_address>
         <run_address>0x200100ec</run_address>
         <size>0x54</size>
         <input_file_ref idref="fl-100"/>
      </object_component>
      <object_component id="oc-309">
         <name>.text:_SlDrvRxIrqHandler</name>
         <load_address>0x20010140</load_address>
         <run_address>0x20010140</run_address>
         <size>0x54</size>
         <input_file_ref idref="fl-108"/>
      </object_component>
      <object_component id="oc-95e">
         <name>.text:_sl_HandleAsync_Select</name>
         <load_address>0x20010194</load_address>
         <run_address>0x20010194</run_address>
         <size>0x54</size>
         <input_file_ref idref="fl-10c"/>
      </object_component>
      <object_component id="oc-71">
         <name>.text</name>
         <load_address>0x200101e8</load_address>
         <run_address>0x200101e8</run_address>
         <size>0x54</size>
         <input_file_ref idref="fl-d0"/>
      </object_component>
      <object_component id="oc-6df">
         <name>.text</name>
         <load_address>0x2001023c</load_address>
         <run_address>0x2001023c</run_address>
         <size>0x54</size>
         <input_file_ref idref="fl-f6"/>
      </object_component>
      <object_component id="oc-964">
         <name>.text:_sl_HandleAsync_Stop</name>
         <load_address>0x20010290</load_address>
         <run_address>0x20010290</run_address>
         <size>0x50</size>
         <input_file_ref idref="fl-107"/>
      </object_component>
      <object_component id="oc-5c2">
         <name>.text:SPIIntEnable</name>
         <load_address>0x200102e0</load_address>
         <run_address>0x200102e0</run_address>
         <size>0x4c</size>
         <input_file_ref idref="fl-113"/>
      </object_component>
      <object_component id="oc-7e8">
         <name>.text:SPIIntNumberGet</name>
         <load_address>0x2001032c</load_address>
         <run_address>0x2001032c</run_address>
         <size>0x4c</size>
         <input_file_ref idref="fl-113"/>
      </object_component>
      <object_component id="oc-2d9">
         <name>.text:_SlDrvProtectAsyncRespSetting</name>
         <load_address>0x20010378</load_address>
         <run_address>0x20010378</run_address>
         <size>0x4c</size>
         <input_file_ref idref="fl-108"/>
      </object_component>
      <object_component id="oc-6a9">
         <name>.text:_sl_BuildAddress</name>
         <load_address>0x200103c4</load_address>
         <run_address>0x200103c4</run_address>
         <size>0x4c</size>
         <input_file_ref idref="fl-10c"/>
      </object_component>
      <object_component id="oc-6eb">
         <name>.text</name>
         <load_address>0x20010410</load_address>
         <run_address>0x20010410</run_address>
         <size>0x4c</size>
         <input_file_ref idref="fl-f1"/>
      </object_component>
      <object_component id="oc-9a">
         <name>.text</name>
         <load_address>0x2001045c</load_address>
         <run_address>0x2001045c</run_address>
         <size>0x4c</size>
         <input_file_ref idref="fl-f3"/>
      </object_component>
      <object_component id="oc-790">
         <name>.text:uDMAChannelAssign</name>
         <load_address>0x200104a8</load_address>
         <run_address>0x200104a8</run_address>
         <size>0x4c</size>
         <input_file_ref idref="fl-115"/>
      </object_component>
      <object_component id="oc-708">
         <name>.text:GPIOGetIntNumber</name>
         <load_address>0x200104f4</load_address>
         <run_address>0x200104f4</run_address>
         <size>0x48</size>
         <input_file_ref idref="fl-fe"/>
      </object_component>
      <object_component id="oc-7b6">
         <name>.text:SPIIntClear</name>
         <load_address>0x2001053c</load_address>
         <run_address>0x2001053c</run_address>
         <size>0x48</size>
         <input_file_ref idref="fl-113"/>
      </object_component>
      <object_component id="oc-362">
         <name>.text:_SlDrvBasicCmd</name>
         <load_address>0x20010584</load_address>
         <run_address>0x20010584</run_address>
         <size>0x48</size>
         <input_file_ref idref="fl-108"/>
      </object_component>
      <object_component id="oc-6da">
         <name>.text</name>
         <load_address>0x200105cc</load_address>
         <run_address>0x200105cc</run_address>
         <size>0x48</size>
         <input_file_ref idref="fl-f5"/>
      </object_component>
      <object_component id="oc-521">
         <name>.text</name>
         <load_address>0x20010614</load_address>
         <run_address>0x20010614</run_address>
         <size>0x48</size>
         <input_file_ref idref="fl-db"/>
      </object_component>
      <object_component id="oc-7a5">
         <name>.text:SPIDmaMaskGet</name>
         <load_address>0x2001065c</load_address>
         <run_address>0x2001065c</run_address>
         <size>0x44</size>
         <input_file_ref idref="fl-113"/>
      </object_component>
      <object_component id="oc-908">
         <name>.text:TimerConfigure</name>
         <load_address>0x200106a0</load_address>
         <run_address>0x200106a0</run_address>
         <size>0x44</size>
         <input_file_ref idref="fl-114"/>
      </object_component>
      <object_component id="oc-2f1">
         <name>.text:_SlDrvSyncObjWaitTimeout</name>
         <load_address>0x200106e4</load_address>
         <run_address>0x200106e4</run_address>
         <size>0x44</size>
         <input_file_ref idref="fl-108"/>
      </object_component>
      <object_component id="oc-8f8">
         <name>.text:cc_SetupTransfer</name>
         <load_address>0x20010728</load_address>
         <run_address>0x20010728</run_address>
         <size>0x44</size>
         <input_file_ref idref="fl-10e"/>
      </object_component>
      <object_component id="oc-197">
         <name>.text:sl_Htonl</name>
         <load_address>0x2001076c</load_address>
         <run_address>0x2001076c</run_address>
         <size>0x42</size>
         <input_file_ref idref="fl-10c"/>
      </object_component>
      <object_component id="oc-746">
         <name>.text:PinModeSet</name>
         <load_address>0x200107b0</load_address>
         <run_address>0x200107b0</run_address>
         <size>0x40</size>
         <input_file_ref idref="fl-101"/>
      </object_component>
      <object_component id="oc-7fd">
         <name>.text:_sl_TruncatePayloadByProtocol</name>
         <load_address>0x200107f0</load_address>
         <run_address>0x200107f0</run_address>
         <size>0x40</size>
         <input_file_ref idref="fl-10c"/>
      </object_component>
      <object_component id="oc-24">
         <name>.text</name>
         <load_address>0x20010830</load_address>
         <run_address>0x20010830</run_address>
         <size>0x40</size>
         <input_file_ref idref="fl-c9"/>
      </object_component>
      <object_component id="oc-2e5">
         <name>.text:NwpRegisterInterruptHandler</name>
         <load_address>0x20010870</load_address>
         <run_address>0x20010870</run_address>
         <size>0x3e</size>
         <input_file_ref idref="fl-10e"/>
      </object_component>
      <object_component id="oc-949">
         <name>.text:CopyPingResultsToReport</name>
         <load_address>0x200108ae</load_address>
         <run_address>0x200108ae</run_address>
         <size>0x3c</size>
         <input_file_ref idref="fl-109"/>
      </object_component>
      <object_component id="oc-47c">
         <name>.text:PRCMPeripheralClkEnable</name>
         <load_address>0x200108ec</load_address>
         <run_address>0x200108ec</run_address>
         <size>0x3c</size>
         <input_file_ref idref="fl-102"/>
      </object_component>
      <object_component id="oc-8be">
         <name>.text:simplelink_timerA2_start</name>
         <load_address>0x20010928</load_address>
         <run_address>0x20010928</run_address>
         <size>0x3c</size>
         <input_file_ref idref="fl-10e"/>
      </object_component>
      <object_component id="oc-191">
         <name>.text:sl_Htons</name>
         <load_address>0x20010964</load_address>
         <run_address>0x20010964</run_address>
         <size>0x3c</size>
         <input_file_ref idref="fl-10c"/>
      </object_component>
      <object_component id="oc-96c">
         <name>.text:uDMAChannelControlSet</name>
         <load_address>0x200109a0</load_address>
         <run_address>0x200109a0</run_address>
         <size>0x3c</size>
         <input_file_ref idref="fl-115"/>
      </object_component>
      <object_component id="oc-204">
         <name>.text:ADCChannelEnable</name>
         <load_address>0x200109dc</load_address>
         <run_address>0x200109dc</run_address>
         <size>0x38</size>
         <input_file_ref idref="fl-fd"/>
      </object_component>
      <object_component id="oc-2df">
         <name>.text:NwpPowerOff</name>
         <load_address>0x20010a14</load_address>
         <run_address>0x20010a14</run_address>
         <size>0x38</size>
         <input_file_ref idref="fl-10e"/>
      </object_component>
      <object_component id="oc-20a">
         <name>.text</name>
         <load_address>0x20010a4c</load_address>
         <run_address>0x20010a4c</run_address>
         <size>0x38</size>
         <input_file_ref idref="fl-d8"/>
      </object_component>
      <object_component id="oc-517">
         <name>.text</name>
         <load_address>0x20010a84</load_address>
         <run_address>0x20010a84</run_address>
         <size>0x38</size>
         <input_file_ref idref="fl-da"/>
      </object_component>
      <object_component id="oc-10f">
         <name>.text:sl_WlanDisconnect</name>
         <load_address>0x20010abc</load_address>
         <run_address>0x20010abc</run_address>
         <size>0x38</size>
         <input_file_ref idref="fl-10d"/>
      </object_component>
      <object_component id="oc-4c4">
         <name>.text:GPIODirModeSet</name>
         <load_address>0x20010af4</load_address>
         <run_address>0x20010af4</run_address>
         <size>0x36</size>
         <input_file_ref idref="fl-fe"/>
      </object_component>
      <object_component id="oc-598">
         <name>.text:PRCMPeripheralStatusGet</name>
         <load_address>0x20010b2c</load_address>
         <run_address>0x20010b2c</run_address>
         <size>0x34</size>
         <input_file_ref idref="fl-102"/>
      </object_component>
      <object_component id="oc-5b0">
         <name>.text:SPIFIFOLevelSet</name>
         <load_address>0x20010b60</load_address>
         <run_address>0x20010b60</run_address>
         <size>0x34</size>
         <input_file_ref idref="fl-113"/>
      </object_component>
      <object_component id="oc-17a">
         <name>.text</name>
         <load_address>0x20010b94</load_address>
         <run_address>0x20010b94</run_address>
         <size>0x34</size>
         <input_file_ref idref="fl-ea"/>
      </object_component>
      <object_component id="oc-4be">
         <name>.text:PinTypeGPIO</name>
         <load_address>0x20010bc8</load_address>
         <run_address>0x20010bc8</run_address>
         <size>0x30</size>
         <input_file_ref idref="fl-101"/>
      </object_component>
      <object_component id="oc-553">
         <name>.text:UARTDisable</name>
         <load_address>0x20010bf8</load_address>
         <run_address>0x20010bf8</run_address>
         <size>0x30</size>
         <input_file_ref idref="fl-103"/>
      </object_component>
      <object_component id="oc-497">
         <name>.text</name>
         <load_address>0x20010c28</load_address>
         <run_address>0x20010c28</run_address>
         <size>0x2e</size>
         <input_file_ref idref="fl-d9"/>
      </object_component>
      <object_component id="oc-4f7">
         <name>.text:I2CMasterErr</name>
         <load_address>0x20010c56</load_address>
         <run_address>0x20010c56</run_address>
         <size>0x2c</size>
         <input_file_ref idref="fl-ff"/>
      </object_component>
      <object_component id="oc-2eb">
         <name>.text:NwpPowerOn</name>
         <load_address>0x20010c84</load_address>
         <run_address>0x20010c84</run_address>
         <size>0x2c</size>
         <input_file_ref idref="fl-10e"/>
      </object_component>
      <object_component id="oc-46a">
         <name>.text:PRCMSysResetCauseGet</name>
         <load_address>0x20010cb0</load_address>
         <run_address>0x20010cb0</run_address>
         <size>0x2c</size>
         <input_file_ref idref="fl-102"/>
      </object_component>
      <object_component id="oc-637">
         <name>.text:_SlDrvObjGlobalLockWaitForever</name>
         <load_address>0x20010cdc</load_address>
         <run_address>0x20010cdc</run_address>
         <size>0x2c</size>
         <input_file_ref idref="fl-108"/>
      </object_component>
      <object_component id="oc-440">
         <name>.text:_SlDrvProtectionObjLockWaitForever</name>
         <load_address>0x20010d08</load_address>
         <run_address>0x20010d08</run_address>
         <size>0x2c</size>
         <input_file_ref idref="fl-108"/>
      </object_component>
      <object_component id="oc-146">
         <name>.text</name>
         <load_address>0x20010d34</load_address>
         <run_address>0x20010d34</run_address>
         <size>0x2c</size>
         <input_file_ref idref="fl-e8"/>
      </object_component>
      <object_component id="oc-914">
         <name>.text:TimerLoadSet</name>
         <load_address>0x20010d60</load_address>
         <run_address>0x20010d60</run_address>
         <size>0x2a</size>
         <input_file_ref idref="fl-114"/>
      </object_component>
      <object_component id="oc-90e">
         <name>.text:TimerPrescaleSet</name>
         <load_address>0x20010d8a</load_address>
         <run_address>0x20010d8a</run_address>
         <size>0x2a</size>
         <input_file_ref idref="fl-114"/>
      </object_component>
      <object_component id="oc-488">
         <name>.text:PRCMPeripheralClkDisable</name>
         <load_address>0x20010db4</load_address>
         <run_address>0x20010db4</run_address>
         <size>0x28</size>
         <input_file_ref idref="fl-102"/>
      </object_component>
      <object_component id="oc-63d">
         <name>.text:_SlDrvGlobalObjUnLock</name>
         <load_address>0x20010ddc</load_address>
         <run_address>0x20010ddc</run_address>
         <size>0x28</size>
         <input_file_ref idref="fl-108"/>
      </object_component>
      <object_component id="oc-446">
         <name>.text:_SlDrvProtectionObjUnLock</name>
         <load_address>0x20010e04</load_address>
         <run_address>0x20010e04</run_address>
         <size>0x28</size>
         <input_file_ref idref="fl-108"/>
      </object_component>
      <object_component id="oc-44c">
         <name>.text:_SlDrvSyncObjWaitForever</name>
         <load_address>0x20010e2c</load_address>
         <run_address>0x20010e2c</run_address>
         <size>0x28</size>
         <input_file_ref idref="fl-108"/>
      </object_component>
      <object_component id="oc-89e">
         <name>.text:_SlDrvObjLockWaitForever</name>
         <load_address>0x20010e54</load_address>
         <run_address>0x20010e54</run_address>
         <size>0x26</size>
         <input_file_ref idref="fl-108"/>
      </object_component>
      <object_component id="oc-5d4">
         <name>.text:DmaSpiSwIntHandler</name>
         <load_address>0x20010e7c</load_address>
         <run_address>0x20010e7c</run_address>
         <size>0x24</size>
         <input_file_ref idref="fl-10e"/>
      </object_component>
      <object_component id="oc-5ef">
         <name>.text:IntUnregister</name>
         <load_address>0x20010ea0</load_address>
         <run_address>0x20010ea0</run_address>
         <size>0x24</size>
         <input_file_ref idref="fl-100"/>
      </object_component>
      <object_component id="oc-559">
         <name>.text:UARTEnable</name>
         <load_address>0x20010ec4</load_address>
         <run_address>0x20010ec4</run_address>
         <size>0x24</size>
         <input_file_ref idref="fl-103"/>
      </object_component>
      <object_component id="oc-296">
         <name>.text</name>
         <load_address>0x20010ee8</load_address>
         <run_address>0x20010ee8</run_address>
         <size>0x24</size>
         <input_file_ref idref="fl-dd"/>
      </object_component>
      <object_component id="oc-1f2">
         <name>.text:ADCTimerConfig</name>
         <load_address>0x20010f0c</load_address>
         <run_address>0x20010f0c</run_address>
         <size>0x22</size>
         <input_file_ref idref="fl-fd"/>
      </object_component>
      <object_component id="oc-4fd">
         <name>.text:I2CMasterSlaveAddrSet</name>
         <load_address>0x20010f2e</load_address>
         <run_address>0x20010f2e</run_address>
         <size>0x22</size>
         <input_file_ref idref="fl-ff"/>
      </object_component>
      <object_component id="oc-58c">
         <name>.text:SPIReset</name>
         <load_address>0x20010f50</load_address>
         <run_address>0x20010f50</run_address>
         <size>0x22</size>
         <input_file_ref idref="fl-113"/>
      </object_component>
      <object_component id="oc-88b">
         <name>.text:SPIWordCountSet</name>
         <load_address>0x20010f72</load_address>
         <run_address>0x20010f72</run_address>
         <size>0x22</size>
         <input_file_ref idref="fl-113"/>
      </object_component>
      <object_component id="oc-420">
         <name>.text:GPIOPinWrite</name>
         <load_address>0x20010f94</load_address>
         <run_address>0x20010f94</run_address>
         <size>0x20</size>
         <input_file_ref idref="fl-fe"/>
      </object_component>
      <object_component id="oc-5b6">
         <name>.text:IntRegister</name>
         <load_address>0x20010fb4</load_address>
         <run_address>0x20010fb4</run_address>
         <size>0x20</size>
         <input_file_ref idref="fl-100"/>
      </object_component>
      <object_component id="oc-330">
         <name>.text:NwpPrePowerOffTimout0</name>
         <load_address>0x20010fd4</load_address>
         <run_address>0x20010fd4</run_address>
         <size>0x20</size>
         <input_file_ref idref="fl-10e"/>
      </object_component>
      <object_component id="oc-84e">
         <name>.text:TimerGetCurrentTimestamp</name>
         <load_address>0x20010ff4</load_address>
         <run_address>0x20010ff4</run_address>
         <size>0x20</size>
         <input_file_ref idref="fl-10e"/>
      </object_component>
      <object_component id="oc-8a4">
         <name>.text:_SlDrvObjUnLock</name>
         <load_address>0x20011014</load_address>
         <run_address>0x20011014</run_address>
         <size>0x20</size>
         <input_file_ref idref="fl-108"/>
      </object_component>
      <object_component id="oc-610">
         <name>.text:_SlDrvSyncObjSignal</name>
         <load_address>0x20011034</load_address>
         <run_address>0x20011034</run_address>
         <size>0x20</size>
         <input_file_ref idref="fl-108"/>
      </object_component>
      <object_component id="oc-22d">
         <name>.text</name>
         <load_address>0x20011054</load_address>
         <run_address>0x20011054</run_address>
         <size>0x20</size>
         <input_file_ref idref="fl-ec"/>
      </object_component>
      <object_component id="oc-40e">
         <name>.text:GPIOIntRegister</name>
         <load_address>0x20011074</load_address>
         <run_address>0x20011074</run_address>
         <size>0x1e</size>
         <input_file_ref idref="fl-fe"/>
      </object_component>
      <object_component id="oc-4df">
         <name>.text:I2CMasterIntStatusEx</name>
         <load_address>0x20011092</load_address>
         <run_address>0x20011092</run_address>
         <size>0x1e</size>
         <input_file_ref idref="fl-ff"/>
      </object_component>
      <object_component id="oc-91a">
         <name>.text:TimerEnable</name>
         <load_address>0x200110b0</load_address>
         <run_address>0x200110b0</run_address>
         <size>0x1e</size>
         <input_file_ref idref="fl-114"/>
      </object_component>
      <object_component id="oc-1d9">
         <name>.text:UARTCharPut</name>
         <load_address>0x200110ce</load_address>
         <run_address>0x200110ce</run_address>
         <size>0x1e</size>
         <input_file_ref idref="fl-103"/>
      </object_component>
      <object_component id="oc-59e">
         <name>.text:cc_UDMAChannelSelect</name>
         <load_address>0x200110ec</load_address>
         <run_address>0x200110ec</run_address>
         <size>0x1e</size>
         <input_file_ref idref="fl-10e"/>
      </object_component>
      <object_component id="oc-221">
         <name>.text:ADCFIFOLvlGet</name>
         <load_address>0x2001110a</load_address>
         <run_address>0x2001110a</run_address>
         <size>0x1c</size>
         <input_file_ref idref="fl-fd"/>
      </object_component>
      <object_component id="oc-4d6">
         <name>.text:PinTypeI2C</name>
         <load_address>0x20011126</load_address>
         <run_address>0x20011126</run_address>
         <size>0x1c</size>
         <input_file_ref idref="fl-101"/>
      </object_component>
      <object_component id="oc-8c4">
         <name>.text:TimerValueGet</name>
         <load_address>0x20011142</load_address>
         <run_address>0x20011142</run_address>
         <size>0x1c</size>
         <input_file_ref idref="fl-114"/>
      </object_component>
      <object_component id="oc-290">
         <name>.text:UARTCharGetNonBlocking</name>
         <load_address>0x2001115e</load_address>
         <run_address>0x2001115e</run_address>
         <size>0x1c</size>
         <input_file_ref idref="fl-103"/>
      </object_component>
      <object_component id="oc-779">
         <name>.text:_SlDrvStartMeasureTimeout</name>
         <load_address>0x2001117a</load_address>
         <run_address>0x2001117a</run_address>
         <size>0x1c</size>
         <input_file_ref idref="fl-108"/>
      </object_component>
      <object_component id="oc-6f1">
         <name>.text</name>
         <load_address>0x20011196</load_address>
         <run_address>0x20011196</run_address>
         <size>0x1c</size>
         <input_file_ref idref="fl-f7"/>
      </object_component>
      <object_component id="oc-97e">
         <name>.text:uDMAChannelEnable</name>
         <load_address>0x200111b4</load_address>
         <run_address>0x200111b4</run_address>
         <size>0x1c</size>
         <input_file_ref idref="fl-115"/>
      </object_component>
      <object_component id="oc-41a">
         <name>.text:GPIOIntEnable</name>
         <load_address>0x200111d0</load_address>
         <run_address>0x200111d0</run_address>
         <size>0x1a</size>
         <input_file_ref idref="fl-fe"/>
      </object_component>
      <object_component id="oc-4ca">
         <name>.text:PinTypeSPI</name>
         <load_address>0x200111ea</load_address>
         <run_address>0x200111ea</run_address>
         <size>0x1a</size>
         <input_file_ref idref="fl-101"/>
      </object_component>
      <object_component id="oc-4b8">
         <name>.text:PinTypeTimer</name>
         <load_address>0x20011204</load_address>
         <run_address>0x20011204</run_address>
         <size>0x1a</size>
         <input_file_ref idref="fl-101"/>
      </object_component>
      <object_component id="oc-4d0">
         <name>.text:PinTypeUART</name>
         <load_address>0x2001121e</load_address>
         <run_address>0x2001121e</run_address>
         <size>0x1a</size>
         <input_file_ref idref="fl-101"/>
      </object_component>
      <object_component id="oc-661">
         <name>.text:SPIDmaDisable</name>
         <load_address>0x20011238</load_address>
         <run_address>0x20011238</run_address>
         <size>0x1a</size>
         <input_file_ref idref="fl-113"/>
      </object_component>
      <object_component id="oc-5aa">
         <name>.text:SPIDmaEnable</name>
         <load_address>0x20011252</load_address>
         <run_address>0x20011252</run_address>
         <size>0x1a</size>
         <input_file_ref idref="fl-113"/>
      </object_component>
      <object_component id="oc-65b">
         <name>.text:SPIFIFODisable</name>
         <load_address>0x2001126c</load_address>
         <run_address>0x2001126c</run_address>
         <size>0x1a</size>
         <input_file_ref idref="fl-113"/>
      </object_component>
      <object_component id="oc-5a4">
         <name>.text:SPIFIFOEnable</name>
         <load_address>0x20011286</load_address>
         <run_address>0x20011286</run_address>
         <size>0x1a</size>
         <input_file_ref idref="fl-113"/>
      </object_component>
      <object_component id="oc-655">
         <name>.text:SPIIntUnregister</name>
         <load_address>0x200112a0</load_address>
         <run_address>0x200112a0</run_address>
         <size>0x1a</size>
         <input_file_ref idref="fl-113"/>
      </object_component>
      <object_component id="oc-227">
         <name>.text:ADCFIFORead</name>
         <load_address>0x200112ba</load_address>
         <run_address>0x200112ba</run_address>
         <size>0x18</size>
         <input_file_ref idref="fl-fd"/>
      </object_component>
      <object_component id="oc-426">
         <name>.text:GPIOPinRead</name>
         <load_address>0x200112d2</load_address>
         <run_address>0x200112d2</run_address>
         <size>0x18</size>
         <input_file_ref idref="fl-fe"/>
      </object_component>
      <object_component id="oc-580">
         <name>.text:SPICSDisable</name>
         <load_address>0x200112ea</load_address>
         <run_address>0x200112ea</run_address>
         <size>0x18</size>
         <input_file_ref idref="fl-113"/>
      </object_component>
      <object_component id="oc-885">
         <name>.text:SPICSEnable</name>
         <load_address>0x20011302</load_address>
         <run_address>0x20011302</run_address>
         <size>0x18</size>
         <input_file_ref idref="fl-113"/>
      </object_component>
      <object_component id="oc-586">
         <name>.text:SPIDisable</name>
         <load_address>0x2001131a</load_address>
         <run_address>0x2001131a</run_address>
         <size>0x18</size>
         <input_file_ref idref="fl-113"/>
      </object_component>
      <object_component id="oc-5c8">
         <name>.text:SPIEnable</name>
         <load_address>0x20011332</load_address>
         <run_address>0x20011332</run_address>
         <size>0x18</size>
         <input_file_ref idref="fl-113"/>
      </object_component>
      <object_component id="oc-28a">
         <name>.text:UARTCharsAvail</name>
         <load_address>0x2001134a</load_address>
         <run_address>0x2001134a</run_address>
         <size>0x18</size>
         <input_file_ref idref="fl-103"/>
      </object_component>
      <object_component id="oc-56f">
         <name>.text:_SlNonOsSemSet</name>
         <load_address>0x20011362</load_address>
         <run_address>0x20011362</run_address>
         <size>0x18</size>
         <input_file_ref idref="fl-10b"/>
      </object_component>
      <object_component id="oc-2fd">
         <name>.text:_sl_GetStartResponseConvert</name>
         <load_address>0x2001137c</load_address>
         <run_address>0x2001137c</run_address>
         <size>0x18</size>
         <input_file_ref idref="fl-107"/>
      </object_component>
      <object_component id="oc-6b">
         <name>.text</name>
         <load_address>0x20011394</load_address>
         <run_address>0x20011394</run_address>
         <size>0x18</size>
         <input_file_ref idref="fl-f0"/>
      </object_component>
      <object_component id="oc-399">
         <name>.text</name>
         <load_address>0x200113ac</load_address>
         <run_address>0x200113ac</run_address>
         <size>0x18</size>
         <input_file_ref idref="fl-112"/>
      </object_component>
      <object_component id="oc-1f8">
         <name>.text:ADCTimerEnable</name>
         <load_address>0x200113c4</load_address>
         <run_address>0x200113c4</run_address>
         <size>0x16</size>
         <input_file_ref idref="fl-fd"/>
      </object_component>
      <object_component id="oc-503">
         <name>.text:I2CMasterDataPut</name>
         <load_address>0x200113da</load_address>
         <run_address>0x200113da</run_address>
         <size>0x16</size>
         <input_file_ref idref="fl-ff"/>
      </object_component>
      <object_component id="oc-75a">
         <name>.text:I2CMasterEnable</name>
         <load_address>0x200113f0</load_address>
         <run_address>0x200113f0</run_address>
         <size>0x16</size>
[...]
         <value>0x2000bb91</value>
         <object_component_ref idref="oc-7f3"/>
      </symbol>
      <symbol id="sm-1075">
         <name>_SlDrvDataWriteOp</name>
         <value>0x2000cd9d</value>
         <object_component_ref idref="oc-803"/>
      </symbol>
      <symbol id="sm-1076">
         <name>_SlDrvRxIrqHandler</name>
         <value>0x20010141</value>
         <object_component_ref idref="oc-309"/>
      </symbol>
      <symbol id="sm-1077">
         <name>_SlDrvSyncObjWaitForever</name>
         <value>0x20010e2d</value>
         <object_component_ref idref="oc-44c"/>
      </symbol>
      <symbol id="sm-1078">
         <name>g_SlDeviceStatus</name>
         <value>0x2001c1ac</value>
         <object_component_ref idref="oc-306"/>
      </symbol>
      <symbol id="sm-1079">
         <name>_SlDrvCmdSend</name>
         <value>0x2000fb2d</value>
         <object_component_ref idref="oc-993"/>
      </symbol>
      <symbol id="sm-107a">
         <name>_SlActionLookupTable</name>
         <value>0x20011a14</value>
         <object_component_ref idref="oc-8f2"/>
      </symbol>
      <symbol id="sm-1122">
         <name>sl_NetAppMDNSUnRegisterService</name>
         <value>0x2000fd35</value>
         <object_component_ref idref="oc-121"/>
      </symbol>
      <symbol id="sm-1123">
         <name>_SlNetAppSendTokenValueCmdCtrl</name>
         <value>0x20011c9e</value>
         <object_component_ref idref="oc-999"/>
      </symbol>
      <symbol id="sm-1124">
         <name>sl_NetAppDnsGetHostByName</name>
         <value>0x2000d179</value>
         <object_component_ref idref="oc-18b"/>
      </symbol>
      <symbol id="sm-1125">
         <name>_sl_HandleAsync_DnsGetHostByName</name>
         <value>0x2000eed9</value>
         <object_component_ref idref="oc-930"/>
      </symbol>
      <symbol id="sm-1126">
         <name>_sl_HandleAsync_PingResponse</name>
         <value>0x2000ef69</value>
         <object_component_ref idref="oc-8de"/>
      </symbol>
      <symbol id="sm-1127">
         <name>_SlDrvNetAppEventHandler</name>
         <value>0x2000d76d</value>
         <object_component_ref idref="oc-8d8"/>
      </symbol>
      <symbol id="sm-1128">
         <name>_sl_HandleAsync_DnsGetHostByService</name>
         <value>0x2000e285</value>
         <object_component_ref idref="oc-936"/>
      </symbol>
      <symbol id="sm-1129">
         <name>_sl_NetAppSendTokenValue</name>
         <value>0x2000fb99</value>
         <object_component_ref idref="oc-942"/>
      </symbol>
      <symbol id="sm-112a">
         <name>sl_NetAppMDNSRegisterUnregisterService</name>
         <value>0x2000dff5</value>
         <object_component_ref idref="oc-377"/>
      </symbol>
      <symbol id="sm-114c">
         <name>sl_NetCfgSet</name>
         <value>0x2000eabd</value>
         <object_component_ref idref="oc-115"/>
      </symbol>
      <symbol id="sm-1194">
         <name>_SlNonOsSemSet</name>
         <value>0x20011363</value>
         <object_component_ref idref="oc-56f"/>
      </symbol>
      <symbol id="sm-1195">
         <name>_SlNonOsSpawn</name>
         <value>0x2000fc6d</value>
         <object_component_ref idref="oc-624"/>
      </symbol>
      <symbol id="sm-1196">
         <name>_SlNonOsSemGet</name>
         <value>0x2000e5a1</value>
         <object_component_ref idref="oc-575"/>
      </symbol>
      <symbol id="sm-1197">
         <name>_SlNonOsMainLoopTask</name>
         <value>0x2000f9d9</value>
         <object_component_ref idref="oc-eb"/>
      </symbol>
      <symbol id="sm-1198">
         <name>g__SlNonOsCB</name>
         <value>0x2001c118</value>
         <object_component_ref idref="oc-31b"/>
      </symbol>
      <symbol id="sm-1299">
         <name>sl_Recv</name>
         <value>0x2000e8e5</value>
         <object_component_ref idref="oc-686"/>
      </symbol>
      <symbol id="sm-129a">
         <name>sl_Send</name>
         <value>0x2000d3f5</value>
         <object_component_ref idref="oc-68c"/>
      </symbol>
      <symbol id="sm-129b">
         <name>_sl_HandleAsync_Connect</name>
         <value>0x2000f6ed</value>
         <object_component_ref idref="oc-958"/>
      </symbol>
      <symbol id="sm-129c">
         <name>sl_Htonl</name>
         <value>0x2001076d</value>
         <object_component_ref idref="oc-197"/>
      </symbol>
      <symbol id="sm-129d">
         <name>sl_Htons</name>
         <value>0x20010965</value>
         <object_component_ref idref="oc-191"/>
      </symbol>
      <symbol id="sm-129e">
         <name>sl_Connect</name>
         <value>0x2000c7b9</value>
         <object_component_ref idref="oc-3b7"/>
      </symbol>
      <symbol id="sm-129f">
         <name>sl_Socket</name>
         <value>0x2000f2b9</value>
         <object_component_ref idref="oc-3b1"/>
      </symbol>
      <symbol id="sm-12a0">
         <name>_sl_HandleAsync_Select</name>
         <value>0x20010195</value>
         <object_component_ref idref="oc-95e"/>
      </symbol>
      <symbol id="sm-12a1">
         <name>sl_Close</name>
         <value>0x2000fec1</value>
         <object_component_ref idref="oc-3bd"/>
      </symbol>
      <symbol id="sm-12a2">
         <name>_sl_HandleAsync_Accept</name>
         <value>0x2000fcd1</value>
         <object_component_ref idref="oc-952"/>
      </symbol>
      <symbol id="sm-12a3">
         <name>sl_SetSockOpt</name>
         <value>0x2000eb55</value>
         <object_component_ref idref="oc-3a2"/>
      </symbol>
      <symbol id="sm-135d">
         <name>sl_WlanDisconnect</name>
         <value>0x20010abd</value>
         <object_component_ref idref="oc-10f"/>
      </symbol>
      <symbol id="sm-135e">
         <name>sl_WlanPolicySet</name>
         <value>0x2000eff9</value>
         <object_component_ref idref="oc-103"/>
      </symbol>
      <symbol id="sm-135f">
         <name>sl_WlanProfileDel</name>
         <value>0x2000ff21</value>
         <object_component_ref idref="oc-109"/>
      </symbol>
      <symbol id="sm-1360">
         <name>sl_WlanRxFilterSet</name>
         <value>0x2000f5e5</value>
         <object_component_ref idref="oc-12a"/>
      </symbol>
      <symbol id="sm-1361">
         <name>sl_WlanConnect</name>
         <value>0x2000b4d5</value>
         <object_component_ref idref="oc-13a"/>
      </symbol>
      <symbol id="sm-1362">
         <name>sl_WlanSet</name>
         <value>0x2000ebed</value>
         <object_component_ref idref="oc-11b"/>
      </symbol>
      <symbol id="sm-1363">
         <name>sl_WlanSetMode</name>
         <value>0x2000ff81</value>
         <object_component_ref idref="oc-f1"/>
      </symbol>
      <symbol id="sm-1483">
         <name>g_ucDinDout</name>
         <value>0x2001b82c</value>
      </symbol>
      <symbol id="sm-1484">
         <name>g_cDummy</name>
         <value>0x2001b8c7</value>
      </symbol>
      <symbol id="sm-1485">
         <name>NwpMaskInterrupt</name>
         <value>0x20011595</value>
         <object_component_ref idref="oc-5e2"/>
      </symbol>
      <symbol id="sm-1486">
         <name>NwpPrePowerOffTimout0</name>
         <value>0x20010fd5</value>
         <object_component_ref idref="oc-330"/>
      </symbol>
      <symbol id="sm-1487">
         <name>NwpRegisterInterruptHandler</name>
         <value>0x20010871</value>
         <object_component_ref idref="oc-2e5"/>
      </symbol>
      <symbol id="sm-1488">
         <name>g_pHostIntHdl</name>
         <value>0x2001c1e4</value>
         <object_component_ref idref="oc-5ce"/>
      </symbol>
      <symbol id="sm-1489">
         <name>simplelink_timerA2_start</name>
         <value>0x20010929</value>
         <object_component_ref idref="oc-8be"/>
      </symbol>
      <symbol id="sm-148a">
         <name>NwpUnMaskInterrupt</name>
         <value>0x200115a1</value>
         <object_component_ref idref="oc-5fc"/>
      </symbol>
      <symbol id="sm-148b">
         <name>NwpPowerOff</name>
         <value>0x20010a15</value>
         <object_component_ref idref="oc-2df"/>
      </symbol>
      <symbol id="sm-148c">
         <name>TimerGetCurrentTimestamp</name>
         <value>0x20010ff5</value>
         <object_component_ref idref="oc-84e"/>
      </symbol>
      <symbol id="sm-148d">
         <name>spi_Read</name>
         <value>0x2000db59</value>
         <object_component_ref idref="oc-86e"/>
      </symbol>
      <symbol id="sm-148e">
         <name>DmaSpiSwIntHandler</name>
         <value>0x20010e7d</value>
         <object_component_ref idref="oc-5d4"/>
      </symbol>
      <symbol id="sm-148f">
         <name>NwpPowerOn</name>
         <value>0x20010c85</value>
         <object_component_ref idref="oc-2eb"/>
      </symbol>
      <symbol id="sm-1490">
         <name>spi_Close</name>
         <value>0x2000f8e9</value>
         <object_component_ref idref="oc-336"/>
      </symbol>
      <symbol id="sm-1491">
         <name>spi_Write</name>
         <value>0x2000ec85</value>
         <object_component_ref idref="oc-7dd"/>
      </symbol>
      <symbol id="sm-1492">
         <name>spi_Open</name>
         <value>0x2000ceed</value>
         <object_component_ref idref="oc-2d3"/>
      </symbol>
      <symbol id="sm-1493">
         <name>g_ucDMAEnabled</name>
         <value>0x2001c1e8</value>
         <object_component_ref idref="oc-5ce"/>
      </symbol>
      <symbol id="sm-1494">
         <name>g_SpiFd</name>
         <value>0x2001c1e0</value>
         <object_component_ref idref="oc-5ce"/>
      </symbol>
      <symbol id="sm-15d0">
         <name>HTTPCli_setRequestFields</name>
         <value>0x20008531</value>
         <object_component_ref idref="oc-140"/>
      </symbol>
      <symbol id="sm-15d1">
         <name>HTTPCli_setSecureParams</name>
         <value>0x2000857d</value>
         <object_component_ref idref="oc-140"/>
      </symbol>
      <symbol id="sm-15d2">
         <name>HTTPCli_create</name>
         <value>0x20008465</value>
         <object_component_ref idref="oc-140"/>
      </symbol>
      <symbol id="sm-15d3">
         <name>HTTPCli_construct</name>
         <value>0x2000841d</value>
         <object_component_ref idref="oc-140"/>
      </symbol>
      <symbol id="sm-15d4">
         <name>HTTPCli_getResponseField</name>
         <value>0x20008731</value>
         <object_component_ref idref="oc-140"/>
      </symbol>
      <symbol id="sm-15d5">
         <name>HTTPCli_readRawResponseBody</name>
         <value>0x20008941</value>
         <object_component_ref idref="oc-140"/>
      </symbol>
      <symbol id="sm-15d6">
         <name>HTTPCli_connect</name>
         <value>0x200082fb</value>
         <object_component_ref idref="oc-140"/>
      </symbol>
      <symbol id="sm-15d7">
         <name>HTTPCli_sendRequest</name>
         <value>0x2000859d</value>
         <object_component_ref idref="oc-140"/>
      </symbol>
      <symbol id="sm-15d8">
         <name>HTTPCli_readResponseBody</name>
         <value>0x200088b5</value>
         <object_component_ref idref="oc-140"/>
      </symbol>
      <symbol id="sm-15d9">
         <name>HTTPCli_sendField</name>
         <value>0x2000866b</value>
         <object_component_ref idref="oc-140"/>
      </symbol>
      <symbol id="sm-15da">
         <name>HTTPCli_delete</name>
         <value>0x2000847d</value>
         <object_component_ref idref="oc-140"/>
      </symbol>
      <symbol id="sm-15db">
         <name>HTTPCli_destruct</name>
         <value>0x200084b3</value>
         <object_component_ref idref="oc-140"/>
      </symbol>
      <symbol id="sm-15dc">
         <name>HTTPCli_setProxy</name>
         <value>0x20008981</value>
         <object_component_ref idref="oc-140"/>
      </symbol>
      <symbol id="sm-15dd">
         <name>bufferedRecv</name>
         <value>0x20007a17</value>
         <object_component_ref idref="oc-140"/>
      </symbol>
      <symbol id="sm-15de">
         <name>HTTPCli_initSockAddr</name>
         <value>0x200081ed</value>
         <object_component_ref idref="oc-140"/>
      </symbol>
      <symbol id="sm-15df">
         <name>HTTPCli_getResponseStatus</name>
         <value>0x200086fb</value>
         <object_component_ref idref="oc-140"/>
      </symbol>
      <symbol id="sm-15e0">
         <name>HTTPCli_disconnect</name>
         <value>0x200084fb</value>
         <object_component_ref idref="oc-140"/>
      </symbol>
      <symbol id="sm-15e1">
         <name>HTTPCli_setResponseFields</name>
         <value>0x20008557</value>
         <object_component_ref idref="oc-140"/>
      </symbol>
      <symbol id="sm-15e2">
         <name>HTTPCli_sendRequestBody</name>
         <value>0x200086c3</value>
         <object_component_ref idref="oc-140"/>
      </symbol>
      <symbol id="sm-1617">
         <name>Ssock_startSecure</name>
         <value>0x2000af97</value>
         <object_component_ref idref="oc-393"/>
      </symbol>
      <symbol id="sm-1618">
         <name>Ssock_recv</name>
         <value>0x2000addf</value>
         <object_component_ref idref="oc-393"/>
      </symbol>
      <symbol id="sm-1619">
         <name>Ssock_delete</name>
         <value>0x2000ad57</value>
         <object_component_ref idref="oc-393"/>
      </symbol>
      <symbol id="sm-161a">
         <name>Ssock_send</name>
         <value>0x2000ae7d</value>
         <object_component_ref idref="oc-393"/>
      </symbol>
      <symbol id="sm-161b">
         <name>Ssock_getSocket</name>
         <value>0x2000add1</value>
         <object_component_ref idref="oc-393"/>
      </symbol>
      <symbol id="sm-161c">
         <name>Ssock_recvall</name>
         <value>0x2000ae39</value>
         <object_component_ref idref="oc-393"/>
      </symbol>
      <symbol id="sm-161d">
         <name>Ssock_construct</name>
         <value>0x2000acfd</value>
         <object_component_ref idref="oc-393"/>
      </symbol>
      <symbol id="sm-161e">
         <name>Ssock_create</name>
         <value>0x2000ad3d</value>
         <object_component_ref idref="oc-393"/>
      </symbol>
      <symbol id="sm-161f">
         <name>Ssock_destruct</name>
         <value>0x2000ad7f</value>
         <object_component_ref idref="oc-393"/>
      </symbol>
      <symbol id="sm-167a">
         <name>jsmn_init</name>
         <value>0x2000a01b</value>
         <object_component_ref idref="oc-151"/>
      </symbol>
      <symbol id="sm-167b">
         <name>jsmn_parse</name>
         <value>0x20009d09</value>
         <object_component_ref idref="oc-151"/>
      </symbol>
      <symbol id="sm-168a">
         <name>strcmp</name>
         <value>0x200113ad</value>
         <object_component_ref idref="oc-399"/>
      </symbol>
      <symbol id="sm-1745">
         <name>SPIFIFODisable</name>
         <value>0x2001126d</value>
         <object_component_ref idref="oc-65b"/>
      </symbol>
      <symbol id="sm-1746">
         <name>SPICSEnable</name>
         <value>0x20011303</value>
         <object_component_ref idref="oc-885"/>
      </symbol>
      <symbol id="sm-1747">
         <name>SPIDisable</name>
         <value>0x2001131b</value>
         <object_component_ref idref="oc-586"/>
      </symbol>
      <symbol id="sm-1748">
         <name>SPIFIFOEnable</name>
         <value>0x20011287</value>
         <object_component_ref idref="oc-5a4"/>
      </symbol>
      <symbol id="sm-1749">
         <name>SPIWordCountSet</name>
         <value>0x20010f73</value>
         <object_component_ref idref="oc-88b"/>
      </symbol>
      <symbol id="sm-174a">
         <name>SPIEnable</name>
         <value>0x20011333</value>
         <object_component_ref idref="oc-5c8"/>
      </symbol>
      <symbol id="sm-174b">
         <name>SPIDmaEnable</name>
         <value>0x20011253</value>
         <object_component_ref idref="oc-5aa"/>
      </symbol>
      <symbol id="sm-174c">
         <name>SPIConfigSetExpClk</name>
         <value>0x2000e845</value>
         <object_component_ref idref="oc-592"/>
      </symbol>
      <symbol id="sm-174d">
         <name>SPIIntUnregister</name>
         <value>0x200112a1</value>
         <object_component_ref idref="oc-655"/>
      </symbol>
      <symbol id="sm-174e">
         <name>SPIFIFOLevelSet</name>
         <value>0x20010b61</value>
         <object_component_ref idref="oc-5b0"/>
      </symbol>
      <symbol id="sm-174f">
         <name>SPIDmaDisable</name>
         <value>0x20011239</value>
         <object_component_ref idref="oc-661"/>
      </symbol>
      <symbol id="sm-1750">
         <name>SPIReset</name>
         <value>0x20010f51</value>
         <object_component_ref idref="oc-58c"/>
      </symbol>
      <symbol id="sm-1751">
         <name>SPIIntEnable</name>
         <value>0x200102e1</value>
         <object_component_ref idref="oc-5c2"/>
      </symbol>
      <symbol id="sm-1752">
         <name>SPIIntClear</name>
         <value>0x2001053d</value>
         <object_component_ref idref="oc-7b6"/>
      </symbol>
      <symbol id="sm-1753">
         <name>SPICSDisable</name>
         <value>0x200112eb</value>
         <object_component_ref idref="oc-580"/>
      </symbol>
      <symbol id="sm-1786">
         <name>TimerLoadSet</name>
         <value>0x20010d61</value>
         <object_component_ref idref="oc-914"/>
      </symbol>
      <symbol id="sm-1787">
         <name>TimerEnable</name>
         <value>0x200110b1</value>
         <object_component_ref idref="oc-91a"/>
      </symbol>
      <symbol id="sm-1788">
         <name>TimerValueGet</name>
         <value>0x20011143</value>
         <object_component_ref idref="oc-8c4"/>
      </symbol>
      <symbol id="sm-1789">
         <name>TimerPrescaleSet</name>
         <value>0x20010d8b</value>
         <object_component_ref idref="oc-90e"/>
      </symbol>
      <symbol id="sm-178a">
         <name>TimerConfigure</name>
         <value>0x200106a1</value>
         <object_component_ref idref="oc-908"/>
      </symbol>
      <symbol id="sm-17e1">
         <name>uDMAChannelControlSet</name>
         <value>0x200109a1</value>
         <object_component_ref idref="oc-96c"/>
      </symbol>
      <symbol id="sm-17e2">
         <name>uDMAChannelAttributeEnable</name>
         <value>0x2000fdfd</value>
         <object_component_ref idref="oc-972"/>
      </symbol>
      <symbol id="sm-17e3">
         <name>uDMAChannelTransferSet</name>
         <value>0x2000dc49</value>
         <object_component_ref idref="oc-978"/>
      </symbol>
      <symbol id="sm-17e4">
         <name>uDMAChannelAssign</name>
         <value>0x200104a9</value>
         <object_component_ref idref="oc-790"/>
      </symbol>
      <symbol id="sm-17e5">
         <name>uDMAChannelAttributeDisable</name>
         <value>0x2000fd99</value>
         <object_component_ref idref="oc-796"/>
      </symbol>
      <symbol id="sm-17e6">
         <name>uDMAChannelEnable</name>
         <value>0x200111b5</value>
         <object_component_ref idref="oc-97e"/>
      </symbol>
      <symbol id="sm-17e7">
         <name>__TI_static_base__</name>
         <value>0x20011cd8</value>
      </symbol>
      <symbol id="sm-17ea">
         <name>SHT$$INIT_ARRAY$$Limit</name>
         <value>0x0</value>
      </symbol>
      <symbol id="sm-17eb">
         <name>SHT$$INIT_ARRAY$$Base</name>
         <value>0x0</value>
      </symbol>
   </symbol_table>
   <title>Link successful</title>
</link_info>
