******************************************************************************
                  TI ARM Linker PC v16.9.1                     
******************************************************************************
>> Linked Sat Sep 09 11:06:38 2017

OUTPUT FILE NAME:   <http_client_demo.out>
ENTRY POINT SYMBOL: "_c_int00"  address: 2001001d


MEMORY CONFIGURATION

         name            origin    length      used     unused   attr    fill
----------------------  --------  ---------  --------  --------  ----  --------
  SRAM_CODE             20004000   00013000  0000d3fe  00005c02  RW X
  SRAM_DATA             20017000   00019000  000019ec  00017614  RW X


SEGMENT ALLOCATION MAP

run origin  load origin   length   init length attrs members
----------  ----------- ---------- ----------- ----- -------
20004000    20004000    0000d400   0000d400    r-x
  20004000    20004000    00000400   00000400    r-- .intvecs
  20004400    20004400    0000c8b8   0000c8b8    r-x .text
  20010cb8    20010cb8    000006de   000006de    r-- .const
  20011398    20011398    00000068   00000068    r-- .cinit
20017000    20017000    000011ec   00000000    rw-
  20017000    20017000    000008c8   00000000    rw- .bss
  200178c8    200178c8    00000800   00000000    rw- .sysmem
  200180c8    200180c8    00000124   00000000    rw- .data
2002f800    2002f800    00000800   00000000    rw-
  2002f800    2002f800    00000800   00000000    rw- .stack


SECTION ALLOCATION MAP

 output                                  attributes/
section   page    origin      length       input sections
--------  ----  ----------  ----------   ----------------
.intvecs   0    20004000    00000400     
                  20004000    00000400     startup_ccs.obj (.intvecs)

.init_array 
*          0    20004000    00000000     UNINITIALIZED

.text      0    20004400    0000c8b8     
                  20004400    000023a0     main.obj (.text)
                  200067a0    00001122     rtsv7M4_T_le_eabi.lib : _printfi.obj (.text)
                  200078c2    00000002     driverlib.a : interrupt.obj (.text:IntDefaultHandler)
                  200078c4    00000fc4     webclient.a : httpcli.obj (.text)
                  20008888    000009ac     rtsv7M4_T_le_eabi.lib : e_pow.obj (.text)
                  20009234    000005f0     json.a : jsmn.obj (.text)
                  20009824    00000590     simplelink.a : driver.obj (.text:_SlDrvMsgRead)
                  20009db4    000003d0     rtsv7M4_T_le_eabi.lib : memory.obj (.text)
                  2000a184    0000034c     gpio_if.obj (.text)
                  2000a4d0    000002ea     webclient.a : ssock.obj (.text)
                  2000a7ba    00000002     rtsv7M4_T_le_eabi.lib : mpu_init.obj (.text)
                  2000a7bc    00000284     i2c_if.obj (.text)
                  2000aa40    00000280     uart_if.obj (.text)
                  2000acc0    0000027c     simplelink.a : wlan.obj (.text:sl_WlanConnect)
                  2000af3c    0000024c                  : driver.obj (.text:_SlDrvRxHdrRead)
                  2000b188    000001f4     rtsv7M4_T_le_eabi.lib : ull_div_t2.obj (.text)
                  2000b37c    000001e4     simplelink.a : driver.obj (.text:_SlDrvDataReadOp)
                  2000b560    000001dc     pinmux.obj (.text)
                  2000b73c    000001d0     simplelink.a : driver.obj (.text:_SlDrvReleasePoolObj)
                  2000b90c    000001b6     rtsv7M4_T_le_eabi.lib : fd_add_t2.obj (.text)
                  2000bac2    00000002                           : startup.obj (.text)
                  2000bac4    000001b4     simplelink.a : driver.obj (.text:_SlDrvDriverCBInit)
                  2000bc78    0000019c                  : driver.obj (.text:_SlDrvMsgWrite)
                  2000be14    00000190                  : driver.obj (.text:_SlDrvWaitForPoolObj)
                  2000bfa4    0000018c                  : socket.obj (.text:sl_Connect)
                  2000c130    00000178     driverlib.a : prcm.obj (.text:PRCMCC3200MCUInit)
                  2000c2a8    00000170     simplelink.a : driver.obj (.text:_SlFindAndSetActiveObj)
                  2000c418    00000170     rtsv7M4_T_le_eabi.lib : e_sqrt.obj (.text)
                  2000c588    00000150     simplelink.a : driver.obj (.text:_SlDrvDataWriteOp)
                  2000c6d8    00000148                  : cc_pal.obj (.text:spi_Open)
                  2000c820    00000144                  : driver.obj (.text:_SlDrvMsgReadCmdCtx)
                  2000c964    00000144                  : netapp.obj (.text:sl_NetAppDnsGetHostByName)
                  2000caa8    00000136     rtsv7M4_T_le_eabi.lib : fd_div_t2.obj (.text)
                  2000cbde    00000002     --HOLE-- [fill = 0]
                  2000cbe0    00000134     simplelink.a : socket.obj (.text:sl_Send)
                  2000cd14    00000130                  : driver.obj (.text:_SlDrvDriverCBDeinit)
                  2000ce44    00000114     rtsv7M4_T_le_eabi.lib : strtoul.obj (.text)
                  2000cf58    00000104     simplelink.a : netapp.obj (.text:_SlDrvNetAppEventHandler)
                  2000d05c    000000fc     rtsv7M4_T_le_eabi.lib : fd_mul_t2.obj (.text)
                  2000d158    000000fa                           : fs_add_t2.obj (.text)
                  2000d252    00000002     --HOLE-- [fill = 0]
                  2000d254    000000f0     simplelink.a : device.obj (.text:sl_Stop)
                  2000d344    000000f0                  : cc_pal.obj (.text:spi_Read)
                  2000d434    000000f0     driverlib.a : udma.obj (.text:uDMAChannelTransferSet)
                  2000d524    000000ec     simplelink.a : device.obj (.text:sl_Start)
                  2000d610    000000e8                  : driver.obj (.text:_SlAsyncEventGenericHandler)
                  2000d6f8    000000e8                  : driver.obj (.text:_SlDrvMsgReadSpawnCtx)
                  2000d7e0    000000e4                  : netapp.obj (.text:sl_NetAppMDNSRegisterUnregisterService)
                  2000d8c4    000000dc                  : driver.obj (.text:_SlDrvClassifyRxMsg)
                  2000d9a0    000000d0     rtsv7M4_T_le_eabi.lib : s_scalbn.obj (.text)
                  2000da70    000000cc     simplelink.a : netapp.obj (.text:_sl_HandleAsync_DnsGetHostByService)
                  2000db3c    000000cc                  : device.obj (.text:sl_DevGet)
                  2000dc08    000000c4                  : driver.obj (.text:_SlRemoveFromList)
                  2000dccc    000000c0                  : driver.obj (.text:_SlDrvCmdOp)
                  2000dd8c    000000b0                  : nonos.obj (.text:_SlNonOsSemGet)
                  2000de3c    000000a8     driverlib.a : interrupt.obj (.text:IntDisable)
                  2000dee4    000000a8                 : interrupt.obj (.text:IntEnable)
                  2000df8c    000000a4     simplelink.a : driver.obj (.text:_SlDriverHandleError)
                  2000e030    000000a0     driverlib.a : spi.obj (.text:SPIConfigSetExpClk)
                  2000e0d0    000000a0     simplelink.a : socket.obj (.text:sl_Recv)
                  2000e170    0000009c     rtsv7M4_T_le_eabi.lib : memcpy_t2.obj (.text)
                  2000e20c    0000009a     simplelink.a : device.obj (.text:_SlDrvDeviceEventHandler)
                  2000e2a6    00000002     --HOLE-- [fill = 0]
                  2000e2a8    00000098                  : netcfg.obj (.text:sl_NetCfgSet)
                  2000e340    00000098                  : socket.obj (.text:sl_SetSockOpt)
                  2000e3d8    00000098                  : wlan.obj (.text:sl_WlanSet)
                  2000e470    00000098                  : cc_pal.obj (.text:spi_Write)
                  2000e508    00000094     driverlib.a : prcm.obj (.text:PRCMPeripheralClockGet)
                  2000e59c    00000094     rtsv7M4_T_le_eabi.lib : snprintf.obj (.text)
                  2000e630    00000092                           : fs_div_t2.obj (.text)
                  2000e6c2    00000002     --HOLE-- [fill = 0]
                  2000e6c4    00000090     simplelink.a : netapp.obj (.text:_sl_HandleAsync_DnsGetHostByName)
                  2000e754    00000090                  : netapp.obj (.text:_sl_HandleAsync_PingResponse)
                  2000e7e4    00000090                  : wlan.obj (.text:sl_WlanPolicySet)
                  2000e874    0000008c                  : cc_pal.obj (.text:SetupDMAReceive)
                  2000e900    0000008c                  : cc_pal.obj (.text:SetupDMASend)
                  2000e98c    0000008c                  : driver.obj (.text:_SlDrvIsTimeoutExpired)
                  2000ea18    0000008c                  : device.obj (.text:_sl_HandleAsync_InitComplete)
                  2000eaa4    0000008c                  : socket.obj (.text:sl_Socket)
                  2000eb30    00000088     driverlib.a : pin.obj (.text:PinConfigSet)
                  2000ebb8    00000088     rtsv7M4_T_le_eabi.lib : vsnprintf.obj (.text)
                  2000ec40    00000086                           : fd_cmp_t2.obj (.text:__aeabi_cdcmple)
                  2000ecc6    00000086                           : fd_cmp_t2.obj (.text:__aeabi_cdrcmple)
                  2000ed4c    00000084     driverlib.a : i2c.obj (.text:I2CMasterInitExpClk)
                  2000edd0    00000084     simplelink.a : wlan.obj (.text:sl_WlanRxFilterSet)
                  2000ee54    00000082     driverlib.a : gpio.obj (.text:GPIOIntTypeSet)
                  2000eed6    00000002     --HOLE-- [fill = 0]
                  2000eed8    00000080     simplelink.a : socket.obj (.text:_sl_HandleAsync_Connect)
                  2000ef58    00000080                  : cc_pal.obj (.text:spi_Read_CPU)
                  2000efd8    00000080                  : cc_pal.obj (.text:spi_Write_CPU)
                  2000f058    0000007a     rtsv7M4_T_le_eabi.lib : memset_t2.obj (.text)
                  2000f0d2    00000002     --HOLE-- [fill = 0]
                  2000f0d4    00000078     simplelink.a : cc_pal.obj (.text:spi_Close)
                  2000f14c    00000076     driverlib.a : uart.obj (.text:UARTConfigSetExpClk)
                  2000f1c2    00000002     --HOLE-- [fill = 0]
                  2000f1c4    00000074     simplelink.a : nonos.obj (.text:_SlNonOsMainLoopTask)
                  2000f238    00000070     rtsv7M4_T_le_eabi.lib : autoinit.obj (.text)
                  2000f2a8    0000006e                           : fd_tos_t2.obj (.text)
                  2000f316    00000002     --HOLE-- [fill = 0]
                  2000f318    0000006c     simplelink.a : driver.obj (.text:_SlDrvCmdSend)
                  2000f384    0000006c                  : netapp.obj (.text:_sl_NetAppSendTokenValue)
                  2000f3f0    00000068     rtsv7M4_T_le_eabi.lib : copy_decompress_lzss.obj (.text:decompress:lzss)
                  2000f458    00000064     simplelink.a : nonos.obj (.text:_SlNonOsSpawn)
                  2000f4bc    00000064                  : socket.obj (.text:_sl_HandleAsync_Accept)
                  2000f520    00000064                  : netapp.obj (.text:sl_NetAppMDNSUnRegisterService)
                  2000f584    00000064     driverlib.a : udma.obj (.text:uDMAChannelAttributeDisable)
                  2000f5e8    00000064                 : udma.obj (.text:uDMAChannelAttributeEnable)
                  2000f64c    00000060     rtsv7M4_T_le_eabi.lib : sprintf.obj (.text)
                  2000f6ac    00000060     simplelink.a : socket.obj (.text:sl_Close)
                  2000f70c    00000060                  : wlan.obj (.text:sl_WlanProfileDel)
                  2000f76c    00000060                  : wlan.obj (.text:sl_WlanSetMode)
                  2000f7cc    0000005c     rtsv7M4_T_le_eabi.lib : s_frexp.obj (.text)
                  2000f828    00000058     driverlib.a : interrupt.obj (.text:IntPendClear)
                  2000f880    00000058                 : prcm.obj (.text:PRCMPeripheralReset)
                  2000f8d8    00000054                 : interrupt.obj (.text:IntPrioritySet)
                  2000f92c    00000054     simplelink.a : driver.obj (.text:_SlDrvRxIrqHandler)
                  2000f980    00000054                  : socket.obj (.text:_sl_HandleAsync_Select)
                  2000f9d4    00000054     rtsv7M4_T_le_eabi.lib : exit.obj (.text)
                  2000fa28    00000054                           : ltoa.obj (.text)
                  2000fa7c    00000050     simplelink.a : device.obj (.text:_sl_HandleAsync_Stop)
                  2000facc    0000004c     driverlib.a : spi.obj (.text:SPIIntEnable)
                  2000fb18    0000004c                 : spi.obj (.text:SPIIntNumberGet)
                  2000fb64    0000004c     simplelink.a : driver.obj (.text:_SlDrvProtectAsyncRespSetting)
                  2000fbb0    0000004c                  : socket.obj (.text:_sl_BuildAddress)
                  2000fbfc    0000004c     rtsv7M4_T_le_eabi.lib : atoi.obj (.text)
                  2000fc48    0000004c                           : cpy_tbl.obj (.text)
                  2000fc94    0000004c     driverlib.a : udma.obj (.text:uDMAChannelAssign)
                  2000fce0    00000048                 : gpio.obj (.text:GPIOGetIntNumber)
                  2000fd28    00000048                 : spi.obj (.text:SPIIntClear)
                  2000fd70    00000048     simplelink.a : driver.obj (.text:_SlDrvBasicCmd)
                  2000fdb8    00000048     rtsv7M4_T_le_eabi.lib : fd_toi_t2.obj (.text)
                  2000fe00    00000048                           : ll_tofs_t2.obj (.text)
                  2000fe48    00000044     driverlib.a : spi.obj (.text:SPIDmaMaskGet)
                  2000fe8c    00000044                 : timer.obj (.text:TimerConfigure)
                  2000fed0    00000044     simplelink.a : driver.obj (.text:_SlDrvSyncObjWaitTimeout)
                  2000ff14    00000044                  : cc_pal.obj (.text:cc_SetupTransfer)
                  2000ff58    00000042                  : socket.obj (.text:sl_Htonl)
                  2000ff9a    00000002     --HOLE-- [fill = 0]
                  2000ff9c    00000040     driverlib.a : pin.obj (.text:PinModeSet)
                  2000ffdc    00000040     simplelink.a : socket.obj (.text:_sl_TruncatePayloadByProtocol)
                  2001001c    00000040     rtsv7M4_T_le_eabi.lib : boot.obj (.text)
                  2001005c    0000003e     simplelink.a : cc_pal.obj (.text:NwpRegisterInterruptHandler)
                  2001009a    0000003c                  : netapp.obj (.text:CopyPingResultsToReport)
                  200100d6    00000002     --HOLE-- [fill = 0]
                  200100d8    0000003c     driverlib.a : prcm.obj (.text:PRCMPeripheralClkEnable)
                  20010114    0000003c     simplelink.a : cc_pal.obj (.text:simplelink_timerA2_start)
                  20010150    0000003c                  : socket.obj (.text:sl_Htons)
                  2001018c    0000003c     driverlib.a : udma.obj (.text:uDMAChannelControlSet)
                  200101c8    00000038     simplelink.a : cc_pal.obj (.text:NwpPowerOff)
                  20010200    00000038     rtsv7M4_T_le_eabi.lib : fs_tod_t2.obj (.text)
                  20010238    00000038                           : i_tofs_t2.obj (.text)
                  20010270    00000038     simplelink.a : wlan.obj (.text:sl_WlanDisconnect)
                  200102a8    00000036     driverlib.a : gpio.obj (.text:GPIODirModeSet)
                  200102de    00000002     --HOLE-- [fill = 0]
                  200102e0    00000034                 : prcm.obj (.text:PRCMPeripheralStatusGet)
                  20010314    00000034                 : spi.obj (.text:SPIFIFOLevelSet)
                  20010348    00000030                 : pin.obj (.text:PinTypeGPIO)
                  20010378    00000030                 : uart.obj (.text:UARTDisable)
                  200103a8    0000002e     rtsv7M4_T_le_eabi.lib : i_tofd_t2.obj (.text)
                  200103d6    0000002c     driverlib.a : i2c.obj (.text:I2CMasterErr)
                  20010402    00000002     --HOLE-- [fill = 0]
                  20010404    0000002c     simplelink.a : cc_pal.obj (.text:NwpPowerOn)
                  20010430    0000002c     driverlib.a : prcm.obj (.text:PRCMSysResetCauseGet)
                  2001045c    0000002c     simplelink.a : driver.obj (.text:_SlDrvObjGlobalLockWaitForever)
                  20010488    0000002c                  : driver.obj (.text:_SlDrvProtectionObjLockWaitForever)
                  200104b4    0000002c     rtsv7M4_T_le_eabi.lib : strncmp.obj (.text)
                  200104e0    0000002a     driverlib.a : timer.obj (.text:TimerLoadSet)
                  2001050a    0000002a                 : timer.obj (.text:TimerPrescaleSet)
                  20010534    00000028                 : prcm.obj (.text:PRCMPeripheralClkDisable)
                  2001055c    00000028     simplelink.a : driver.obj (.text:_SlDrvGlobalObjUnLock)
                  20010584    00000028                  : driver.obj (.text:_SlDrvProtectionObjUnLock)
                  200105ac    00000028                  : driver.obj (.text:_SlDrvSyncObjWaitForever)
                  200105d4    00000026                  : driver.obj (.text:_SlDrvObjLockWaitForever)
                  200105fa    00000002     --HOLE-- [fill = 0]
                  200105fc    00000024                  : cc_pal.obj (.text:DmaSpiSwIntHandler)
                  20010620    00000024     driverlib.a : interrupt.obj (.text:IntUnregister)
                  20010644    00000024                 : uart.obj (.text:UARTEnable)
                  20010668    00000024     rtsv7M4_T_le_eabi.lib : memmov.obj (.text)
                  2001068c    00000022     driverlib.a : i2c.obj (.text:I2CMasterSlaveAddrSet)
                  200106ae    00000022                 : spi.obj (.text:SPIReset)
                  200106d0    00000022                 : spi.obj (.text:SPIWordCountSet)
                  200106f2    00000020                 : gpio.obj (.text:GPIOPinWrite)
                  20010712    00000002     --HOLE-- [fill = 0]
                  20010714    00000020                 : interrupt.obj (.text:IntRegister)
                  20010734    00000020     simplelink.a : cc_pal.obj (.text:NwpPrePowerOffTimout0)
                  20010754    00000020                  : cc_pal.obj (.text:TimerGetCurrentTimestamp)
                  20010774    00000020                  : driver.obj (.text:_SlDrvObjUnLock)
                  20010794    00000020                  : driver.obj (.text:_SlDrvSyncObjSignal)
                  200107b4    0000001e     driverlib.a : gpio.obj (.text:GPIOIntRegister)
                  200107d2    0000001e                 : i2c.obj (.text:I2CMasterIntStatusEx)
                  200107f0    0000001e                 : timer.obj (.text:TimerEnable)
                  2001080e    0000001e                 : uart.obj (.text:UARTCharPut)
                  2001082c    0000001e     simplelink.a : cc_pal.obj (.text:cc_UDMAChannelSelect)
                  2001084a    0000001c     driverlib.a : pin.obj (.text:PinTypeI2C)
                  20010866    0000001c                 : timer.obj (.text:TimerValueGet)
                  20010882    0000001c                 : uart.obj (.text:UARTCharGetNonBlocking)
                  2001089e    0000001c     simplelink.a : driver.obj (.text:_SlDrvStartMeasureTimeout)
                  200108ba    0000001c     rtsv7M4_T_le_eabi.lib : memccpy.obj (.text)
                  200108d6    00000002     --HOLE-- [fill = 0]
                  200108d8    0000001c     driverlib.a : udma.obj (.text:uDMAChannelEnable)
                  200108f4    0000001a                 : gpio.obj (.text:GPIOIntEnable)
                  2001090e    0000001a                 : pin.obj (.text:PinTypeSPI)
                  20010928    0000001a                 : pin.obj (.text:PinTypeTimer)
                  20010942    0000001a                 : pin.obj (.text:PinTypeUART)
                  2001095c    0000001a                 : spi.obj (.text:SPIDmaDisable)
                  20010976    0000001a                 : spi.obj (.text:SPIDmaEnable)
                  20010990    0000001a                 : spi.obj (.text:SPIFIFODisable)
                  200109aa    0000001a                 : spi.obj (.text:SPIFIFOEnable)
                  200109c4    0000001a                 : spi.obj (.text:SPIIntUnregister)
                  200109de    00000018                 : gpio.obj (.text:GPIOPinRead)
                  200109f6    00000018                 : spi.obj (.text:SPICSDisable)
                  20010a0e    00000018                 : spi.obj (.text:SPICSEnable)
                  20010a26    00000018                 : spi.obj (.text:SPIDisable)
                  20010a3e    00000018                 : spi.obj (.text:SPIEnable)
                  20010a56    00000018                 : uart.obj (.text:UARTCharsAvail)
                  20010a6e    00000018     simplelink.a : nonos.obj (.text:_SlNonOsSemSet)
                  20010a86    00000002     --HOLE-- [fill = 0]
                  20010a88    00000018                  : device.obj (.text:_sl_GetStartResponseConvert)
                  20010aa0    00000018     rtsv7M4_T_le_eabi.lib : args_main.obj (.text)
                  20010ab8    00000018                           : strcmp.obj (.text)
                  20010ad0    00000016     driverlib.a : i2c.obj (.text:I2CMasterDataPut)
                  20010ae6    00000016                 : i2c.obj (.text:I2CMasterEnable)
                  20010afc    00000016                 : prcm.obj (.text:PRCMHIBRegRead)
                  20010b12    00000016                 : prcm.obj (.text:PRCMHIBRegWrite)
                  20010b28    00000016                 : uart.obj (.text:UARTCharGet)
                  20010b3e    00000016     simplelink.a : driver.obj (.text:_SlDrvMemZero)
                  20010b54    00000016     rtsv7M4_T_le_eabi.lib : strchr.obj (.text)
                  20010b6a    00000014     driverlib.a : cpu.obj (.text:CPUcpsie)
                  20010b7e    00000014                 : gpio.obj (.text:GPIOIntClear)
                  20010b92    00000002     --HOLE-- [fill = 0]
                  20010b94    00000014                 : interrupt.obj (.text:IntVTableBaseSet)
                  20010ba8    00000014                 : pin.obj (.text:PinTypeADC)
                  20010bbc    00000014     rtsv7M4_T_le_eabi.lib : _lock.obj (.text)
                  20010bd0    00000014                           : strcpy.obj (.text)
                  20010be4    00000014                           : strlen.obj (.text)
                  20010bf8    00000012     driverlib.a : i2c.obj (.text:I2CMasterControl)
                  20010c0a    00000012                 : i2c.obj (.text:I2CMasterIntClearEx)
                  20010c1c    00000012                 : i2c.obj (.text:I2CMasterTimeoutSet)
                  20010c2e    00000010     simplelink.a : driver.obj (.text:_SlDrvDispatchHttpServerEvents)
                  20010c3e    0000000e     driverlib.a : i2c.obj (.text:I2CMasterDataGet)
                  20010c4c    0000000e     simplelink.a : driver.obj (.text:_SlDrvResetCmdExt)
                  20010c5a    0000000e     rtsv7M4_T_le_eabi.lib : copy_decompress_none.obj (.text:decompress:none)
                  20010c68    0000000e     startup_ccs.obj (.text)
                  20010c76    00000002     --HOLE-- [fill = 0]
                  20010c78    0000000c     simplelink.a : cc_pal.obj (.text:NwpMaskInterrupt)
                  20010c84    0000000c                  : cc_pal.obj (.text:NwpUnMaskInterrupt)
                  20010c90    0000000c     rtsv7M4_T_le_eabi.lib : copy_zero_init.obj (.text:decompress:ZI)
                  20010c9c    0000000a     driverlib.a : interrupt.obj (.text:IntMasterEnable)
                  20010ca6    00000008     rtsv7M4_T_le_eabi.lib : s_copysign.obj (.text)
                  20010cae    00000006     driverlib.a : utils.obj (.text:UtilsDelay)
                  20010cb4    00000004     rtsv7M4_T_le_eabi.lib : pre_init.obj (.text)

.const     0    20010cb8    000006de     
                  20010cb8    00000101     rtsv7M4_T_le_eabi.lib : ctype.obj (.const:.string:_ctypes_)
                  20010db9    00000003     --HOLE-- [fill = 0]
                  20010dbc    00000100     driverlib.a : pin.obj (.const:g_ulPinToPadMap)
                  20010ebc    000000d4                 : interrupt.obj (.const:g_pulRegs)
                  20010f90    000000a8                 : prcm.obj (.const:PRCM_PeriphRegsList)
                  20011038    00000080                 : interrupt.obj (.const)
                  200110b8    0000003c     simplelink.a : driver.obj (.const:OpcodeTranslateTable)
                  200110f4    00000038                  : driver.obj (.const:_SlActionLookupTable)
                  2001112c    00000004                  : wlan.obj (.const:$P$T0$1)
                  20011130    00000030     rtsv7M4_T_le_eabi.lib : e_pow.obj (.const:$O1$$)
                  20011160    0000002c     main.obj (.const:$P$T1$2)
                  2001118c    00000024     driverlib.a : spi.obj (.const:g_ppulSPIIntMap)
                  200111b0    00000022     main.obj (.const:.string:$P$T0$1)
                  200111d2    00000002     --HOLE-- [fill = 0]
                  200111d4    00000020     main.obj (.const:$P$T6$7)
                  200111f4    00000020     main.obj (.const:$P$T8$9)
                  20011214    00000020     main.obj (.const:$P$T9$10)
                  20011234    00000020     simplelink.a : driver.obj (.const:RxMsgClassLUT)
                  20011254    00000018     main.obj (.const:$P$T7$8)
                  2001126c    00000018     driverlib.a : spi.obj (.const)
                  20011284    00000014     simplelink.a : driver.obj (.const:$P$T0$1)
                  20011298    00000014                  : nonos.obj (.const:$P$T0$1)
                  200112ac    00000014     main.obj (.const:$P$T2$3)
                  200112c0    00000014     main.obj (.const:.string:$P$T11$12)
                  200112d4    00000012     main.obj (.const:.string:$P$T5$6)
                  200112e6    00000010     simplelink.a : socket.obj (.const:.string:_SlPayloadByProtocolLUT)
                  200112f6    00000002     --HOLE-- [fill = 0]
                  200112f8    00000010     webclient.a : httpcli.obj (.const)
                  20011308    0000000c     main.obj (.const:$P$T4$5)
                  20011314    0000000c     main.obj (.const:.string:$P$T10$11)
                  20011320    0000000c     main.obj (.const:.string:$P$T3$4)
                  2001132c    00000008     webclient.a : httpcli.obj (.const:.string)
                  20011334    00000008     simplelink.a : device.obj (.const:StartResponseLUT)
                  2001133c    00000008                  : driver.obj (.const:g_H2NCnysPattern)
                  20011344    00000008                  : driver.obj (.const:g_H2NSyncPattern)
                  2001134c    00000005     main.obj (.const:.string:$P$T12$13)
                  20011351    00000001     --HOLE-- [fill = 0]
                  20011352    00000004     simplelink.a : socket.obj (.const:$P$T2$3)
                  20011356    00000004                  : device.obj (.const:_SlDeviceGetCmdCtrl)
                  2001135a    00000004                  : netapp.obj (.const:_SlGetHostByNameCtrl)
                  2001135e    00000004                  : netapp.obj (.const:_SlNetAppSendTokenValueCmdCtrl)
                  20011362    00000004                  : netcfg.obj (.const:_SlNetCfgSetCmdCtrl)
                  20011366    00000004                  : wlan.obj (.const:_SlPolicySetCmdCtrl)
                  2001136a    00000004                  : wlan.obj (.const:_SlProfileDelCmdCtrl)
                  2001136e    00000004                  : socket.obj (.const:_SlRecvCmdCtrl)
                  20011372    00000004                  : netapp.obj (.const:_SlRegisterServiceCtrl)
                  20011376    00000004                  : wlan.obj (.const:_SlRxFilterSetCmdCtrl)
                  2001137a    00000004                  : socket.obj (.const:_SlSendCmdCtrl)
                  2001137e    00000004                  : socket.obj (.const:_SlSetSockOptCmdCtrl)
                  20011382    00000004                  : socket.obj (.const:_SlSockCloseCmdCtrl)
                  20011386    00000004                  : socket.obj (.const:_SlSockSocketCmdCtrl)
                  2001138a    00000004                  : device.obj (.const:_SlStopCmdCtrl)
                  2001138e    00000004                  : wlan.obj (.const:_SlWlanCfgSetCmdCtrl)
                  20011392    00000004                  : wlan.obj (.const:_SlWlanSetModeCmdCtrl)

.cinit     0    20011398    00000068     
                  20011398    00000040     (.cinit..data.load) [load image, compression = lzss]
                  200113d8    0000000c     (__TI_handler_table)
                  200113e4    00000004     --HOLE-- [fill = 0]
                  200113e8    00000008     (.cinit..bss.load) [load image, compression = zero_init]
                  200113f0    00000010     (__TI_cinit_table)

.bss       0    20017000    000008c8     UNINITIALIZED
                  20017000    000005b8     (.common:g_buff)
                  200175b8    00000168     simplelink.a : driver.obj (.bss:g_StatMem)
                  20017720    00000064     (.common:buf)
                  20017784    00000054     (.common:cPassword)
                  200177d8    00000054     (.common:cSSID_NAME)
                  2001782c    00000050     (.common:g_ucDinDout)
                  2001787c    00000024     (.common:g_ucConnectionSSID)
                  200178a0    00000010     main.obj (.bss)
                  200178b0    00000008     (.common:g_ucConnectionBSSID)
                  200178b8    00000004     uart_if.obj (.bss)
                  200178bc    00000004     (.common:g_ulDestinationIP)
                  200178c0    00000001     (.common:RxIrqCnt)
                  200178c1    00000001     (.common:cCharacter)
                  200178c2    00000001     (.common:g_bDeviceRestartIsRequired)
                  200178c3    00000001     (.common:g_cDummy)
                  200178c4    00000001     (.common:g_ucLED1Pin)
                  200178c5    00000001     (.common:g_ucLED2Pin)
                  200178c6    00000001     (.common:g_ucLED3Pin)
                  200178c7    00000001     (.common:ucPinValue)

.sysmem    0    200178c8    00000800     UNINITIALIZED
                  200178c8    00000008     rtsv7M4_T_le_eabi.lib : memory.obj (.sysmem)
                  200178d0    000007f8     --HOLE--

.data      0    200180c8    00000124     UNINITIALIZED
                  200180c8    00000048     webclient.a : httpcli.obj (.data:tlsParams)
                  20018110    0000003c     simplelink.a : nonos.obj (.data:g__SlNonOsCB)
                  2001814c    00000004     rtsv7M4_T_le_eabi.lib : errno.obj (.data)
                  20018150    0000002c     main.obj (.data)
                  2001817c    00000014     gpio_if.obj (.data:ulReg)
                  20018190    00000010     webclient.a : httpcli.obj (.data)
                  200181a0    0000000d     simplelink.a : driver.obj (.data)
                  200181ad    00000003     --HOLE--
                  200181b0    0000000c     rtsv7M4_T_le_eabi.lib : exit.obj (.data:$O1$$)
                  200181bc    0000000c                           : memory.obj (.data:$O1$$)
                  200181c8    0000000c     gpio_if.obj (.data)
                  200181d4    00000009     simplelink.a : cc_pal.obj (.data)
                  200181dd    00000003     --HOLE--
                  200181e0    00000008     rtsv7M4_T_le_eabi.lib : _lock.obj (.data:$O1$$)
                  200181e8    00000004                           : stkdepth_vars.obj (.data)

.stack     0    2002f800    00000800     UNINITIALIZED
                  2002f800    00000800     --HOLE--

MODULE SUMMARY

       Module                     code    ro data   rw data
       ------                     ----    -------   -------
    .\
       main.obj                   9120    297       1842   
       startup_ccs.obj            14      1024      0      
       gpio_if.obj                844     0         35     
       i2c_if.obj                 644     0         0      
       uart_if.obj                640     0         4      
       pinmux.obj                 476     0         0      
    +--+--------------------------+-------+---------+---------+
       Total:                     11738   1321      1881   
                                                           
    C:/ti/CC3200SDK_1.3.0/cc3200-sdk/driverlib/ccs/Release/driverlib.a
       prcm.obj                   852     168       0      
       interrupt.obj              608     340       0      
       spi.obj                    798     60        0      
       pin.obj                    374     256       0      
       udma.obj                   604     0         0      
       gpio.obj                   388     0         0      
       i2c.obj                    352     0         0      
       uart.obj                   306     0         0      
       timer.obj                  210     0         0      
       cpu.obj                    20      0         0      
       utils.obj                  6       0         0      
    +--+--------------------------+-------+---------+---------+
       Total:                     4518    824       0      
                                                           
    C:/ti/CC3200SDK_1.3.0/cc3200-sdk/netapps/http/client/ccs/HTTPClientMinLib/webclient.a
       httpcli.obj                4036    24        88     
       ssock.obj                  746     0         0      
    +--+--------------------------+-------+---------+---------+
       Total:                     4782    24        88     
                                                           
    C:/ti/CC3200SDK_1.3.0/cc3200-sdk/netapps/json/ccs/Release/json.a
       jsmn.obj                   1520    0         0      
    +--+--------------------------+-------+---------+---------+
       Total:                     1520    0         0      
                                                           
    C:/ti/CC3200SDK_1.3.0/cc3200-sdk/simplelink/ccs/NON_OS/simplelink.a
       driver.obj                 7714    184       375    
       cc_pal.obj                 1820    0         90     
       socket.obj                 1830    40        0      
       netapp.obj                 1572    12        0      
       wlan.obj                   1312    24        0      
       device.obj                 1078    16        0      
       nonos.obj                  416     20        60     
       netcfg.obj                 152     4         0      
    +--+--------------------------+-------+---------+---------+
       Total:                     15894   300       525    
                                                           
    C:\ti\ccsv7\tools\compiler\ti-cgt-arm_16.9.1.LTS\lib\rtsv7M4_T_le_eabi.lib
       _printfi.obj               4386    0         0      
       e_pow.obj                  2476    48        0      
       memory.obj                 976     0         12     
       ull_div_t2.obj             500     0         0      
       fd_add_t2.obj              438     0         0      
       e_sqrt.obj                 368     0         0      
       fd_div_t2.obj              310     0         0      
       strtoul.obj                276     0         0      
       fd_cmp_t2.obj              268     0         0      
       ctype.obj                  0       257       0      
       fd_mul_t2.obj              252     0         0      
       fs_add_t2.obj              250     0         0      
       s_scalbn.obj               208     0         0      
       memcpy_t2.obj              156     0         0      
       snprintf.obj               148     0         0      
       fs_div_t2.obj              146     0         0      
       vsnprintf.obj              136     0         0      
       memset_t2.obj              122     0         0      
       autoinit.obj               112     0         0      
       fd_tos_t2.obj              110     0         0      
       copy_decompress_lzss.obj   104     0         0      
       exit.obj                   84      0         12     
       sprintf.obj                96      0         0      
       s_frexp.obj                92      0         0      
       ltoa.obj                   84      0         0      
       atoi.obj                   76      0         0      
       cpy_tbl.obj                76      0         0      
       fd_toi_t2.obj              72      0         0      
       ll_tofs_t2.obj             72      0         0      
       boot.obj                   64      0         0      
       fs_tod_t2.obj              56      0         0      
       i_tofs_t2.obj              56      0         0      
       i_tofd_t2.obj              46      0         0      
       strncmp.obj                44      0         0      
       memmov.obj                 36      0         0      
       _lock.obj                  20      0         8      
       memccpy.obj                28      0         0      
       args_main.obj              24      0         0      
       strcmp.obj                 24      0         0      
       strchr.obj                 22      0         0      
       strcpy.obj                 20      0         0      
       strlen.obj                 20      0         0      
       copy_decompress_none.obj   14      0         0      
       copy_zero_init.obj         12      0         0      
       s_copysign.obj             8       0         0      
       errno.obj                  0       0         4      
       pre_init.obj               4       0         0      
       stkdepth_vars.obj          0       0         4      
       mpu_init.obj               2       0         0      
       startup.obj                2       0         0      
    +--+--------------------------+-------+---------+---------+
       Total:                     12896   305       40     
                                                           
       Heap:                      0       0         2048   
       Stack:                     0       0         2048   
       Linker Generated:          0       100       0      
    +--+--------------------------+-------+---------+---------+
       Grand Total:               51348   2874      6630   


LINKER GENERATED COPY TABLES

__TI_cinit_table @ 200113f0 records: 2, size/record: 8, table size: 16
	.data: load addr=20011398, load size=00000040 bytes, run addr=200180c8, run size=00000124 bytes, compression=lzss
	.bss: load addr=200113e8, load size=00000008 bytes, run addr=20017000, run size=000008c8 bytes, compression=zero_init


LINKER GENERATED HANDLER TABLE

__TI_handler_table @ 200113d8 records: 3, size/record: 4, table size: 12
	index: 0, handler: __TI_decompress_lzss
	index: 1, handler: __TI_decompress_none
	index: 2, handler: __TI_zero_init


GLOBAL SYMBOLS: SORTED ALPHABETICALLY BY Name 

address   name                                  
-------   ----                                  
20005c13  AccSample                             
20005a5b  BMA222Close                           
20005a39  BMA222Open                            
20005a65  BMA222Read                            
20005ba1  BMA222ReadNew                         
20005955  BlockRead                             
2000f9d5  C$$EXIT                               
20010b6b  CPUcpsie                              
2000aa81  ClearTerm                             
200105fd  DmaSpiSwIntHandler                    
2000aa8b  Error                                 
200102a9  GPIODirModeSet                        
20010b7f  GPIOIntClear                          
200108f5  GPIOIntEnable                         
200107b5  GPIOIntRegister                       
2000ee55  GPIOIntTypeSet                        
200109df  GPIOPinRead                           
200106f3  GPIOPinWrite                          
2000a409  GPIO_IF_ConfigureNIntEnable           
2000a47f  GPIO_IF_Get                           
2000a3c3  GPIO_IF_GetPortNPin                   
2000a185  GPIO_IF_LedConfigure                  
2000a277  GPIO_IF_LedOff                        
2000a1c3  GPIO_IF_LedOn                         
2000a32b  GPIO_IF_LedStatus                     
2000a395  GPIO_IF_LedToggle                     
2000a445  GPIO_IF_Set                           
2000aac3  GetCmd                                
20005899  GetRegisterValue                      
200081ef  HTTPCli_connect                       
20008311  HTTPCli_construct                     
20008359  HTTPCli_create                        
20008371  HTTPCli_delete                        
200083a7  HTTPCli_destruct                      
200083ef  HTTPCli_disconnect                    
20008625  HTTPCli_getResponseField              
200085ef  HTTPCli_getResponseStatus             
200080e1  HTTPCli_initSockAddr                  
20008835  HTTPCli_readRawResponseBody           
200087a9  HTTPCli_readResponseBody              
2000855f  HTTPCli_sendField                     
20008491  HTTPCli_sendRequest                   
200085b7  HTTPCli_sendRequestBody               
20008875  HTTPCli_setProxy                      
20008425  HTTPCli_setRequestFields              
2000844b  HTTPCli_setResponseFields             
20008471  HTTPCli_setSecureParams               
20010bf9  I2CMasterControl                      
20010c3f  I2CMasterDataGet                      
20010ad1  I2CMasterDataPut                      
20010ae7  I2CMasterEnable                       
200103d7  I2CMasterErr                          
2000ed4d  I2CMasterInitExpClk                   
20010c0b  I2CMasterIntClearEx                   
200107d3  I2CMasterIntStatusEx                  
2001068d  I2CMasterSlaveAddrSet                 
20010c1d  I2CMasterTimeoutSet                   
2000aa2b  I2C_IF_Close                          
2000a9e3  I2C_IF_Open                           
2000a8e1  I2C_IF_Read                           
2000a99d  I2C_IF_ReadFrom                       
2000a831  I2C_IF_Write                          
2000aa41  InitTerm                              
2000de3d  IntDisable                            
2000dee5  IntEnable                             
20010c9d  IntMasterEnable                       
2000f829  IntPendClear                          
2000f8d9  IntPrioritySet                        
20010715  IntRegister                           
20010621  IntUnregister                         
20010b95  IntVTableBaseSet                      
2000aa5f  Message                               
20010c79  NwpMaskInterrupt                      
200101c9  NwpPowerOff                           
20010405  NwpPowerOn                            
20010735  NwpPrePowerOffTimout0                 
2001005d  NwpRegisterInterruptHandler           
20010c85  NwpUnMaskInterrupt                    
200110b8  OpcodeTranslateTable                  
2000c131  PRCMCC3200MCUInit                     
20010afd  PRCMHIBRegRead                        
20010b13  PRCMHIBRegWrite                       
20010535  PRCMPeripheralClkDisable              
200100d9  PRCMPeripheralClkEnable               
2000e509  PRCMPeripheralClockGet                
2000f881  PRCMPeripheralReset                   
200102e1  PRCMPeripheralStatusGet               
20010431  PRCMSysResetCauseGet                  
20004df5  ParseJSONData                         
2000eb31  PinConfigSet                          
2000ff9d  PinModeSet                            
2000b561  PinMuxConfig                          
20010ba9  PinTypeADC                            
20010349  PinTypeGPIO                           
2001084b  PinTypeI2C                            
2001090f  PinTypeSPI                            
20010929  PinTypeTimer                          
20010943  PinTypeUART                           
2000ac01  Report                                
20010c69  ResetISR                              
200178c0  RxIrqCnt                              
UNDEFED   SHT$$INIT_ARRAY$$Base                 
UNDEFED   SHT$$INIT_ARRAY$$Limit                
200109f7  SPICSDisable                          
20010a0f  SPICSEnable                           
2000e031  SPIConfigSetExpClk                    
20010a27  SPIDisable                            
2001095d  SPIDmaDisable                         
20010977  SPIDmaEnable                          
20010a3f  SPIEnable                             
20010991  SPIFIFODisable                        
200109ab  SPIFIFOEnable                         
20010315  SPIFIFOLevelSet                       
2000fd29  SPIIntClear                           
2000facd  SPIIntEnable                          
200109c5  SPIIntUnregister                      
200106af  SPIReset                              
200106d1  SPIWordCountSet                       
20005cab  SetAccAvg                             
20005911  SetRegisterValue                      
200045c9  SimpleLinkGeneralEventHandler         
200045a1  SimpleLinkHttpServerCallback          
20004509  SimpleLinkNetAppEventHandler          
200045df  SimpleLinkSockEventHandler            
20004401  SimpleLinkWlanEventHandler            
2000a4e9  Ssock_construct                       
2000a529  Ssock_create                          
2000a543  Ssock_delete                          
2000a56b  Ssock_destruct                        
2000a5bd  Ssock_getSocket                       
2000a5cb  Ssock_recv                            
2000a625  Ssock_recvall                         
2000a669  Ssock_send                            
2000a783  Ssock_startSecure                     
2000600d  TMP006DrvGetTemp                      
20005d99  TMP006DrvOpen                         
2000fe8d  TimerConfigure                        
200107f1  TimerEnable                           
20010755  TimerGetCurrentTimestamp              
200104e1  TimerLoadSet                          
2001050b  TimerPrescaleSet                      
20010867  TimerValueGet                         
2000ab69  TrimSpace                             
20010b29  UARTCharGet                           
20010883  UARTCharGetNonBlocking                
2001080f  UARTCharPut                           
20010a57  UARTCharsAvail                        
2000f14d  UARTConfigSetExpClk                   
20010379  UARTDisable                           
20010645  UARTEnable                            
20010caf  UtilsDelay                            
200110f4  _SlActionLookupTable                  
2000df8d  _SlDriverHandleError                  
2000fd71  _SlDrvBasicCmd                        
2000dccd  _SlDrvCmdOp                           
2000f319  _SlDrvCmdSend                         
2000b37d  _SlDrvDataReadOp                      
2000c589  _SlDrvDataWriteOp                     
2000e20d  _SlDrvDeviceEventHandler              
20010c2f  _SlDrvDispatchHttpServerEvents        
2000cd15  _SlDrvDriverCBDeinit                  
2000bac5  _SlDrvDriverCBInit                    
2001055d  _SlDrvGlobalObjUnLock                 
2000e98d  _SlDrvIsTimeoutExpired                
20010b3f  _SlDrvMemZero                         
2000d6f9  _SlDrvMsgReadSpawnCtx                 
2000cf59  _SlDrvNetAppEventHandler              
200105d5  _SlDrvObjLockWaitForever              
20010775  _SlDrvObjUnLock                       
2000fb65  _SlDrvProtectAsyncRespSetting         
20010489  _SlDrvProtectionObjLockWaitForever    
20010585  _SlDrvProtectionObjUnLock             
2000b73d  _SlDrvReleasePoolObj                  
20010c4d  _SlDrvResetCmdExt                     
2000f92d  _SlDrvRxIrqHandler                    
2001089f  _SlDrvStartMeasureTimeout             
20010795  _SlDrvSyncObjSignal                   
200105ad  _SlDrvSyncObjWaitForever              
2000fed1  _SlDrvSyncObjWaitTimeout              
2000be15  _SlDrvWaitForPoolObj                  
2001135e  _SlNetAppSendTokenValueCmdCtrl        
2000f1c5  _SlNonOsMainLoopTask                  
2000dd8d  _SlNonOsSemGet                        
20010a6f  _SlNonOsSemSet                        
2000f459  _SlNonOsSpawn                         
20030000  __STACK_END                           
00000800  __STACK_SIZE                          
00000800  __SYSMEM_SIZE                         
200113f0  __TI_CINIT_Base                       
20011400  __TI_CINIT_Limit                      
200113d8  __TI_Handler_Table_Base               
200113e4  __TI_Handler_Table_Limit              
2000f239  __TI_auto_init                        
200181b0  __TI_cleanup_ptr                      
2000f3f1  __TI_decompress_lzss                  
20010c5b  __TI_decompress_none                  
200181b4  __TI_dtors_ptr                        
200181b8  __TI_enable_exit_profile_output       
ffffffff  __TI_pprof_out_hndl                   
20006fd9  __TI_printfi                          
ffffffff  __TI_prof_data_size                   
ffffffff  __TI_prof_data_start                  
20011398  __TI_static_base__                    
20010c91  __TI_zero_init                        
2000ec41  __aeabi_cdcmpeq                       
2000ec41  __aeabi_cdcmple                       
2000ecc7  __aeabi_cdrcmple                      
2000f2a9  __aeabi_d2f                           
2000fdb9  __aeabi_d2iz                          
2000b917  __aeabi_dadd                          
2000caa9  __aeabi_ddiv                          
2000d05d  __aeabi_dmul                          
2000b90d  __aeabi_dsub                          
20010201  __aeabi_f2d                           
2000d15d  __aeabi_fadd                          
2000e631  __aeabi_fdiv                          
2000d159  __aeabi_fsub                          
200103a9  __aeabi_i2d                           
20010239  __aeabi_i2f                           
2000fe01  __aeabi_l2f                           
2000f059  __aeabi_memclr                        
2000f059  __aeabi_memclr4                       
2000f059  __aeabi_memclr8                       
2000e171  __aeabi_memcpy                        
2000e171  __aeabi_memcpy4                       
2000e171  __aeabi_memcpy8                       
2000f05b  __aeabi_memset                        
2000f05b  __aeabi_memset4                       
2000f05b  __aeabi_memset8                       
2000b189  __aeabi_uldivmod                      
ffffffff  __binit__                             
ffffffff  __c_args__                            
2000a7bb  __mpu_init                            
2002f800  __stack                               
20010aa1  _args_main                            
2001001d  _c_int00                              
20010cb8  _ctypes_                              
200181e0  _lock                                 
20010bcb  _nop                                  
20010bc3  _register_lock                        
20010bbd  _register_unlock                      
2000f4bd  _sl_HandleAsync_Accept                
2000eed9  _sl_HandleAsync_Connect               
2000e6c5  _sl_HandleAsync_DnsGetHostByName      
2000da71  _sl_HandleAsync_DnsGetHostByService   
2000ea19  _sl_HandleAsync_InitComplete          
2000e755  _sl_HandleAsync_PingResponse          
2000f981  _sl_HandleAsync_Select                
2000fa7d  _sl_HandleAsync_Stop                  
2000f385  _sl_NetAppSendTokenValue              
200178c8  _sys_memory                           
2000bac3  _system_post_cinit                    
20010cb5  _system_pre_init                      
200181e4  _unlock                               
2000f9d9  abort                                 
2000fbfd  atoi                                  
ffffffff  binit                                 
20017720  buf                                   
2000790b  bufferedRecv                          
20018170  bytesReceived                         
200178c1  cCharacter                            
20017784  cPassword                             
200177d8  cSSID_NAME                            
2000a155  calloc                                
2000fc49  copy_in                               
20010ca7  copysign                              
20010ca7  copysignl                             
2001814c  errno                                 
2000f9e1  exit                                  
20009e9f  free                                  
2000f7cd  frexp                                 
2000f7cd  frexpl                                
200181a0  g_SlDeviceStatus                      
200181d4  g_SpiFd                               
20018110  g__SlNonOsCB                          
200178c2  g_bDeviceRestartIsRequired            
20017000  g_buff                                
200178c3  g_cDummy                              
20018178  g_iCounter                            
200181a4  g_pCB                                 
200181d8  g_pHostIntHdl                         
20004000  g_pfnVectors                          
200178b0  g_ucConnectionBSSID                   
2001787c  g_ucConnectionSSID                    
200181dc  g_ucDMAEnabled                        
2001782c  g_ucDinDout                           
200178c4  g_ucLED1Pin                           
200178c5  g_ucLED2Pin                           
200178c6  g_ucLED3Pin                           
200181c8  g_uiLED1Port                          
200181cc  g_uiLED2Port                          
200181d0  g_uiLED3Port                          
200178bc  g_ulDestinationIP                     
2001816c  g_ulGatewayIP                         
20018168  g_ulStatus                            
20018174  iStringLength                         
20009807  jsmn_init                             
200094f5  jsmn_parse                            
2000d9a1  ldexp                                 
2000d9a1  ldexpl                                
2000fa29  ltoa                                  
20006175  main                                  
200181e8  main_func_sp                          
20009e35  malloc                                
2000a069  memalign                              
200108bb  memccpy                               
2000e171  memcpy                                
20010669  memmove                               
2000f061  memset                                
20009db5  minit                                 
200181a8  pPingCallBackFunc                     
20008889  pow                                   
20008889  powl                                  
20009f61  realloc                               
2000d9a1  scalbn                                
2000d9a1  scalbnl                               
20010115  simplelink_timerA2_start              
2000f6ad  sl_Close                              
2000bfa5  sl_Connect                            
2000db3d  sl_DevGet                             
2000ff59  sl_Htonl                              
20010151  sl_Htons                              
2000c965  sl_NetAppDnsGetHostByName             
2000d7e1  sl_NetAppMDNSRegisterUnregisterService
2000f521  sl_NetAppMDNSUnRegisterService        
2000e2a9  sl_NetCfgSet                          
2000e0d1  sl_Recv                               
2000cbe1  sl_Send                               
2000e341  sl_SetSockOpt                         
2000eaa5  sl_Socket                             
2000d525  sl_Start                              
2000d255  sl_Stop                               
2000acc1  sl_WlanConnect                        
20010271  sl_WlanDisconnect                     
2000e7e5  sl_WlanPolicySet                      
2000f70d  sl_WlanProfileDel                     
2000edd1  sl_WlanRxFilterSet                    
2000e3d9  sl_WlanSet                            
2000f76d  sl_WlanSetMode                        
2000e59d  snprintf                              
2000f0d5  spi_Close                             
2000c6d9  spi_Open                              
2000d345  spi_Read                              
2000e471  spi_Write                             
2000f64d  sprintf                               
2000c419  sqrt                                  
2000c419  sqrtl                                 
20010b55  strchr                                
20010ab9  strcmp                                
20010bd1  strcpy                                
20010be5  strlen                                
200104b5  strncmp                               
2000ce45  strtoul                               
2000fc95  uDMAChannelAssign                     
2000f585  uDMAChannelAttributeDisable           
2000f5e9  uDMAChannelAttributeEnable            
2001018d  uDMAChannelControlSet                 
200108d9  uDMAChannelEnable                     
2000d435  uDMAChannelTransferSet                
200178c7  ucPinValue                            
2000ebb9  vsnprintf                             


GLOBAL SYMBOLS: SORTED BY Symbol Address 

address   name                                  
-------   ----                                  
00000800  __STACK_SIZE                          
00000800  __SYSMEM_SIZE                         
20004000  g_pfnVectors                          
20004401  SimpleLinkWlanEventHandler            
20004509  SimpleLinkNetAppEventHandler          
200045a1  SimpleLinkHttpServerCallback          
200045c9  SimpleLinkGeneralEventHandler         
200045df  SimpleLinkSockEventHandler            
20004df5  ParseJSONData                         
20005899  GetRegisterValue                      
20005911  SetRegisterValue                      
20005955  BlockRead                             
20005a39  BMA222Open                            
20005a5b  BMA222Close                           
20005a65  BMA222Read                            
20005ba1  BMA222ReadNew                         
20005c13  AccSample                             
20005cab  SetAccAvg                             
20005d99  TMP006DrvOpen                         
2000600d  TMP006DrvGetTemp                      
20006175  main                                  
20006fd9  __TI_printfi                          
2000790b  bufferedRecv                          
200080e1  HTTPCli_initSockAddr                  
200081ef  HTTPCli_connect                       
20008311  HTTPCli_construct                     
20008359  HTTPCli_create                        
20008371  HTTPCli_delete                        
200083a7  HTTPCli_destruct                      
200083ef  HTTPCli_disconnect                    
20008425  HTTPCli_setRequestFields              
2000844b  HTTPCli_setResponseFields             
20008471  HTTPCli_setSecureParams               
20008491  HTTPCli_sendRequest                   
2000855f  HTTPCli_sendField                     
200085b7  HTTPCli_sendRequestBody               
200085ef  HTTPCli_getResponseStatus             
20008625  HTTPCli_getResponseField              
200087a9  HTTPCli_readResponseBody              
20008835  HTTPCli_readRawResponseBody           
20008875  HTTPCli_setProxy                      
20008889  pow                                   
20008889  powl                                  
200094f5  jsmn_parse                            
20009807  jsmn_init                             
20009db5  minit                                 
20009e35  malloc                                
20009e9f  free                                  
20009f61  realloc                               
2000a069  memalign                              
2000a155  calloc                                
2000a185  GPIO_IF_LedConfigure                  
2000a1c3  GPIO_IF_LedOn                         
2000a277  GPIO_IF_LedOff                        
2000a32b  GPIO_IF_LedStatus                     
2000a395  GPIO_IF_LedToggle                     
2000a3c3  GPIO_IF_GetPortNPin                   
2000a409  GPIO_IF_ConfigureNIntEnable           
2000a445  GPIO_IF_Set                           
2000a47f  GPIO_IF_Get                           
2000a4e9  Ssock_construct                       
2000a529  Ssock_create                          
2000a543  Ssock_delete                          
2000a56b  Ssock_destruct                        
2000a5bd  Ssock_getSocket                       
2000a5cb  Ssock_recv                            
2000a625  Ssock_recvall                         
2000a669  Ssock_send                            
2000a783  Ssock_startSecure                     
2000a7bb  __mpu_init                            
2000a831  I2C_IF_Write                          
2000a8e1  I2C_IF_Read                           
2000a99d  I2C_IF_ReadFrom                       
2000a9e3  I2C_IF_Open                           
2000aa2b  I2C_IF_Close                          
2000aa41  InitTerm                              
2000aa5f  Message                               
2000aa81  ClearTerm                             
2000aa8b  Error                                 
2000aac3  GetCmd                                
2000ab69  TrimSpace                             
2000ac01  Report                                
2000acc1  sl_WlanConnect                        
2000b189  __aeabi_uldivmod                      
2000b37d  _SlDrvDataReadOp                      
2000b561  PinMuxConfig                          
2000b73d  _SlDrvReleasePoolObj                  
2000b90d  __aeabi_dsub                          
2000b917  __aeabi_dadd                          
2000bac3  _system_post_cinit                    
2000bac5  _SlDrvDriverCBInit                    
2000be15  _SlDrvWaitForPoolObj                  
2000bfa5  sl_Connect                            
2000c131  PRCMCC3200MCUInit                     
2000c419  sqrt                                  
2000c419  sqrtl                                 
2000c589  _SlDrvDataWriteOp                     
2000c6d9  spi_Open                              
2000c965  sl_NetAppDnsGetHostByName             
2000caa9  __aeabi_ddiv                          
2000cbe1  sl_Send                               
2000cd15  _SlDrvDriverCBDeinit                  
2000ce45  strtoul                               
2000cf59  _SlDrvNetAppEventHandler              
2000d05d  __aeabi_dmul                          
2000d159  __aeabi_fsub                          
2000d15d  __aeabi_fadd                          
2000d255  sl_Stop                               
2000d345  spi_Read                              
2000d435  uDMAChannelTransferSet                
2000d525  sl_Start                              
2000d6f9  _SlDrvMsgReadSpawnCtx                 
2000d7e1  sl_NetAppMDNSRegisterUnregisterService
2000d9a1  ldexp                                 
2000d9a1  ldexpl                                
2000d9a1  scalbn                                
2000d9a1  scalbnl                               
2000da71  _sl_HandleAsync_DnsGetHostByService   
2000db3d  sl_DevGet                             
2000dccd  _SlDrvCmdOp                           
2000dd8d  _SlNonOsSemGet                        
2000de3d  IntDisable                            
2000dee5  IntEnable                             
2000df8d  _SlDriverHandleError                  
2000e031  SPIConfigSetExpClk                    
2000e0d1  sl_Recv                               
2000e171  __aeabi_memcpy                        
2000e171  __aeabi_memcpy4                       
2000e171  __aeabi_memcpy8                       
2000e171  memcpy                                
2000e20d  _SlDrvDeviceEventHandler              
2000e2a9  sl_NetCfgSet                          
2000e341  sl_SetSockOpt                         
2000e3d9  sl_WlanSet                            
2000e471  spi_Write                             
2000e509  PRCMPeripheralClockGet                
2000e59d  snprintf                              
2000e631  __aeabi_fdiv                          
2000e6c5  _sl_HandleAsync_DnsGetHostByName      
2000e755  _sl_HandleAsync_PingResponse          
2000e7e5  sl_WlanPolicySet                      
2000e98d  _SlDrvIsTimeoutExpired                
2000ea19  _sl_HandleAsync_InitComplete          
2000eaa5  sl_Socket                             
2000eb31  PinConfigSet                          
2000ebb9  vsnprintf                             
2000ec41  __aeabi_cdcmpeq                       
2000ec41  __aeabi_cdcmple                       
2000ecc7  __aeabi_cdrcmple                      
2000ed4d  I2CMasterInitExpClk                   
2000edd1  sl_WlanRxFilterSet                    
2000ee55  GPIOIntTypeSet                        
2000eed9  _sl_HandleAsync_Connect               
2000f059  __aeabi_memclr                        
2000f059  __aeabi_memclr4                       
2000f059  __aeabi_memclr8                       
2000f05b  __aeabi_memset                        
2000f05b  __aeabi_memset4                       
2000f05b  __aeabi_memset8                       
2000f061  memset                                
2000f0d5  spi_Close                             
2000f14d  UARTConfigSetExpClk                   
2000f1c5  _SlNonOsMainLoopTask                  
2000f239  __TI_auto_init                        
2000f2a9  __aeabi_d2f                           
2000f319  _SlDrvCmdSend                         
2000f385  _sl_NetAppSendTokenValue              
2000f3f1  __TI_decompress_lzss                  
2000f459  _SlNonOsSpawn                         
2000f4bd  _sl_HandleAsync_Accept                
2000f521  sl_NetAppMDNSUnRegisterService        
2000f585  uDMAChannelAttributeDisable           
2000f5e9  uDMAChannelAttributeEnable            
2000f64d  sprintf                               
2000f6ad  sl_Close                              
2000f70d  sl_WlanProfileDel                     
2000f76d  sl_WlanSetMode                        
2000f7cd  frexp                                 
2000f7cd  frexpl                                
2000f829  IntPendClear                          
2000f881  PRCMPeripheralReset                   
2000f8d9  IntPrioritySet                        
2000f92d  _SlDrvRxIrqHandler                    
2000f981  _sl_HandleAsync_Select                
2000f9d5  C$$EXIT                               
2000f9d9  abort                                 
2000f9e1  exit                                  
2000fa29  ltoa                                  
2000fa7d  _sl_HandleAsync_Stop                  
2000facd  SPIIntEnable                          
2000fb65  _SlDrvProtectAsyncRespSetting         
2000fbfd  atoi                                  
2000fc49  copy_in                               
2000fc95  uDMAChannelAssign                     
2000fd29  SPIIntClear                           
2000fd71  _SlDrvBasicCmd                        
2000fdb9  __aeabi_d2iz                          
2000fe01  __aeabi_l2f                           
2000fe8d  TimerConfigure                        
2000fed1  _SlDrvSyncObjWaitTimeout              
2000ff59  sl_Htonl                              
2000ff9d  PinModeSet                            
2001001d  _c_int00                              
2001005d  NwpRegisterInterruptHandler           
200100d9  PRCMPeripheralClkEnable               
20010115  simplelink_timerA2_start              
20010151  sl_Htons                              
2001018d  uDMAChannelControlSet                 
200101c9  NwpPowerOff                           
20010201  __aeabi_f2d                           
20010239  __aeabi_i2f                           
20010271  sl_WlanDisconnect                     
200102a9  GPIODirModeSet                        
200102e1  PRCMPeripheralStatusGet               
20010315  SPIFIFOLevelSet                       
20010349  PinTypeGPIO                           
20010379  UARTDisable                           
200103a9  __aeabi_i2d                           
200103d7  I2CMasterErr                          
20010405  NwpPowerOn                            
20010431  PRCMSysResetCauseGet                  
20010489  _SlDrvProtectionObjLockWaitForever    
200104b5  strncmp                               
200104e1  TimerLoadSet                          
2001050b  TimerPrescaleSet                      
20010535  PRCMPeripheralClkDisable              
2001055d  _SlDrvGlobalObjUnLock                 
20010585  _SlDrvProtectionObjUnLock             
200105ad  _SlDrvSyncObjWaitForever              
200105d5  _SlDrvObjLockWaitForever              
200105fd  DmaSpiSwIntHandler                    
20010621  IntUnregister                         
20010645  UARTEnable                            
20010669  memmove                               
2001068d  I2CMasterSlaveAddrSet                 
200106af  SPIReset                              
200106d1  SPIWordCountSet                       
200106f3  GPIOPinWrite                          
20010715  IntRegister                           
20010735  NwpPrePowerOffTimout0                 
20010755  TimerGetCurrentTimestamp              
20010775  _SlDrvObjUnLock                       
20010795  _SlDrvSyncObjSignal                   
200107b5  GPIOIntRegister                       
200107d3  I2CMasterIntStatusEx                  
200107f1  TimerEnable                           
2001080f  UARTCharPut                           
2001084b  PinTypeI2C                            
20010867  TimerValueGet                         
20010883  UARTCharGetNonBlocking                
2001089f  _SlDrvStartMeasureTimeout             
200108bb  memccpy                               
200108d9  uDMAChannelEnable                     
200108f5  GPIOIntEnable                         
2001090f  PinTypeSPI                            
20010929  PinTypeTimer                          
20010943  PinTypeUART                           
2001095d  SPIDmaDisable                         
20010977  SPIDmaEnable                          
20010991  SPIFIFODisable                        
200109ab  SPIFIFOEnable                         
200109c5  SPIIntUnregister                      
200109df  GPIOPinRead                           
200109f7  SPICSDisable                          
20010a0f  SPICSEnable                           
20010a27  SPIDisable                            
20010a3f  SPIEnable                             
20010a57  UARTCharsAvail                        
20010a6f  _SlNonOsSemSet                        
20010aa1  _args_main                            
20010ab9  strcmp                                
20010ad1  I2CMasterDataPut                      
20010ae7  I2CMasterEnable                       
20010afd  PRCMHIBRegRead                        
20010b13  PRCMHIBRegWrite                       
20010b29  UARTCharGet                           
20010b3f  _SlDrvMemZero                         
20010b55  strchr                                
20010b6b  CPUcpsie                              
20010b7f  GPIOIntClear                          
20010b95  IntVTableBaseSet                      
20010ba9  PinTypeADC                            
20010bbd  _register_unlock                      
20010bc3  _register_lock                        
20010bcb  _nop                                  
20010bd1  strcpy                                
20010be5  strlen                                
20010bf9  I2CMasterControl                      
20010c0b  I2CMasterIntClearEx                   
20010c1d  I2CMasterTimeoutSet                   
20010c2f  _SlDrvDispatchHttpServerEvents        
20010c3f  I2CMasterDataGet                      
20010c4d  _SlDrvResetCmdExt                     
20010c5b  __TI_decompress_none                  
20010c69  ResetISR                              
20010c79  NwpMaskInterrupt                      
20010c85  NwpUnMaskInterrupt                    
20010c91  __TI_zero_init                        
20010c9d  IntMasterEnable                       
20010ca7  copysign                              
20010ca7  copysignl                             
20010caf  UtilsDelay                            
20010cb5  _system_pre_init                      
20010cb8  _ctypes_                              
200110b8  OpcodeTranslateTable                  
200110f4  _SlActionLookupTable                  
2001135e  _SlNetAppSendTokenValueCmdCtrl        
20011398  __TI_static_base__                    
200113d8  __TI_Handler_Table_Base               
200113e4  __TI_Handler_Table_Limit              
200113f0  __TI_CINIT_Base                       
20011400  __TI_CINIT_Limit                      
20017000  g_buff                                
20017720  buf                                   
20017784  cPassword                             
200177d8  cSSID_NAME                            
2001782c  g_ucDinDout                           
2001787c  g_ucConnectionSSID                    
200178b0  g_ucConnectionBSSID                   
200178bc  g_ulDestinationIP                     
200178c0  RxIrqCnt                              
200178c1  cCharacter                            
200178c2  g_bDeviceRestartIsRequired            
200178c3  g_cDummy                              
200178c4  g_ucLED1Pin                           
200178c5  g_ucLED2Pin                           
200178c6  g_ucLED3Pin                           
200178c7  ucPinValue                            
200178c8  _sys_memory                           
20018110  g__SlNonOsCB                          
2001814c  errno                                 
20018168  g_ulStatus                            
2001816c  g_ulGatewayIP                         
20018170  bytesReceived                         
20018174  iStringLength                         
20018178  g_iCounter                            
200181a0  g_SlDeviceStatus                      
200181a4  g_pCB                                 
200181a8  pPingCallBackFunc                     
200181b0  __TI_cleanup_ptr                      
200181b4  __TI_dtors_ptr                        
200181b8  __TI_enable_exit_profile_output       
200181c8  g_uiLED1Port                          
200181cc  g_uiLED2Port                          
200181d0  g_uiLED3Port                          
200181d4  g_SpiFd                               
200181d8  g_pHostIntHdl                         
200181dc  g_ucDMAEnabled                        
200181e0  _lock                                 
200181e4  _unlock                               
200181e8  main_func_sp                          
2002f800  __stack                               
20030000  __STACK_END                           
ffffffff  __TI_pprof_out_hndl                   
ffffffff  __TI_prof_data_size                   
ffffffff  __TI_prof_data_start                  
ffffffff  __binit__                             
ffffffff  __c_args__                            
ffffffff  binit                                 
UNDEFED   SHT$$INIT_ARRAY$$Base                 
UNDEFED   SHT$$INIT_ARRAY$$Limit                

[361 symbols]
