******************************************************************************
                  TI ARM Linker PC v16.9.1                     
******************************************************************************
>> Linked Mon Oct 30 12:40:35 2017

OUTPUT FILE NAME:   <http_client_demo.out>
ENTRY POINT SYMBOL: "_c_int00"  address: 20010831


MEMORY CONFIGURATION

         name            origin    length      used     unused   attr    fill
----------------------  --------  ---------  --------  --------  ----  --------
  SRAM_CODE             20004000   00013000  0000dd3a  000052c6  RW X
  SRAM_DATA             20017000   00019000  000059f5  0001360b  RW X


SEGMENT ALLOCATION MAP

run origin  load origin   length   init length attrs members
----------  ----------- ---------- ----------- ----- -------
20004000    20004000    0000dd40   0000dd40    r-x
  20004000    20004000    00000400   00000400    r-- .intvecs
  20004400    20004400    0000d1d4   0000d1d4    r-x .text
  200115d8    200115d8    000006fe   000006fe    r-- .const
  20011cd8    20011cd8    00000068   00000068    r-- .cinit
20017000    20017000    000051f8   00000000    rw-
  20017000    20017000    000048cd   00000000    rw- .bss
  2001b8d0    2001b8d0    00000800   00000000    rw- .sysmem
  2001c0d0    2001c0d0    00000128   00000000    rw- .data
2002f800    2002f800    00000800   00000000    rw-
  2002f800    2002f800    00000800   00000000    rw- .stack


SECTION ALLOCATION MAP

 output                                  attributes/
section   page    origin      length       input sections
--------  ----  ----------  ----------   ----------------
.intvecs   0    20004000    00000400     
                  20004000    00000400     startup_ccs.obj (.intvecs)

.init_array 
*          0    20004000    00000000     UNINITIALIZED

.text      0    20004400    0000d1d4     
                  20004400    000024ac     main.obj (.text)
                  200068ac    00001122     rtsv7M4_T_le_eabi.lib : _printfi.obj (.text)
                  200079ce    00000002     driverlib.a : interrupt.obj (.text:IntDefaultHandler)
                  200079d0    00000fc4     webclient.a : httpcli.obj (.text)
                  20008994    000009ac     rtsv7M4_T_le_eabi.lib : e_pow.obj (.text)
                  20009340    00000708     sensors.obj (.text)
                  20009a48    000005f0     json.a : jsmn.obj (.text)
                  2000a038    00000590     simplelink.a : driver.obj (.text:_SlDrvMsgRead)
                  2000a5c8    000003d0     rtsv7M4_T_le_eabi.lib : memory.obj (.text)
                  2000a998    0000034c     gpio_if.obj (.text)
                  2000ace4    000002ea     webclient.a : ssock.obj (.text)
                  2000afce    00000002     rtsv7M4_T_le_eabi.lib : mpu_init.obj (.text)
                  2000afd0    00000284     i2c_if.obj (.text)
                  2000b254    00000280     uart_if.obj (.text)
                  2000b4d4    0000027c     simplelink.a : wlan.obj (.text:sl_WlanConnect)
                  2000b750    0000024c                  : driver.obj (.text:_SlDrvRxHdrRead)
                  2000b99c    000001f4     rtsv7M4_T_le_eabi.lib : ull_div_t2.obj (.text)
                  2000bb90    000001e4     simplelink.a : driver.obj (.text:_SlDrvDataReadOp)
                  2000bd74    000001dc     pinmux.obj (.text)
                  2000bf50    000001d0     simplelink.a : driver.obj (.text:_SlDrvReleasePoolObj)
                  2000c120    000001b6     rtsv7M4_T_le_eabi.lib : fd_add_t2.obj (.text)
                  2000c2d6    00000002                           : startup.obj (.text)
                  2000c2d8    000001b4     simplelink.a : driver.obj (.text:_SlDrvDriverCBInit)
                  2000c48c    0000019c                  : driver.obj (.text:_SlDrvMsgWrite)
                  2000c628    00000190                  : driver.obj (.text:_SlDrvWaitForPoolObj)
                  2000c7b8    0000018c                  : socket.obj (.text:sl_Connect)
                  2000c944    00000178     driverlib.a : prcm.obj (.text:PRCMCC3200MCUInit)
                  2000cabc    00000170     simplelink.a : driver.obj (.text:_SlFindAndSetActiveObj)
                  2000cc2c    00000170     rtsv7M4_T_le_eabi.lib : e_sqrt.obj (.text)
                  2000cd9c    00000150     simplelink.a : driver.obj (.text:_SlDrvDataWriteOp)
                  2000ceec    00000148                  : cc_pal.obj (.text:spi_Open)
                  2000d034    00000144                  : driver.obj (.text:_SlDrvMsgReadCmdCtx)
                  2000d178    00000144                  : netapp.obj (.text:sl_NetAppDnsGetHostByName)
                  2000d2bc    00000136     rtsv7M4_T_le_eabi.lib : fd_div_t2.obj (.text)
                  2000d3f2    00000002     --HOLE-- [fill = 0]
                  2000d3f4    00000134     simplelink.a : socket.obj (.text:sl_Send)
                  2000d528    00000130                  : driver.obj (.text:_SlDrvDriverCBDeinit)
                  2000d658    00000114     rtsv7M4_T_le_eabi.lib : strtoul.obj (.text)
                  2000d76c    00000104     simplelink.a : netapp.obj (.text:_SlDrvNetAppEventHandler)
                  2000d870    000000fc     rtsv7M4_T_le_eabi.lib : fd_mul_t2.obj (.text)
                  2000d96c    000000fa                           : fs_add_t2.obj (.text)
                  2000da66    00000002     --HOLE-- [fill = 0]
                  2000da68    000000f0     simplelink.a : device.obj (.text:sl_Stop)
                  2000db58    000000f0                  : cc_pal.obj (.text:spi_Read)
                  2000dc48    000000f0     driverlib.a : udma.obj (.text:uDMAChannelTransferSet)
                  2000dd38    000000ec     simplelink.a : device.obj (.text:sl_Start)
                  2000de24    000000e8                  : driver.obj (.text:_SlAsyncEventGenericHandler)
                  2000df0c    000000e8                  : driver.obj (.text:_SlDrvMsgReadSpawnCtx)
                  2000dff4    000000e4                  : netapp.obj (.text:sl_NetAppMDNSRegisterUnregisterService)
                  2000e0d8    000000dc                  : driver.obj (.text:_SlDrvClassifyRxMsg)
                  2000e1b4    000000d0     rtsv7M4_T_le_eabi.lib : s_scalbn.obj (.text)
                  2000e284    000000cc     simplelink.a : netapp.obj (.text:_sl_HandleAsync_DnsGetHostByService)
                  2000e350    000000cc                  : device.obj (.text:sl_DevGet)
                  2000e41c    000000c4                  : driver.obj (.text:_SlRemoveFromList)
                  2000e4e0    000000c0                  : driver.obj (.text:_SlDrvCmdOp)
                  2000e5a0    000000b0                  : nonos.obj (.text:_SlNonOsSemGet)
                  2000e650    000000a8     driverlib.a : interrupt.obj (.text:IntDisable)
                  2000e6f8    000000a8                 : interrupt.obj (.text:IntEnable)
                  2000e7a0    000000a4     simplelink.a : driver.obj (.text:_SlDriverHandleError)
                  2000e844    000000a0     driverlib.a : spi.obj (.text:SPIConfigSetExpClk)
                  2000e8e4    000000a0     simplelink.a : socket.obj (.text:sl_Recv)
                  2000e984    0000009c     rtsv7M4_T_le_eabi.lib : memcpy_t2.obj (.text)
                  2000ea20    0000009a     simplelink.a : device.obj (.text:_SlDrvDeviceEventHandler)
                  2000eaba    00000002     --HOLE-- [fill = 0]
                  2000eabc    00000098                  : netcfg.obj (.text:sl_NetCfgSet)
                  2000eb54    00000098                  : socket.obj (.text:sl_SetSockOpt)
                  2000ebec    00000098                  : wlan.obj (.text:sl_WlanSet)
                  2000ec84    00000098                  : cc_pal.obj (.text:spi_Write)
                  2000ed1c    00000094     driverlib.a : prcm.obj (.text:PRCMPeripheralClockGet)
                  2000edb0    00000094     rtsv7M4_T_le_eabi.lib : snprintf.obj (.text)
                  2000ee44    00000092                           : fs_div_t2.obj (.text)
                  2000eed6    00000002     --HOLE-- [fill = 0]
                  2000eed8    00000090     simplelink.a : netapp.obj (.text:_sl_HandleAsync_DnsGetHostByName)
                  2000ef68    00000090                  : netapp.obj (.text:_sl_HandleAsync_PingResponse)
                  2000eff8    00000090                  : wlan.obj (.text:sl_WlanPolicySet)
                  2000f088    0000008c                  : cc_pal.obj (.text:SetupDMAReceive)
                  2000f114    0000008c                  : cc_pal.obj (.text:SetupDMASend)
                  2000f1a0    0000008c                  : driver.obj (.text:_SlDrvIsTimeoutExpired)
                  2000f22c    0000008c                  : device.obj (.text:_sl_HandleAsync_InitComplete)
                  2000f2b8    0000008c                  : socket.obj (.text:sl_Socket)
                  2000f344    00000088     driverlib.a : pin.obj (.text:PinConfigSet)
                  2000f3cc    00000088     rtsv7M4_T_le_eabi.lib : vsnprintf.obj (.text)
                  2000f454    00000086                           : fd_cmp_t2.obj (.text:__aeabi_cdcmple)
                  2000f4da    00000086                           : fd_cmp_t2.obj (.text:__aeabi_cdrcmple)
                  2000f560    00000084     driverlib.a : i2c.obj (.text:I2CMasterInitExpClk)
                  2000f5e4    00000084     simplelink.a : wlan.obj (.text:sl_WlanRxFilterSet)
                  2000f668    00000082     driverlib.a : gpio.obj (.text:GPIOIntTypeSet)
                  2000f6ea    00000002     --HOLE-- [fill = 0]
                  2000f6ec    00000080     simplelink.a : socket.obj (.text:_sl_HandleAsync_Connect)
                  2000f76c    00000080                  : cc_pal.obj (.text:spi_Read_CPU)
                  2000f7ec    00000080                  : cc_pal.obj (.text:spi_Write_CPU)
                  2000f86c    0000007a     rtsv7M4_T_le_eabi.lib : memset_t2.obj (.text)
                  2000f8e6    00000002     --HOLE-- [fill = 0]
                  2000f8e8    00000078     simplelink.a : cc_pal.obj (.text:spi_Close)
                  2000f960    00000076     driverlib.a : uart.obj (.text:UARTConfigSetExpClk)
                  2000f9d6    00000002     --HOLE-- [fill = 0]
                  2000f9d8    00000074     simplelink.a : nonos.obj (.text:_SlNonOsMainLoopTask)
                  2000fa4c    00000070     rtsv7M4_T_le_eabi.lib : autoinit.obj (.text)
                  2000fabc    0000006e                           : fd_tos_t2.obj (.text)
                  2000fb2a    00000002     --HOLE-- [fill = 0]
                  2000fb2c    0000006c     simplelink.a : driver.obj (.text:_SlDrvCmdSend)
                  2000fb98    0000006c                  : netapp.obj (.text:_sl_NetAppSendTokenValue)
                  2000fc04    00000068     rtsv7M4_T_le_eabi.lib : copy_decompress_lzss.obj (.text:decompress:lzss)
                  2000fc6c    00000064     simplelink.a : nonos.obj (.text:_SlNonOsSpawn)
                  2000fcd0    00000064                  : socket.obj (.text:_sl_HandleAsync_Accept)
                  2000fd34    00000064                  : netapp.obj (.text:sl_NetAppMDNSUnRegisterService)
                  2000fd98    00000064     driverlib.a : udma.obj (.text:uDMAChannelAttributeDisable)
                  2000fdfc    00000064                 : udma.obj (.text:uDMAChannelAttributeEnable)
                  2000fe60    00000060     rtsv7M4_T_le_eabi.lib : sprintf.obj (.text)
                  2000fec0    00000060     simplelink.a : socket.obj (.text:sl_Close)
                  2000ff20    00000060                  : wlan.obj (.text:sl_WlanProfileDel)
                  2000ff80    00000060                  : wlan.obj (.text:sl_WlanSetMode)
                  2000ffe0    0000005c     rtsv7M4_T_le_eabi.lib : s_frexp.obj (.text)
                  2001003c    00000058     driverlib.a : interrupt.obj (.text:IntPendClear)
                  20010094    00000058                 : prcm.obj (.text:PRCMPeripheralReset)
                  200100ec    00000054                 : interrupt.obj (.text:IntPrioritySet)
                  20010140    00000054     simplelink.a : driver.obj (.text:_SlDrvRxIrqHandler)
                  20010194    00000054                  : socket.obj (.text:_sl_HandleAsync_Select)
                  200101e8    00000054     rtsv7M4_T_le_eabi.lib : exit.obj (.text)
                  2001023c    00000054                           : ltoa.obj (.text)
                  20010290    00000050     simplelink.a : device.obj (.text:_sl_HandleAsync_Stop)
                  200102e0    0000004c     driverlib.a : spi.obj (.text:SPIIntEnable)
                  2001032c    0000004c                 : spi.obj (.text:SPIIntNumberGet)
                  20010378    0000004c     simplelink.a : driver.obj (.text:_SlDrvProtectAsyncRespSetting)
                  200103c4    0000004c                  : socket.obj (.text:_sl_BuildAddress)
                  20010410    0000004c     rtsv7M4_T_le_eabi.lib : atoi.obj (.text)
                  2001045c    0000004c                           : cpy_tbl.obj (.text)
                  200104a8    0000004c     driverlib.a : udma.obj (.text:uDMAChannelAssign)
                  200104f4    00000048                 : gpio.obj (.text:GPIOGetIntNumber)
                  2001053c    00000048                 : spi.obj (.text:SPIIntClear)
                  20010584    00000048     simplelink.a : driver.obj (.text:_SlDrvBasicCmd)
                  200105cc    00000048     rtsv7M4_T_le_eabi.lib : fd_toi_t2.obj (.text)
                  20010614    00000048                           : ll_tofs_t2.obj (.text)
                  2001065c    00000044     driverlib.a : spi.obj (.text:SPIDmaMaskGet)
                  200106a0    00000044                 : timer.obj (.text:TimerConfigure)
                  200106e4    00000044     simplelink.a : driver.obj (.text:_SlDrvSyncObjWaitTimeout)
                  20010728    00000044                  : cc_pal.obj (.text:cc_SetupTransfer)
                  2001076c    00000042                  : socket.obj (.text:sl_Htonl)
                  200107ae    00000002     --HOLE-- [fill = 0]
                  200107b0    00000040     driverlib.a : pin.obj (.text:PinModeSet)
                  200107f0    00000040     simplelink.a : socket.obj (.text:_sl_TruncatePayloadByProtocol)
                  20010830    00000040     rtsv7M4_T_le_eabi.lib : boot.obj (.text)
                  20010870    0000003e     simplelink.a : cc_pal.obj (.text:NwpRegisterInterruptHandler)
                  200108ae    0000003c                  : netapp.obj (.text:CopyPingResultsToReport)
                  200108ea    00000002     --HOLE-- [fill = 0]
                  200108ec    0000003c     driverlib.a : prcm.obj (.text:PRCMPeripheralClkEnable)
                  20010928    0000003c     simplelink.a : cc_pal.obj (.text:simplelink_timerA2_start)
                  20010964    0000003c                  : socket.obj (.text:sl_Htons)
                  200109a0    0000003c     driverlib.a : udma.obj (.text:uDMAChannelControlSet)
                  200109dc    00000038                 : adc.obj (.text:ADCChannelEnable)
                  20010a14    00000038     simplelink.a : cc_pal.obj (.text:NwpPowerOff)
                  20010a4c    00000038     rtsv7M4_T_le_eabi.lib : fs_tod_t2.obj (.text)
                  20010a84    00000038                           : i_tofs_t2.obj (.text)
                  20010abc    00000038     simplelink.a : wlan.obj (.text:sl_WlanDisconnect)
                  20010af4    00000036     driverlib.a : gpio.obj (.text:GPIODirModeSet)
                  20010b2a    00000002     --HOLE-- [fill = 0]
                  20010b2c    00000034                 : prcm.obj (.text:PRCMPeripheralStatusGet)
                  20010b60    00000034                 : spi.obj (.text:SPIFIFOLevelSet)
                  20010b94    00000034     rtsv7M4_T_le_eabi.lib : strstr.obj (.text)
                  20010bc8    00000030     driverlib.a : pin.obj (.text:PinTypeGPIO)
                  20010bf8    00000030                 : uart.obj (.text:UARTDisable)
                  20010c28    0000002e     rtsv7M4_T_le_eabi.lib : i_tofd_t2.obj (.text)
                  20010c56    0000002c     driverlib.a : i2c.obj (.text:I2CMasterErr)
                  20010c82    00000002     --HOLE-- [fill = 0]
                  20010c84    0000002c     simplelink.a : cc_pal.obj (.text:NwpPowerOn)
                  20010cb0    0000002c     driverlib.a : prcm.obj (.text:PRCMSysResetCauseGet)
                  20010cdc    0000002c     simplelink.a : driver.obj (.text:_SlDrvObjGlobalLockWaitForever)
                  20010d08    0000002c                  : driver.obj (.text:_SlDrvProtectionObjLockWaitForever)
                  20010d34    0000002c     rtsv7M4_T_le_eabi.lib : strncmp.obj (.text)
                  20010d60    0000002a     driverlib.a : timer.obj (.text:TimerLoadSet)
                  20010d8a    0000002a                 : timer.obj (.text:TimerPrescaleSet)
                  20010db4    00000028                 : prcm.obj (.text:PRCMPeripheralClkDisable)
                  20010ddc    00000028     simplelink.a : driver.obj (.text:_SlDrvGlobalObjUnLock)
                  20010e04    00000028                  : driver.obj (.text:_SlDrvProtectionObjUnLock)
                  20010e2c    00000028                  : driver.obj (.text:_SlDrvSyncObjWaitForever)
                  20010e54    00000026                  : driver.obj (.text:_SlDrvObjLockWaitForever)
                  20010e7a    00000002     --HOLE-- [fill = 0]
                  20010e7c    00000024                  : cc_pal.obj (.text:DmaSpiSwIntHandler)
                  20010ea0    00000024     driverlib.a : interrupt.obj (.text:IntUnregister)
                  20010ec4    00000024                 : uart.obj (.text:UARTEnable)
                  20010ee8    00000024     rtsv7M4_T_le_eabi.lib : memmov.obj (.text)
                  20010f0c    00000022     driverlib.a : adc.obj (.text:ADCTimerConfig)
                  20010f2e    00000022                 : i2c.obj (.text:I2CMasterSlaveAddrSet)
                  20010f50    00000022                 : spi.obj (.text:SPIReset)
                  20010f72    00000022                 : spi.obj (.text:SPIWordCountSet)
                  20010f94    00000020                 : gpio.obj (.text:GPIOPinWrite)
                  20010fb4    00000020                 : interrupt.obj (.text:IntRegister)
                  20010fd4    00000020     simplelink.a : cc_pal.obj (.text:NwpPrePowerOffTimout0)
                  20010ff4    00000020                  : cc_pal.obj (.text:TimerGetCurrentTimestamp)
                  20011014    00000020                  : driver.obj (.text:_SlDrvObjUnLock)
                  20011034    00000020                  : driver.obj (.text:_SlDrvSyncObjSignal)
                  20011054    00000020     rtsv7M4_T_le_eabi.lib : u_tofd_t2.obj (.text)
                  20011074    0000001e     driverlib.a : gpio.obj (.text:GPIOIntRegister)
                  20011092    0000001e                 : i2c.obj (.text:I2CMasterIntStatusEx)
                  200110b0    0000001e                 : timer.obj (.text:TimerEnable)
                  200110ce    0000001e                 : uart.obj (.text:UARTCharPut)
                  200110ec    0000001e     simplelink.a : cc_pal.obj (.text:cc_UDMAChannelSelect)
                  2001110a    0000001c     driverlib.a : adc.obj (.text:ADCFIFOLvlGet)
                  20011126    0000001c                 : pin.obj (.text:PinTypeI2C)
                  20011142    0000001c                 : timer.obj (.text:TimerValueGet)
                  2001115e    0000001c                 : uart.obj (.text:UARTCharGetNonBlocking)
                  2001117a    0000001c     simplelink.a : driver.obj (.text:_SlDrvStartMeasureTimeout)
                  20011196    0000001c     rtsv7M4_T_le_eabi.lib : memccpy.obj (.text)
                  200111b2    00000002     --HOLE-- [fill = 0]
                  200111b4    0000001c     driverlib.a : udma.obj (.text:uDMAChannelEnable)
                  200111d0    0000001a                 : gpio.obj (.text:GPIOIntEnable)
                  200111ea    0000001a                 : pin.obj (.text:PinTypeSPI)
                  20011204    0000001a                 : pin.obj (.text:PinTypeTimer)
                  2001121e    0000001a                 : pin.obj (.text:PinTypeUART)
                  20011238    0000001a                 : spi.obj (.text:SPIDmaDisable)
                  20011252    0000001a                 : spi.obj (.text:SPIDmaEnable)
                  2001126c    0000001a                 : spi.obj (.text:SPIFIFODisable)
                  20011286    0000001a                 : spi.obj (.text:SPIFIFOEnable)
                  200112a0    0000001a                 : spi.obj (.text:SPIIntUnregister)
                  200112ba    00000018                 : adc.obj (.text:ADCFIFORead)
                  200112d2    00000018                 : gpio.obj (.text:GPIOPinRead)
                  200112ea    00000018                 : spi.obj (.text:SPICSDisable)
                  20011302    00000018                 : spi.obj (.text:SPICSEnable)
                  2001131a    00000018                 : spi.obj (.text:SPIDisable)
                  20011332    00000018                 : spi.obj (.text:SPIEnable)
                  2001134a    00000018                 : uart.obj (.text:UARTCharsAvail)
                  20011362    00000018     simplelink.a : nonos.obj (.text:_SlNonOsSemSet)
                  2001137a    00000002     --HOLE-- [fill = 0]
                  2001137c    00000018                  : device.obj (.text:_sl_GetStartResponseConvert)
                  20011394    00000018     rtsv7M4_T_le_eabi.lib : args_main.obj (.text)
                  200113ac    00000018                           : strcmp.obj (.text)
                  200113c4    00000016     driverlib.a : adc.obj (.text:ADCTimerEnable)
                  200113da    00000016                 : i2c.obj (.text:I2CMasterDataPut)
                  200113f0    00000016                 : i2c.obj (.text:I2CMasterEnable)
                  20011406    00000016                 : prcm.obj (.text:PRCMHIBRegRead)
                  2001141c    00000016                 : prcm.obj (.text:PRCMHIBRegWrite)
                  20011432    00000016                 : uart.obj (.text:UARTCharGet)
                  20011448    00000016     simplelink.a : driver.obj (.text:_SlDrvMemZero)
                  2001145e    00000016     rtsv7M4_T_le_eabi.lib : strchr.obj (.text)
                  20011474    00000014     driverlib.a : adc.obj (.text:ADCEnable)
                  20011488    00000014                 : cpu.obj (.text:CPUcpsie)
                  2001149c    00000014                 : gpio.obj (.text:GPIOIntClear)
                  200114b0    00000014                 : interrupt.obj (.text:IntVTableBaseSet)
                  200114c4    00000014                 : pin.obj (.text:PinTypeADC)
                  200114d8    00000014     rtsv7M4_T_le_eabi.lib : _lock.obj (.text)
                  200114ec    00000014                           : strcpy.obj (.text)
                  20011500    00000014                           : strlen.obj (.text)
                  20011514    00000012     driverlib.a : i2c.obj (.text:I2CMasterControl)
                  20011526    00000012                 : i2c.obj (.text:I2CMasterIntClearEx)
                  20011538    00000012                 : i2c.obj (.text:I2CMasterTimeoutSet)
                  2001154a    00000010     simplelink.a : driver.obj (.text:_SlDrvDispatchHttpServerEvents)
                  2001155a    0000000e     driverlib.a : i2c.obj (.text:I2CMasterDataGet)
                  20011568    0000000e     simplelink.a : driver.obj (.text:_SlDrvResetCmdExt)
                  20011576    0000000e     rtsv7M4_T_le_eabi.lib : copy_decompress_none.obj (.text:decompress:none)
                  20011584    0000000e     startup_ccs.obj (.text)
                  20011592    00000002     --HOLE-- [fill = 0]
                  20011594    0000000c     simplelink.a : cc_pal.obj (.text:NwpMaskInterrupt)
                  200115a0    0000000c                  : cc_pal.obj (.text:NwpUnMaskInterrupt)
                  200115ac    0000000c     rtsv7M4_T_le_eabi.lib : copy_zero_init.obj (.text:decompress:ZI)
                  200115b8    0000000a     driverlib.a : interrupt.obj (.text:IntMasterEnable)
                  200115c2    00000008     rtsv7M4_T_le_eabi.lib : s_copysign.obj (.text)
                  200115ca    00000006     driverlib.a : utils.obj (.text:UtilsDelay)
                  200115d0    00000004     rtsv7M4_T_le_eabi.lib : pre_init.obj (.text)

.const     0    200115d8    000006fe     
                  200115d8    00000101     rtsv7M4_T_le_eabi.lib : ctype.obj (.const:.string:_ctypes_)
                  200116d9    00000003     --HOLE-- [fill = 0]
                  200116dc    00000100     driverlib.a : pin.obj (.const:g_ulPinToPadMap)
                  200117dc    000000d4                 : interrupt.obj (.const:g_pulRegs)
                  200118b0    000000a8                 : prcm.obj (.const:PRCM_PeriphRegsList)
                  20011958    00000080                 : interrupt.obj (.const)
                  200119d8    0000003c     simplelink.a : driver.obj (.const:OpcodeTranslateTable)
                  20011a14    00000038                  : driver.obj (.const:_SlActionLookupTable)
                  20011a4c    00000004                  : wlan.obj (.const:$P$T0$1)
                  20011a50    00000030     rtsv7M4_T_le_eabi.lib : e_pow.obj (.const:$O1$$)
                  20011a80    0000002c     main.obj (.const:$P$T1$2)
                  20011aac    00000024     driverlib.a : spi.obj (.const:g_ppulSPIIntMap)
                  20011ad0    00000022     main.obj (.const:.string:$P$T0$1)
                  20011af2    00000002     --HOLE-- [fill = 0]
                  20011af4    00000020     main.obj (.const:$P$T10$11)
                  20011b14    00000020     main.obj (.const:$P$T6$7)
                  20011b34    00000020     main.obj (.const:$P$T8$9)
                  20011b54    00000020     main.obj (.const:$P$T9$10)
                  20011b74    00000020     simplelink.a : driver.obj (.const:RxMsgClassLUT)
                  20011b94    00000018     main.obj (.const:$P$T7$8)
                  20011bac    00000018     driverlib.a : spi.obj (.const)
                  20011bc4    00000014     simplelink.a : driver.obj (.const:$P$T0$1)
                  20011bd8    00000014                  : nonos.obj (.const:$P$T0$1)
                  20011bec    00000014     main.obj (.const:$P$T2$3)
                  20011c00    00000014     main.obj (.const:.string:$P$T12$13)
                  20011c14    00000012     main.obj (.const:.string:$P$T5$6)
                  20011c26    00000010     simplelink.a : socket.obj (.const:.string:_SlPayloadByProtocolLUT)
                  20011c36    00000002     --HOLE-- [fill = 0]
                  20011c38    00000010     webclient.a : httpcli.obj (.const)
                  20011c48    0000000c     main.obj (.const:$P$T4$5)
                  20011c54    0000000c     main.obj (.const:.string:$P$T11$12)
                  20011c60    0000000c     main.obj (.const:.string:$P$T3$4)
                  20011c6c    00000008     webclient.a : httpcli.obj (.const:.string)
                  20011c74    00000008     simplelink.a : device.obj (.const:StartResponseLUT)
                  20011c7c    00000008                  : driver.obj (.const:g_H2NCnysPattern)
                  20011c84    00000008                  : driver.obj (.const:g_H2NSyncPattern)
                  20011c8c    00000005     main.obj (.const:.string:$P$T13$14)
                  20011c91    00000001     --HOLE-- [fill = 0]
                  20011c92    00000004     simplelink.a : socket.obj (.const:$P$T2$3)
                  20011c96    00000004                  : device.obj (.const:_SlDeviceGetCmdCtrl)
                  20011c9a    00000004                  : netapp.obj (.const:_SlGetHostByNameCtrl)
                  20011c9e    00000004                  : netapp.obj (.const:_SlNetAppSendTokenValueCmdCtrl)
                  20011ca2    00000004                  : netcfg.obj (.const:_SlNetCfgSetCmdCtrl)
                  20011ca6    00000004                  : wlan.obj (.const:_SlPolicySetCmdCtrl)
                  20011caa    00000004                  : wlan.obj (.const:_SlProfileDelCmdCtrl)
                  20011cae    00000004                  : socket.obj (.const:_SlRecvCmdCtrl)
                  20011cb2    00000004                  : netapp.obj (.const:_SlRegisterServiceCtrl)
                  20011cb6    00000004                  : wlan.obj (.const:_SlRxFilterSetCmdCtrl)
                  20011cba    00000004                  : socket.obj (.const:_SlSendCmdCtrl)
                  20011cbe    00000004                  : socket.obj (.const:_SlSetSockOptCmdCtrl)
                  20011cc2    00000004                  : socket.obj (.const:_SlSockCloseCmdCtrl)
                  20011cc6    00000004                  : socket.obj (.const:_SlSockSocketCmdCtrl)
                  20011cca    00000004                  : device.obj (.const:_SlStopCmdCtrl)
                  20011cce    00000004                  : wlan.obj (.const:_SlWlanCfgSetCmdCtrl)
                  20011cd2    00000004                  : wlan.obj (.const:_SlWlanSetModeCmdCtrl)

.cinit     0    20011cd8    00000068     
                  20011cd8    00000043     (.cinit..data.load) [load image, compression = lzss]
                  20011d1b    00000001     --HOLE-- [fill = 0]
                  20011d1c    0000000c     (__TI_handler_table)
                  20011d28    00000008     (.cinit..bss.load) [load image, compression = zero_init]
                  20011d30    00000010     (__TI_cinit_table)

.bss       0    20017000    000048cd     UNINITIALIZED
                  20017000    00004000     (.common:pulAdcSamples)
                  2001b000    000005b8     (.common:g_buff)
                  2001b5b8    00000168     simplelink.a : driver.obj (.bss:g_StatMem)
                  2001b720    00000064     (.common:buf)
                  2001b784    00000054     (.common:cPassword)
                  2001b7d8    00000054     (.common:cSSID_NAME)
                  2001b82c    00000050     (.common:g_ucDinDout)
                  2001b87c    00000024     (.common:g_ucConnectionSSID)
                  2001b8a0    00000008     (.common:g_ucConnectionBSSID)
                  2001b8a8    00000004     uart_if.obj (.bss)
                  2001b8ac    00000004     (.common:g_accTotalAvg)
                  2001b8b0    00000004     (.common:g_accXAvg)
                  2001b8b4    00000004     (.common:g_accYAvg)
                  2001b8b8    00000004     (.common:g_accZAvg)
                  2001b8bc    00000004     (.common:g_ulDestinationIP)
                  2001b8c0    00000004     (.common:uiGPIOPort)
                  2001b8c4    00000001     (.common:RxIrqCnt)
                  2001b8c5    00000001     (.common:cCharacter)
                  2001b8c6    00000001     (.common:g_bDeviceRestartIsRequired)
                  2001b8c7    00000001     (.common:g_cDummy)
                  2001b8c8    00000001     (.common:g_ucLED1Pin)
                  2001b8c9    00000001     (.common:g_ucLED2Pin)
                  2001b8ca    00000001     (.common:g_ucLED3Pin)
                  2001b8cb    00000001     (.common:pucGPIOPin)
                  2001b8cc    00000001     (.common:ucPinValue)

.sysmem    0    2001b8d0    00000800     UNINITIALIZED
                  2001b8d0    00000008     rtsv7M4_T_le_eabi.lib : memory.obj (.sysmem)
                  2001b8d8    000007f8     --HOLE--

.data      0    2001c0d0    00000128     UNINITIALIZED
                  2001c0d0    00000048     webclient.a : httpcli.obj (.data:tlsParams)
                  2001c118    0000003c     simplelink.a : nonos.obj (.data:g__SlNonOsCB)
                  2001c154    00000004     rtsv7M4_T_le_eabi.lib : errno.obj (.data)
                  2001c158    00000030     main.obj (.data)
                  2001c188    00000014     gpio_if.obj (.data:ulReg)
                  2001c19c    00000010     webclient.a : httpcli.obj (.data)
                  2001c1ac    0000000d     simplelink.a : driver.obj (.data)
                  2001c1b9    00000003     --HOLE--
                  2001c1bc    0000000c     rtsv7M4_T_le_eabi.lib : exit.obj (.data:$O1$$)
                  2001c1c8    0000000c                           : memory.obj (.data:$O1$$)
                  2001c1d4    0000000c     gpio_if.obj (.data)
                  2001c1e0    00000009     simplelink.a : cc_pal.obj (.data)
                  2001c1e9    00000003     --HOLE--
                  2001c1ec    00000008     rtsv7M4_T_le_eabi.lib : _lock.obj (.data:$O1$$)
                  2001c1f4    00000004                           : stkdepth_vars.obj (.data)

.stack     0    2002f800    00000800     UNINITIALIZED
                  2002f800    00000800     --HOLE--

MODULE SUMMARY

       Module                     code    ro data   rw data
       ------                     ----    -------   -------
    .\
       main.obj                   9388    329       18235  
       sensors.obj                1800    0         0      
       startup_ccs.obj            14      1024      0      
       gpio_if.obj                844     0         35     
       i2c_if.obj                 644     0         0      
       uart_if.obj                640     0         4      
       pinmux.obj                 476     0         0      
    +--+--------------------------+-------+---------+---------+
       Total:                     13806   1353      18274  
                                                           
    C:/ti/CC3200SDK_1.3.0/cc3200-sdk/driverlib/ccs/Release/driverlib.a
       prcm.obj                   852     168       0      
       interrupt.obj              608     340       0      
       spi.obj                    798     60        0      
       pin.obj                    374     256       0      
       udma.obj                   604     0         0      
       gpio.obj                   388     0         0      
       i2c.obj                    352     0         0      
       uart.obj                   306     0         0      
       timer.obj                  210     0         0      
       adc.obj                    184     0         0      
       cpu.obj                    20      0         0      
       utils.obj                  6       0         0      
    +--+--------------------------+-------+---------+---------+
       Total:                     4702    824       0      
                                                           
    C:/ti/CC3200SDK_1.3.0/cc3200-sdk/netapps/http/client/ccs/HTTPClientMinLib/webclient.a
       httpcli.obj                4036    24        88     
       ssock.obj                  746     0         0      
    +--+--------------------------+-------+---------+---------+
       Total:                     4782    24        88     
                                                           
    C:/ti/CC3200SDK_1.3.0/cc3200-sdk/netapps/json/ccs/Release/json.a
       jsmn.obj                   1520    0         0      
    +--+--------------------------+-------+---------+---------+
       Total:                     1520    0         0      
                                                           
    C:/ti/CC3200SDK_1.3.0/cc3200-sdk/simplelink/ccs/NON_OS/simplelink.a
       driver.obj                 7714    184       375    
       cc_pal.obj                 1820    0         90     
       socket.obj                 1830    40        0      
       netapp.obj                 1572    12        0      
       wlan.obj                   1312    24        0      
       device.obj                 1078    16        0      
       nonos.obj                  416     20        60     
       netcfg.obj                 152     4         0      
    +--+--------------------------+-------+---------+---------+
       Total:                     15894   300       525    
                                                           
    C:\ti\ccsv7\tools\compiler\ti-cgt-arm_16.9.1.LTS\lib\rtsv7M4_T_le_eabi.lib
       _printfi.obj               4386    0         0      
       e_pow.obj                  2476    48        0      
       memory.obj                 976     0         12     
       ull_div_t2.obj             500     0         0      
       fd_add_t2.obj              438     0         0      
       e_sqrt.obj                 368     0         0      
       fd_div_t2.obj              310     0         0      
       strtoul.obj                276     0         0      
       fd_cmp_t2.obj              268     0         0      
       ctype.obj                  0       257       0      
       fd_mul_t2.obj              252     0         0      
       fs_add_t2.obj              250     0         0      
       s_scalbn.obj               208     0         0      
       memcpy_t2.obj              156     0         0      
       snprintf.obj               148     0         0      
       fs_div_t2.obj              146     0         0      
       vsnprintf.obj              136     0         0      
       memset_t2.obj              122     0         0      
       autoinit.obj               112     0         0      
       fd_tos_t2.obj              110     0         0      
       copy_decompress_lzss.obj   104     0         0      
       exit.obj                   84      0         12     
       sprintf.obj                96      0         0      
       s_frexp.obj                92      0         0      
       ltoa.obj                   84      0         0      
       atoi.obj                   76      0         0      
       cpy_tbl.obj                76      0         0      
       fd_toi_t2.obj              72      0         0      
       ll_tofs_t2.obj             72      0         0      
       boot.obj                   64      0         0      
       fs_tod_t2.obj              56      0         0      
       i_tofs_t2.obj              56      0         0      
       strstr.obj                 52      0         0      
       i_tofd_t2.obj              46      0         0      
       strncmp.obj                44      0         0      
       memmov.obj                 36      0         0      
       u_tofd_t2.obj              32      0         0      
       _lock.obj                  20      0         8      
       memccpy.obj                28      0         0      
       args_main.obj              24      0         0      
       strcmp.obj                 24      0         0      
       strchr.obj                 22      0         0      
       strcpy.obj                 20      0         0      
       strlen.obj                 20      0         0      
       copy_decompress_none.obj   14      0         0      
       copy_zero_init.obj         12      0         0      
       s_copysign.obj             8       0         0      
       errno.obj                  0       0         4      
       pre_init.obj               4       0         0      
       stkdepth_vars.obj          0       0         4      
       mpu_init.obj               2       0         0      
       startup.obj                2       0         0      
    +--+--------------------------+-------+---------+---------+
       Total:                     12980   305       40     
                                                           
       Heap:                      0       0         2048   
       Stack:                     0       0         2048   
       Linker Generated:          0       103       0      
    +--+--------------------------+-------+---------+---------+
       Grand Total:               53684   2909      23023  


LINKER GENERATED COPY TABLES

__TI_cinit_table @ 20011d30 records: 2, size/record: 8, table size: 16
	.data: load addr=20011cd8, load size=00000043 bytes, run addr=2001c0d0, run size=00000128 bytes, compression=lzss
	.bss: load addr=20011d28, load size=00000008 bytes, run addr=20017000, run size=000048cd bytes, compression=zero_init


LINKER GENERATED HANDLER TABLE

__TI_handler_table @ 20011d1c records: 3, size/record: 4, table size: 12
	index: 0, handler: __TI_decompress_lzss
	index: 1, handler: __TI_decompress_none
	index: 2, handler: __TI_zero_init


GLOBAL SYMBOLS: SORTED ALPHABETICALLY BY Name 

address   name                                  
-------   ----                                  
200109dd  ADCChannelEnable                      
20011475  ADCEnable                             
2001110b  ADCFIFOLvlGet                         
200112bb  ADCFIFORead                           
20010f0d  ADCTimerConfig                        
200113c5  ADCTimerEnable                        
200094d1  AccSample_                            
200093f5  BMA222Close_                          
200093d3  BMA222Open_                           
20009475  BMA222ReadNew_                        
200093f9  BMA222Read_                           
20009341  BlockRead_                            
200101e9  C$$EXIT                               
20011489  CPUcpsie                              
2000b295  ClearTerm                             
20005dcd  ComputeTemperature                    
2000971d  ComputeTemperature_                   
20010e7d  DmaSpiSwIntHandler                    
2000b29f  Error                                 
20010af5  GPIODirModeSet                        
2001149d  GPIOIntClear                          
200111d1  GPIOIntEnable                         
20011075  GPIOIntRegister                       
2000f669  GPIOIntTypeSet                        
200112d3  GPIOPinRead                           
20010f95  GPIOPinWrite                          
2000ac1d  GPIO_IF_ConfigureNIntEnable           
2000ac93  GPIO_IF_Get                           
2000abd7  GPIO_IF_GetPortNPin                   
2000a999  GPIO_IF_LedConfigure                  
2000aa8b  GPIO_IF_LedOff                        
2000a9d7  GPIO_IF_LedOn                         
2000ab3f  GPIO_IF_LedStatus                     
2000aba9  GPIO_IF_LedToggle                     
2000ac59  GPIO_IF_Set                           
2000b2d7  GetCmd                                
20009371  GetRegisterValue_                     
200095db  GetRegisterValue_temp_                
200082fb  HTTPCli_connect                       
2000841d  HTTPCli_construct                     
20008465  HTTPCli_create                        
2000847d  HTTPCli_delete                        
200084b3  HTTPCli_destruct                      
200084fb  HTTPCli_disconnect                    
20008731  HTTPCli_getResponseField              
200086fb  HTTPCli_getResponseStatus             
200081ed  HTTPCli_initSockAddr                  
20008941  HTTPCli_readRawResponseBody           
200088b5  HTTPCli_readResponseBody              
2000866b  HTTPCli_sendField                     
2000859d  HTTPCli_sendRequest                   
200086c3  HTTPCli_sendRequestBody               
20008981  HTTPCli_setProxy                      
20008531  HTTPCli_setRequestFields              
20008557  HTTPCli_setResponseFields             
2000857d  HTTPCli_setSecureParams               
20011515  I2CMasterControl                      
2001155b  I2CMasterDataGet                      
200113db  I2CMasterDataPut                      
200113f1  I2CMasterEnable                       
20010c57  I2CMasterErr                          
2000f561  I2CMasterInitExpClk                   
20011527  I2CMasterIntClearEx                   
20011093  I2CMasterIntStatusEx                  
20010f2f  I2CMasterSlaveAddrSet                 
20011539  I2CMasterTimeoutSet                   
2000b23f  I2C_IF_Close                          
2000b1f7  I2C_IF_Open                           
2000b0f5  I2C_IF_Read                           
2000b1b1  I2C_IF_ReadFrom                       
2000b045  I2C_IF_Write                          
2000b255  InitTerm                              
2000e651  IntDisable                            
2000e6f9  IntEnable                             
200115b9  IntMasterEnable                       
2001003d  IntPendClear                          
200100ed  IntPrioritySet                        
20010fb5  IntRegister                           
20010ea1  IntUnregister                         
200114b1  IntVTableBaseSet                      
2001c17c  Lght                                  
2000b273  Message                               
20011595  NwpMaskInterrupt                      
20010a15  NwpPowerOff                           
20010c85  NwpPowerOn                            
20010fd5  NwpPrePowerOffTimout0                 
20010871  NwpRegisterInterruptHandler           
200115a1  NwpUnMaskInterrupt                    
200119d8  OpcodeTranslateTable                  
2000c945  PRCMCC3200MCUInit                     
20011407  PRCMHIBRegRead                        
2001141d  PRCMHIBRegWrite                       
20010db5  PRCMPeripheralClkDisable              
200108ed  PRCMPeripheralClkEnable               
2000ed1d  PRCMPeripheralClockGet                
20010095  PRCMPeripheralReset                   
20010b2d  PRCMPeripheralStatusGet               
20010cb1  PRCMSysResetCauseGet                  
20004df5  ParseJSONData                         
2000f345  PinConfigSet                          
200107b1  PinModeSet                            
2000bd75  PinMuxConfig                          
200114c5  PinTypeADC                            
20010bc9  PinTypeGPIO                           
20011127  PinTypeI2C                            
200111eb  PinTypeSPI                            
20011205  PinTypeTimer                          
2001121f  PinTypeUART                           
2000b415  Report                                
20011585  ResetISR                              
2001b8c4  RxIrqCnt                              
UNDEFED   SHT$$INIT_ARRAY$$Base                 
UNDEFED   SHT$$INIT_ARRAY$$Limit                
200112eb  SPICSDisable                          
20011303  SPICSEnable                           
2000e845  SPIConfigSetExpClk                    
2001131b  SPIDisable                            
20011239  SPIDmaDisable                         
20011253  SPIDmaEnable                          
20011333  SPIEnable                             
2001126d  SPIFIFODisable                        
20011287  SPIFIFOEnable                         
20010b61  SPIFIFOLevelSet                       
2001053d  SPIIntClear                           
200102e1  SPIIntEnable                          
200112a1  SPIIntUnregister                      
20010f51  SPIReset                              
20010f73  SPIWordCountSet                       
2000953f  SetAccAvg_                            
2000939b  SetRegisterValue_                     
200045c9  SimpleLinkGeneralEventHandler         
200045a1  SimpleLinkHttpServerCallback          
20004509  SimpleLinkNetAppEventHandler          
200045df  SimpleLinkSockEventHandler            
20004401  SimpleLinkWlanEventHandler            
2000acfd  Ssock_construct                       
2000ad3d  Ssock_create                          
2000ad57  Ssock_delete                          
2000ad7f  Ssock_destruct                        
2000add1  Ssock_getSocket                       
2000addf  Ssock_recv                            
2000ae39  Ssock_recvall                         
2000ae7d  Ssock_send                            
2000af97  Ssock_startSecure                     
200098e1  TMP006DrvGetTemp_                     
20009671  TMP006DrvOpen_                        
200106a1  TimerConfigure                        
200110b1  TimerEnable                           
20010ff5  TimerGetCurrentTimestamp              
20010d61  TimerLoadSet                          
20010d8b  TimerPrescaleSet                      
20011143  TimerValueGet                         
2000b37d  TrimSpace                             
20011433  UARTCharGet                           
2001115f  UARTCharGetNonBlocking                
200110cf  UARTCharPut                           
2001134b  UARTCharsAvail                        
2000f961  UARTConfigSetExpClk                   
20010bf9  UARTDisable                           
20010ec5  UARTEnable                            
200115cb  UtilsDelay                            
20011a14  _SlActionLookupTable                  
2000e7a1  _SlDriverHandleError                  
20010585  _SlDrvBasicCmd                        
2000e4e1  _SlDrvCmdOp                           
2000fb2d  _SlDrvCmdSend                         
2000bb91  _SlDrvDataReadOp                      
2000cd9d  _SlDrvDataWriteOp                     
2000ea21  _SlDrvDeviceEventHandler              
2001154b  _SlDrvDispatchHttpServerEvents        
2000d529  _SlDrvDriverCBDeinit                  
2000c2d9  _SlDrvDriverCBInit                    
20010ddd  _SlDrvGlobalObjUnLock                 
2000f1a1  _SlDrvIsTimeoutExpired                
20011449  _SlDrvMemZero                         
2000df0d  _SlDrvMsgReadSpawnCtx                 
2000d76d  _SlDrvNetAppEventHandler              
20010e55  _SlDrvObjLockWaitForever              
20011015  _SlDrvObjUnLock                       
20010379  _SlDrvProtectAsyncRespSetting         
20010d09  _SlDrvProtectionObjLockWaitForever    
20010e05  _SlDrvProtectionObjUnLock             
2000bf51  _SlDrvReleasePoolObj                  
20011569  _SlDrvResetCmdExt                     
20010141  _SlDrvRxIrqHandler                    
2001117b  _SlDrvStartMeasureTimeout             
20011035  _SlDrvSyncObjSignal                   
20010e2d  _SlDrvSyncObjWaitForever              
200106e5  _SlDrvSyncObjWaitTimeout              
2000c629  _SlDrvWaitForPoolObj                  
20011c9e  _SlNetAppSendTokenValueCmdCtrl        
2000f9d9  _SlNonOsMainLoopTask                  
2000e5a1  _SlNonOsSemGet                        
20011363  _SlNonOsSemSet                        
2000fc6d  _SlNonOsSpawn                         
20030000  __STACK_END                           
00000800  __STACK_SIZE                          
00000800  __SYSMEM_SIZE                         
20011d30  __TI_CINIT_Base                       
20011d40  __TI_CINIT_Limit                      
20011d1c  __TI_Handler_Table_Base               
20011d28  __TI_Handler_Table_Limit              
2000fa4d  __TI_auto_init                        
2001c1bc  __TI_cleanup_ptr                      
2000fc05  __TI_decompress_lzss                  
20011577  __TI_decompress_none                  
2001c1c0  __TI_dtors_ptr                        
2001c1c4  __TI_enable_exit_profile_output       
ffffffff  __TI_pprof_out_hndl                   
200070e5  __TI_printfi                          
ffffffff  __TI_prof_data_size                   
ffffffff  __TI_prof_data_start                  
20011cd8  __TI_static_base__                    
200115ad  __TI_zero_init                        
2000f455  __aeabi_cdcmpeq                       
2000f455  __aeabi_cdcmple                       
2000f4db  __aeabi_cdrcmple                      
2000fabd  __aeabi_d2f                           
200105cd  __aeabi_d2iz                          
2000c12b  __aeabi_dadd                          
2000d2bd  __aeabi_ddiv                          
2000d871  __aeabi_dmul                          
2000c121  __aeabi_dsub                          
20010a4d  __aeabi_f2d                           
2000d971  __aeabi_fadd                          
2000ee45  __aeabi_fdiv                          
2000d96d  __aeabi_fsub                          
20010c29  __aeabi_i2d                           
20010a85  __aeabi_i2f                           
20010615  __aeabi_l2f                           
2000f86d  __aeabi_memclr                        
2000f86d  __aeabi_memclr4                       
2000f86d  __aeabi_memclr8                       
2000e985  __aeabi_memcpy                        
2000e985  __aeabi_memcpy4                       
2000e985  __aeabi_memcpy8                       
2000f86f  __aeabi_memset                        
2000f86f  __aeabi_memset4                       
2000f86f  __aeabi_memset8                       
20011055  __aeabi_ui2d                          
2000b99d  __aeabi_uldivmod                      
ffffffff  __binit__                             
ffffffff  __c_args__                            
2000afcf  __mpu_init                            
2002f800  __stack                               
20011395  _args_main                            
20010831  _c_int00                              
200115d8  _ctypes_                              
2001c1ec  _lock                                 
200114e7  _nop                                  
200114df  _register_lock                        
200114d9  _register_unlock                      
2000fcd1  _sl_HandleAsync_Accept                
2000f6ed  _sl_HandleAsync_Connect               
2000eed9  _sl_HandleAsync_DnsGetHostByName      
2000e285  _sl_HandleAsync_DnsGetHostByService   
2000f22d  _sl_HandleAsync_InitComplete          
2000ef69  _sl_HandleAsync_PingResponse          
20010195  _sl_HandleAsync_Select                
20010291  _sl_HandleAsync_Stop                  
2000fb99  _sl_NetAppSendTokenValue              
2001b8d0  _sys_memory                           
2000c2d7  _system_post_cinit                    
200115d1  _system_pre_init                      
2001c1f0  _unlock                               
200101ed  abort                                 
20010411  atoi                                  
ffffffff  binit                                 
2001b720  buf                                   
20007a17  bufferedRecv                          
2001c178  bytesReceived                         
2001b8c5  cCharacter                            
2001b784  cPassword                             
2001b7d8  cSSID_NAME                            
2000a969  calloc                                
2001045d  copy_in                               
200115c3  copysign                              
200115c3  copysignl                             
2001c154  errno                                 
200101f5  exit                                  
2000a6b3  free                                  
2000ffe1  frexp                                 
2000ffe1  frexpl                                
2001c1ac  g_SlDeviceStatus                      
2001c1e0  g_SpiFd                               
2001c118  g__SlNonOsCB                          
2001c168  g_accSampleCount                      
2001b8ac  g_accTotalAvg                         
2001b8b0  g_accXAvg                             
2001c158  g_accXIntervalSum                     
2001b8b4  g_accYAvg                             
2001c15c  g_accYIntervalSum                     
2001b8b8  g_accZAvg                             
2001c160  g_accZIntervalSum                     
2001b8c6  g_bDeviceRestartIsRequired            
2001b000  g_buff                                
2001b8c7  g_cDummy                              
2001c184  g_iCounter                            
2001c1b0  g_pCB                                 
2001c1e4  g_pHostIntHdl                         
20004000  g_pfnVectors                          
2001b8a0  g_ucConnectionBSSID                   
2001b87c  g_ucConnectionSSID                    
2001c1e8  g_ucDMAEnabled                        
2001b82c  g_ucDinDout                           
2001b8c8  g_ucLED1Pin                           
2001b8c9  g_ucLED2Pin                           
2001b8ca  g_ucLED3Pin                           
2001c1d4  g_uiLED1Port                          
2001c1d8  g_uiLED2Port                          
2001c1dc  g_uiLED3Port                          
2001b8bc  g_ulDestinationIP                     
2001c174  g_ulGatewayIP                         
2001c170  g_ulStatus                            
2001c180  iStringLength                         
2000a01b  jsmn_init                             
20009d09  jsmn_parse                            
2000e1b5  ldexp                                 
2000e1b5  ldexpl                                
2001023d  ltoa                                  
20005ff9  main                                  
2001c1f4  main_func_sp                          
2000a649  malloc                                
2000a87d  memalign                              
20011197  memccpy                               
2000e985  memcpy                                
20010ee9  memmove                               
2000f875  memset                                
2000a5c9  minit                                 
2001c1b4  pPingCallBackFunc                     
20008995  pow                                   
20008995  powl                                  
2001b8cb  pucGPIOPin                            
20017000  pulAdcSamples                         
2000a775  realloc                               
2000e1b5  scalbn                                
2000e1b5  scalbnl                               
20010929  simplelink_timerA2_start              
2000fec1  sl_Close                              
2000c7b9  sl_Connect                            
2000e351  sl_DevGet                             
2001076d  sl_Htonl                              
20010965  sl_Htons                              
2000d179  sl_NetAppDnsGetHostByName             
2000dff5  sl_NetAppMDNSRegisterUnregisterService
2000fd35  sl_NetAppMDNSUnRegisterService        
2000eabd  sl_NetCfgSet                          
2000e8e5  sl_Recv                               
2000d3f5  sl_Send                               
2000eb55  sl_SetSockOpt                         
2000f2b9  sl_Socket                             
2000dd39  sl_Start                              
2000da69  sl_Stop                               
2000b4d5  sl_WlanConnect                        
20010abd  sl_WlanDisconnect                     
2000eff9  sl_WlanPolicySet                      
2000ff21  sl_WlanProfileDel                     
2000f5e5  sl_WlanRxFilterSet                    
2000ebed  sl_WlanSet                            
2000ff81  sl_WlanSetMode                        
2000edb1  snprintf                              
2000f8e9  spi_Close                             
2000ceed  spi_Open                              
2000db59  spi_Read                              
2000ec85  spi_Write                             
2000fe61  sprintf                               
2000cc2d  sqrt                                  
2000cc2d  sqrtl                                 
2001145f  strchr                                
200113ad  strcmp                                
200114ed  strcpy                                
20011501  strlen                                
20010d35  strncmp                               
20010b95  strstr                                
2000d659  strtoul                               
200104a9  uDMAChannelAssign                     
2000fd99  uDMAChannelAttributeDisable           
2000fdfd  uDMAChannelAttributeEnable            
200109a1  uDMAChannelControlSet                 
200111b5  uDMAChannelEnable                     
2000dc49  uDMAChannelTransferSet                
2001b8cc  ucPinValue                            
2001b8c0  uiGPIOPort                            
2000f3cd  vsnprintf                             


GLOBAL SYMBOLS: SORTED BY Symbol Address 

address   name                                  
-------   ----                                  
00000800  __STACK_SIZE                          
00000800  __SYSMEM_SIZE                         
20004000  g_pfnVectors                          
20004401  SimpleLinkWlanEventHandler            
20004509  SimpleLinkNetAppEventHandler          
200045a1  SimpleLinkHttpServerCallback          
200045c9  SimpleLinkGeneralEventHandler         
200045df  SimpleLinkSockEventHandler            
20004df5  ParseJSONData                         
20005dcd  ComputeTemperature                    
20005ff9  main                                  
200070e5  __TI_printfi                          
20007a17  bufferedRecv                          
200081ed  HTTPCli_initSockAddr                  
200082fb  HTTPCli_connect                       
2000841d  HTTPCli_construct                     
20008465  HTTPCli_create                        
2000847d  HTTPCli_delete                        
200084b3  HTTPCli_destruct                      
200084fb  HTTPCli_disconnect                    
20008531  HTTPCli_setRequestFields              
20008557  HTTPCli_setResponseFields             
2000857d  HTTPCli_setSecureParams               
2000859d  HTTPCli_sendRequest                   
2000866b  HTTPCli_sendField                     
200086c3  HTTPCli_sendRequestBody               
200086fb  HTTPCli_getResponseStatus             
20008731  HTTPCli_getResponseField              
200088b5  HTTPCli_readResponseBody              
20008941  HTTPCli_readRawResponseBody           
20008981  HTTPCli_setProxy                      
20008995  pow                                   
20008995  powl                                  
20009341  BlockRead_                            
20009371  GetRegisterValue_                     
2000939b  SetRegisterValue_                     
200093d3  BMA222Open_                           
200093f5  BMA222Close_                          
200093f9  BMA222Read_                           
20009475  BMA222ReadNew_                        
200094d1  AccSample_                            
2000953f  SetAccAvg_                            
200095db  GetRegisterValue_temp_                
20009671  TMP006DrvOpen_                        
2000971d  ComputeTemperature_                   
200098e1  TMP006DrvGetTemp_                     
20009d09  jsmn_parse                            
2000a01b  jsmn_init                             
2000a5c9  minit                                 
2000a649  malloc                                
2000a6b3  free                                  
2000a775  realloc                               
2000a87d  memalign                              
2000a969  calloc                                
2000a999  GPIO_IF_LedConfigure                  
2000a9d7  GPIO_IF_LedOn                         
2000aa8b  GPIO_IF_LedOff                        
2000ab3f  GPIO_IF_LedStatus                     
2000aba9  GPIO_IF_LedToggle                     
2000abd7  GPIO_IF_GetPortNPin                   
2000ac1d  GPIO_IF_ConfigureNIntEnable           
2000ac59  GPIO_IF_Set                           
2000ac93  GPIO_IF_Get                           
2000acfd  Ssock_construct                       
2000ad3d  Ssock_create                          
2000ad57  Ssock_delete                          
2000ad7f  Ssock_destruct                        
2000add1  Ssock_getSocket                       
2000addf  Ssock_recv                            
2000ae39  Ssock_recvall                         
2000ae7d  Ssock_send                            
2000af97  Ssock_startSecure                     
2000afcf  __mpu_init                            
2000b045  I2C_IF_Write                          
2000b0f5  I2C_IF_Read                           
2000b1b1  I2C_IF_ReadFrom                       
2000b1f7  I2C_IF_Open                           
2000b23f  I2C_IF_Close                          
2000b255  InitTerm                              
2000b273  Message                               
2000b295  ClearTerm                             
2000b29f  Error                                 
2000b2d7  GetCmd                                
2000b37d  TrimSpace                             
2000b415  Report                                
2000b4d5  sl_WlanConnect                        
2000b99d  __aeabi_uldivmod                      
2000bb91  _SlDrvDataReadOp                      
2000bd75  PinMuxConfig                          
2000bf51  _SlDrvReleasePoolObj                  
2000c121  __aeabi_dsub                          
2000c12b  __aeabi_dadd                          
2000c2d7  _system_post_cinit                    
2000c2d9  _SlDrvDriverCBInit                    
2000c629  _SlDrvWaitForPoolObj                  
2000c7b9  sl_Connect                            
2000c945  PRCMCC3200MCUInit                     
2000cc2d  sqrt                                  
2000cc2d  sqrtl                                 
2000cd9d  _SlDrvDataWriteOp                     
2000ceed  spi_Open                              
2000d179  sl_NetAppDnsGetHostByName             
2000d2bd  __aeabi_ddiv                          
2000d3f5  sl_Send                               
2000d529  _SlDrvDriverCBDeinit                  
2000d659  strtoul                               
2000d76d  _SlDrvNetAppEventHandler              
2000d871  __aeabi_dmul                          
2000d96d  __aeabi_fsub                          
2000d971  __aeabi_fadd                          
2000da69  sl_Stop                               
2000db59  spi_Read                              
2000dc49  uDMAChannelTransferSet                
2000dd39  sl_Start                              
2000df0d  _SlDrvMsgReadSpawnCtx                 
2000dff5  sl_NetAppMDNSRegisterUnregisterService
2000e1b5  ldexp                                 
2000e1b5  ldexpl                                
2000e1b5  scalbn                                
2000e1b5  scalbnl                               
2000e285  _sl_HandleAsync_DnsGetHostByService   
2000e351  sl_DevGet                             
2000e4e1  _SlDrvCmdOp                           
2000e5a1  _SlNonOsSemGet                        
2000e651  IntDisable                            
2000e6f9  IntEnable                             
2000e7a1  _SlDriverHandleError                  
2000e845  SPIConfigSetExpClk                    
2000e8e5  sl_Recv                               
2000e985  __aeabi_memcpy                        
2000e985  __aeabi_memcpy4                       
2000e985  __aeabi_memcpy8                       
2000e985  memcpy                                
2000ea21  _SlDrvDeviceEventHandler              
2000eabd  sl_NetCfgSet                          
2000eb55  sl_SetSockOpt                         
2000ebed  sl_WlanSet                            
2000ec85  spi_Write                             
2000ed1d  PRCMPeripheralClockGet                
2000edb1  snprintf                              
2000ee45  __aeabi_fdiv                          
2000eed9  _sl_HandleAsync_DnsGetHostByName      
2000ef69  _sl_HandleAsync_PingResponse          
2000eff9  sl_WlanPolicySet                      
2000f1a1  _SlDrvIsTimeoutExpired                
2000f22d  _sl_HandleAsync_InitComplete          
2000f2b9  sl_Socket                             
2000f345  PinConfigSet                          
2000f3cd  vsnprintf                             
2000f455  __aeabi_cdcmpeq                       
2000f455  __aeabi_cdcmple                       
2000f4db  __aeabi_cdrcmple                      
2000f561  I2CMasterInitExpClk                   
2000f5e5  sl_WlanRxFilterSet                    
2000f669  GPIOIntTypeSet                        
2000f6ed  _sl_HandleAsync_Connect               
2000f86d  __aeabi_memclr                        
2000f86d  __aeabi_memclr4                       
2000f86d  __aeabi_memclr8                       
2000f86f  __aeabi_memset                        
2000f86f  __aeabi_memset4                       
2000f86f  __aeabi_memset8                       
2000f875  memset                                
2000f8e9  spi_Close                             
2000f961  UARTConfigSetExpClk                   
2000f9d9  _SlNonOsMainLoopTask                  
2000fa4d  __TI_auto_init                        
2000fabd  __aeabi_d2f                           
2000fb2d  _SlDrvCmdSend                         
2000fb99  _sl_NetAppSendTokenValue              
2000fc05  __TI_decompress_lzss                  
2000fc6d  _SlNonOsSpawn                         
2000fcd1  _sl_HandleAsync_Accept                
2000fd35  sl_NetAppMDNSUnRegisterService        
2000fd99  uDMAChannelAttributeDisable           
2000fdfd  uDMAChannelAttributeEnable            
2000fe61  sprintf                               
2000fec1  sl_Close                              
2000ff21  sl_WlanProfileDel                     
2000ff81  sl_WlanSetMode                        
2000ffe1  frexp                                 
2000ffe1  frexpl                                
2001003d  IntPendClear                          
20010095  PRCMPeripheralReset                   
200100ed  IntPrioritySet                        
20010141  _SlDrvRxIrqHandler                    
20010195  _sl_HandleAsync_Select                
200101e9  C$$EXIT                               
200101ed  abort                                 
200101f5  exit                                  
2001023d  ltoa                                  
20010291  _sl_HandleAsync_Stop                  
200102e1  SPIIntEnable                          
20010379  _SlDrvProtectAsyncRespSetting         
20010411  atoi                                  
2001045d  copy_in                               
200104a9  uDMAChannelAssign                     
2001053d  SPIIntClear                           
20010585  _SlDrvBasicCmd                        
200105cd  __aeabi_d2iz                          
20010615  __aeabi_l2f                           
200106a1  TimerConfigure                        
200106e5  _SlDrvSyncObjWaitTimeout              
2001076d  sl_Htonl                              
200107b1  PinModeSet                            
20010831  _c_int00                              
20010871  NwpRegisterInterruptHandler           
200108ed  PRCMPeripheralClkEnable               
20010929  simplelink_timerA2_start              
20010965  sl_Htons                              
200109a1  uDMAChannelControlSet                 
200109dd  ADCChannelEnable                      
20010a15  NwpPowerOff                           
20010a4d  __aeabi_f2d                           
20010a85  __aeabi_i2f                           
20010abd  sl_WlanDisconnect                     
20010af5  GPIODirModeSet                        
20010b2d  PRCMPeripheralStatusGet               
20010b61  SPIFIFOLevelSet                       
20010b95  strstr                                
20010bc9  PinTypeGPIO                           
20010bf9  UARTDisable                           
20010c29  __aeabi_i2d                           
20010c57  I2CMasterErr                          
20010c85  NwpPowerOn                            
20010cb1  PRCMSysResetCauseGet                  
20010d09  _SlDrvProtectionObjLockWaitForever    
20010d35  strncmp                               
20010d61  TimerLoadSet                          
20010d8b  TimerPrescaleSet                      
20010db5  PRCMPeripheralClkDisable              
20010ddd  _SlDrvGlobalObjUnLock                 
20010e05  _SlDrvProtectionObjUnLock             
20010e2d  _SlDrvSyncObjWaitForever              
20010e55  _SlDrvObjLockWaitForever              
20010e7d  DmaSpiSwIntHandler                    
20010ea1  IntUnregister                         
20010ec5  UARTEnable                            
20010ee9  memmove                               
20010f0d  ADCTimerConfig                        
20010f2f  I2CMasterSlaveAddrSet                 
20010f51  SPIReset                              
20010f73  SPIWordCountSet                       
20010f95  GPIOPinWrite                          
20010fb5  IntRegister                           
20010fd5  NwpPrePowerOffTimout0                 
20010ff5  TimerGetCurrentTimestamp              
20011015  _SlDrvObjUnLock                       
20011035  _SlDrvSyncObjSignal                   
20011055  __aeabi_ui2d                          
20011075  GPIOIntRegister                       
20011093  I2CMasterIntStatusEx                  
200110b1  TimerEnable                           
200110cf  UARTCharPut                           
2001110b  ADCFIFOLvlGet                         
20011127  PinTypeI2C                            
20011143  TimerValueGet                         
2001115f  UARTCharGetNonBlocking                
2001117b  _SlDrvStartMeasureTimeout             
20011197  memccpy                               
200111b5  uDMAChannelEnable                     
200111d1  GPIOIntEnable                         
200111eb  PinTypeSPI                            
20011205  PinTypeTimer                          
2001121f  PinTypeUART                           
20011239  SPIDmaDisable                         
20011253  SPIDmaEnable                          
2001126d  SPIFIFODisable                        
20011287  SPIFIFOEnable                         
200112a1  SPIIntUnregister                      
200112bb  ADCFIFORead                           
200112d3  GPIOPinRead                           
200112eb  SPICSDisable                          
20011303  SPICSEnable                           
2001131b  SPIDisable                            
20011333  SPIEnable                             
2001134b  UARTCharsAvail                        
20011363  _SlNonOsSemSet                        
20011395  _args_main                            
200113ad  strcmp                                
200113c5  ADCTimerEnable                        
200113db  I2CMasterDataPut                      
200113f1  I2CMasterEnable                       
20011407  PRCMHIBRegRead                        
2001141d  PRCMHIBRegWrite                       
20011433  UARTCharGet                           
20011449  _SlDrvMemZero                         
2001145f  strchr                                
20011475  ADCEnable                             
20011489  CPUcpsie                              
2001149d  GPIOIntClear                          
200114b1  IntVTableBaseSet                      
200114c5  PinTypeADC                            
200114d9  _register_unlock                      
200114df  _register_lock                        
200114e7  _nop                                  
200114ed  strcpy                                
20011501  strlen                                
20011515  I2CMasterControl                      
20011527  I2CMasterIntClearEx                   
20011539  I2CMasterTimeoutSet                   
2001154b  _SlDrvDispatchHttpServerEvents        
2001155b  I2CMasterDataGet                      
20011569  _SlDrvResetCmdExt                     
20011577  __TI_decompress_none                  
20011585  ResetISR                              
20011595  NwpMaskInterrupt                      
200115a1  NwpUnMaskInterrupt                    
200115ad  __TI_zero_init                        
200115b9  IntMasterEnable                       
200115c3  copysign                              
200115c3  copysignl                             
200115cb  UtilsDelay                            
200115d1  _system_pre_init                      
200115d8  _ctypes_                              
200119d8  OpcodeTranslateTable                  
20011a14  _SlActionLookupTable                  
20011c9e  _SlNetAppSendTokenValueCmdCtrl        
20011cd8  __TI_static_base__                    
20011d1c  __TI_Handler_Table_Base               
20011d28  __TI_Handler_Table_Limit              
20011d30  __TI_CINIT_Base                       
20011d40  __TI_CINIT_Limit                      
20017000  pulAdcSamples                         
2001b000  g_buff                                
2001b720  buf                                   
2001b784  cPassword                             
2001b7d8  cSSID_NAME                            
2001b82c  g_ucDinDout                           
2001b87c  g_ucConnectionSSID                    
2001b8a0  g_ucConnectionBSSID                   
2001b8ac  g_accTotalAvg                         
2001b8b0  g_accXAvg                             
2001b8b4  g_accYAvg                             
2001b8b8  g_accZAvg                             
2001b8bc  g_ulDestinationIP                     
2001b8c0  uiGPIOPort                            
2001b8c4  RxIrqCnt                              
2001b8c5  cCharacter                            
2001b8c6  g_bDeviceRestartIsRequired            
2001b8c7  g_cDummy                              
2001b8c8  g_ucLED1Pin                           
2001b8c9  g_ucLED2Pin                           
2001b8ca  g_ucLED3Pin                           
2001b8cb  pucGPIOPin                            
2001b8cc  ucPinValue                            
2001b8d0  _sys_memory                           
2001c118  g__SlNonOsCB                          
2001c154  errno                                 
2001c158  g_accXIntervalSum                     
2001c15c  g_accYIntervalSum                     
2001c160  g_accZIntervalSum                     
2001c168  g_accSampleCount                      
2001c170  g_ulStatus                            
2001c174  g_ulGatewayIP                         
2001c178  bytesReceived                         
2001c17c  Lght                                  
2001c180  iStringLength                         
2001c184  g_iCounter                            
2001c1ac  g_SlDeviceStatus                      
2001c1b0  g_pCB                                 
2001c1b4  pPingCallBackFunc                     
2001c1bc  __TI_cleanup_ptr                      
2001c1c0  __TI_dtors_ptr                        
2001c1c4  __TI_enable_exit_profile_output       
2001c1d4  g_uiLED1Port                          
2001c1d8  g_uiLED2Port                          
2001c1dc  g_uiLED3Port                          
2001c1e0  g_SpiFd                               
2001c1e4  g_pHostIntHdl                         
2001c1e8  g_ucDMAEnabled                        
2001c1ec  _lock                                 
2001c1f0  _unlock                               
2001c1f4  main_func_sp                          
2002f800  __stack                               
20030000  __STACK_END                           
ffffffff  __TI_pprof_out_hndl                   
ffffffff  __TI_prof_data_size                   
ffffffff  __TI_prof_data_start                  
ffffffff  __binit__                             
ffffffff  __c_args__                            
ffffffff  binit                                 
UNDEFED   SHT$$INIT_ARRAY$$Base                 
UNDEFED   SHT$$INIT_ARRAY$$Limit                

[384 symbols]
