<?xml version="1.0"?>
<link_info>
   <banner>TI ARM Linker PC v16.9.1.LTS</banner>
   <copyright>Copyright (c) 1996-2015 Texas Instruments Incorporated</copyright>
   <link_time>0x5997649f</link_time>
   <link_errors>0x0</link_errors>
   <output_file>http_client_demo.out</output_file>
   <entry_point>
      <name>_c_int00</name>
      <address>0x2000fb39</address>
   </entry_point>
   <input_file_list>
      <input_file id="fl-2">
         <path>.\</path>
         <kind>object</kind>
         <file>adc.obj</file>
         <name>adc.obj</name>
      </input_file>
      <input_file id="fl-3">
         <path>.\</path>
         <kind>object</kind>
         <file>gpio_if.obj</file>
         <name>gpio_if.obj</name>
      </input_file>
      <input_file id="fl-4">
         <path>.\</path>
         <kind>object</kind>
         <file>i2c_if.obj</file>
         <name>i2c_if.obj</name>
      </input_file>
      <input_file id="fl-5">
         <path>.\</path>
         <kind>object</kind>
         <file>main.obj</file>
         <name>main.obj</name>
      </input_file>
      <input_file id="fl-6">
         <path>.\</path>
         <kind>object</kind>
         <file>network_common.obj</file>
         <name>network_common.obj</name>
      </input_file>
      <input_file id="fl-7">
         <path>.\</path>
         <kind>object</kind>
         <file>pinmux.obj</file>
         <name>pinmux.obj</name>
      </input_file>
      <input_file id="fl-8">
         <path>.\</path>
         <kind>object</kind>
         <file>startup_ccs.obj</file>
         <name>startup_ccs.obj</name>
      </input_file>
      <input_file id="fl-9">
         <path>.\</path>
         <kind>object</kind>
         <file>uart_config.obj</file>
         <name>uart_config.obj</name>
      </input_file>
      <input_file id="fl-a">
         <path>.\</path>
         <kind>object</kind>
         <file>uart_if.obj</file>
         <name>uart_if.obj</name>
      </input_file>
      <input_file id="fl-c8">
         <path>C:\ti\ccsv7\tools\compiler\ti-cgt-arm_16.9.1.LTS\lib\</path>
         <kind>archive</kind>
         <file>rtsv7M4_T_le_eabi.lib</file>
         <name>boot.obj</name>
      </input_file>
      <input_file id="fl-c9">
         <path>C:\ti\ccsv7\tools\compiler\ti-cgt-arm_16.9.1.LTS\lib\</path>
         <kind>archive</kind>
         <file>rtsv7M4_T_le_eabi.lib</file>
         <name>copy_decompress_lzss.obj</name>
      </input_file>
      <input_file id="fl-ca">
         <path>C:\ti\ccsv7\tools\compiler\ti-cgt-arm_16.9.1.LTS\lib\</path>
         <kind>archive</kind>
         <file>rtsv7M4_T_le_eabi.lib</file>
         <name>copy_decompress_none.obj</name>
      </input_file>
      <input_file id="fl-cb">
         <path>C:\ti\ccsv7\tools\compiler\ti-cgt-arm_16.9.1.LTS\lib\</path>
         <kind>archive</kind>
         <file>rtsv7M4_T_le_eabi.lib</file>
         <name>copy_zero_init.obj</name>
      </input_file>
      <input_file id="fl-cc">
         <path>C:\ti\ccsv7\tools\compiler\ti-cgt-arm_16.9.1.LTS\lib\</path>
         <kind>archive</kind>
         <file>rtsv7M4_T_le_eabi.lib</file>
         <name>e_pow.obj</name>
      </input_file>
      <input_file id="fl-cd">
         <path>C:\ti\ccsv7\tools\compiler\ti-cgt-arm_16.9.1.LTS\lib\</path>
         <kind>archive</kind>
         <file>rtsv7M4_T_le_eabi.lib</file>
         <name>e_sqrt.obj</name>
      </input_file>
      <input_file id="fl-ce">
         <path>C:\ti\ccsv7\tools\compiler\ti-cgt-arm_16.9.1.LTS\lib\</path>
         <kind>archive</kind>
         <file>rtsv7M4_T_le_eabi.lib</file>
         <name>errno.obj</name>
      </input_file>
      <input_file id="fl-cf">
         <path>C:\ti\ccsv7\tools\compiler\ti-cgt-arm_16.9.1.LTS\lib\</path>
         <kind>archive</kind>
         <file>rtsv7M4_T_le_eabi.lib</file>
         <name>exit.obj</name>
      </input_file>
      <input_file id="fl-d0">
         <path>C:\ti\ccsv7\tools\compiler\ti-cgt-arm_16.9.1.LTS\lib\</path>
         <kind>archive</kind>
         <file>rtsv7M4_T_le_eabi.lib</file>
         <name>fd_add_t2.obj</name>
      </input_file>
      <input_file id="fl-d1">
         <path>C:\ti\ccsv7\tools\compiler\ti-cgt-arm_16.9.1.LTS\lib\</path>
         <kind>archive</kind>
         <file>rtsv7M4_T_le_eabi.lib</file>
         <name>fd_cmp_t2.obj</name>
      </input_file>
      <input_file id="fl-d2">
         <path>C:\ti\ccsv7\tools\compiler\ti-cgt-arm_16.9.1.LTS\lib\</path>
         <kind>archive</kind>
         <file>rtsv7M4_T_le_eabi.lib</file>
         <name>fd_div_t2.obj</name>
      </input_file>
      <input_file id="fl-d3">
         <path>C:\ti\ccsv7\tools\compiler\ti-cgt-arm_16.9.1.LTS\lib\</path>
         <kind>archive</kind>
         <file>rtsv7M4_T_le_eabi.lib</file>
         <name>fd_mul_t2.obj</name>
      </input_file>
      <input_file id="fl-d4">
         <path>C:\ti\ccsv7\tools\compiler\ti-cgt-arm_16.9.1.LTS\lib\</path>
         <kind>archive</kind>
         <file>rtsv7M4_T_le_eabi.lib</file>
         <name>fd_tos_t2.obj</name>
      </input_file>
      <input_file id="fl-d5">
         <path>C:\ti\ccsv7\tools\compiler\ti-cgt-arm_16.9.1.LTS\lib\</path>
         <kind>archive</kind>
         <file>rtsv7M4_T_le_eabi.lib</file>
         <name>fs_add_t2.obj</name>
      </input_file>
      <input_file id="fl-d6">
         <path>C:\ti\ccsv7\tools\compiler\ti-cgt-arm_16.9.1.LTS\lib\</path>
         <kind>archive</kind>
         <file>rtsv7M4_T_le_eabi.lib</file>
         <name>fs_div_t2.obj</name>
      </input_file>
      <input_file id="fl-d7">
         <path>C:\ti\ccsv7\tools\compiler\ti-cgt-arm_16.9.1.LTS\lib\</path>
         <kind>archive</kind>
         <file>rtsv7M4_T_le_eabi.lib</file>
         <name>fs_tod_t2.obj</name>
      </input_file>
      <input_file id="fl-d8">
         <path>C:\ti\ccsv7\tools\compiler\ti-cgt-arm_16.9.1.LTS\lib\</path>
         <kind>archive</kind>
         <file>rtsv7M4_T_le_eabi.lib</file>
         <name>i_tofd_t2.obj</name>
      </input_file>
      <input_file id="fl-d9">
         <path>C:\ti\ccsv7\tools\compiler\ti-cgt-arm_16.9.1.LTS\lib\</path>
         <kind>archive</kind>
         <file>rtsv7M4_T_le_eabi.lib</file>
         <name>i_tofs_t2.obj</name>
      </input_file>
      <input_file id="fl-da">
         <path>C:\ti\ccsv7\tools\compiler\ti-cgt-arm_16.9.1.LTS\lib\</path>
         <kind>archive</kind>
         <file>rtsv7M4_T_le_eabi.lib</file>
         <name>ll_tofs_t2.obj</name>
      </input_file>
      <input_file id="fl-db">
         <path>C:\ti\ccsv7\tools\compiler\ti-cgt-arm_16.9.1.LTS\lib\</path>
         <kind>archive</kind>
         <file>rtsv7M4_T_le_eabi.lib</file>
         <name>memcpy_t2.obj</name>
      </input_file>
      <input_file id="fl-dc">
         <path>C:\ti\ccsv7\tools\compiler\ti-cgt-arm_16.9.1.LTS\lib\</path>
         <kind>archive</kind>
         <file>rtsv7M4_T_le_eabi.lib</file>
         <name>memmov.obj</name>
      </input_file>
      <input_file id="fl-dd">
         <path>C:\ti\ccsv7\tools\compiler\ti-cgt-arm_16.9.1.LTS\lib\</path>
         <kind>archive</kind>
         <file>rtsv7M4_T_le_eabi.lib</file>
         <name>memory.obj</name>
      </input_file>
      <input_file id="fl-de">
         <path>C:\ti\ccsv7\tools\compiler\ti-cgt-arm_16.9.1.LTS\lib\</path>
         <kind>archive</kind>
         <file>rtsv7M4_T_le_eabi.lib</file>
         <name>memset_t2.obj</name>
      </input_file>
      <input_file id="fl-df">
         <path>C:\ti\ccsv7\tools\compiler\ti-cgt-arm_16.9.1.LTS\lib\</path>
         <kind>archive</kind>
         <file>rtsv7M4_T_le_eabi.lib</file>
         <name>mpu_init.obj</name>
      </input_file>
      <input_file id="fl-e0">
         <path>C:\ti\ccsv7\tools\compiler\ti-cgt-arm_16.9.1.LTS\lib\</path>
         <kind>archive</kind>
         <file>rtsv7M4_T_le_eabi.lib</file>
         <name>pre_init.obj</name>
      </input_file>
      <input_file id="fl-e1">
         <path>C:\ti\ccsv7\tools\compiler\ti-cgt-arm_16.9.1.LTS\lib\</path>
         <kind>archive</kind>
         <file>rtsv7M4_T_le_eabi.lib</file>
         <name>s_scalbn.obj</name>
      </input_file>
      <input_file id="fl-e2">
         <path>C:\ti\ccsv7\tools\compiler\ti-cgt-arm_16.9.1.LTS\lib\</path>
         <kind>archive</kind>
         <file>rtsv7M4_T_le_eabi.lib</file>
         <name>snprintf.obj</name>
      </input_file>
      <input_file id="fl-e3">
         <path>C:\ti\ccsv7\tools\compiler\ti-cgt-arm_16.9.1.LTS\lib\</path>
         <kind>archive</kind>
         <file>rtsv7M4_T_le_eabi.lib</file>
         <name>sprintf.obj</name>
      </input_file>
      <input_file id="fl-e4">
         <path>C:\ti\ccsv7\tools\compiler\ti-cgt-arm_16.9.1.LTS\lib\</path>
         <kind>archive</kind>
         <file>rtsv7M4_T_le_eabi.lib</file>
         <name>stkdepth_vars.obj</name>
      </input_file>
      <input_file id="fl-e5">
         <path>C:\ti\ccsv7\tools\compiler\ti-cgt-arm_16.9.1.LTS\lib\</path>
         <kind>archive</kind>
         <file>rtsv7M4_T_le_eabi.lib</file>
         <name>strcpy.obj</name>
      </input_file>
      <input_file id="fl-e6">
         <path>C:\ti\ccsv7\tools\compiler\ti-cgt-arm_16.9.1.LTS\lib\</path>
         <kind>archive</kind>
         <file>rtsv7M4_T_le_eabi.lib</file>
         <name>strlen.obj</name>
      </input_file>
      <input_file id="fl-e7">
         <path>C:\ti\ccsv7\tools\compiler\ti-cgt-arm_16.9.1.LTS\lib\</path>
         <kind>archive</kind>
         <file>rtsv7M4_T_le_eabi.lib</file>
         <name>strncmp.obj</name>
      </input_file>
      <input_file id="fl-e8">
         <path>C:\ti\ccsv7\tools\compiler\ti-cgt-arm_16.9.1.LTS\lib\</path>
         <kind>archive</kind>
         <file>rtsv7M4_T_le_eabi.lib</file>
         <name>strncpy.obj</name>
      </input_file>
      <input_file id="fl-e9">
         <path>C:\ti\ccsv7\tools\compiler\ti-cgt-arm_16.9.1.LTS\lib\</path>
         <kind>archive</kind>
         <file>rtsv7M4_T_le_eabi.lib</file>
         <name>strtoul.obj</name>
      </input_file>
      <input_file id="fl-ea">
         <path>C:\ti\ccsv7\tools\compiler\ti-cgt-arm_16.9.1.LTS\lib\</path>
         <kind>archive</kind>
         <file>rtsv7M4_T_le_eabi.lib</file>
         <name>vsnprintf.obj</name>
      </input_file>
      <input_file id="fl-eb">
         <path>C:\ti\ccsv7\tools\compiler\ti-cgt-arm_16.9.1.LTS\lib\</path>
         <kind>archive</kind>
         <file>rtsv7M4_T_le_eabi.lib</file>
         <name>_lock.obj</name>
      </input_file>
      <input_file id="fl-ec">
         <path>C:\ti\ccsv7\tools\compiler\ti-cgt-arm_16.9.1.LTS\lib\</path>
         <kind>archive</kind>
         <file>rtsv7M4_T_le_eabi.lib</file>
         <name>_printfi.obj</name>
      </input_file>
      <input_file id="fl-ed">
         <path>C:\ti\ccsv7\tools\compiler\ti-cgt-arm_16.9.1.LTS\lib\</path>
         <kind>archive</kind>
         <file>rtsv7M4_T_le_eabi.lib</file>
         <name>args_main.obj</name>
      </input_file>
      <input_file id="fl-ee">
         <path>C:\ti\ccsv7\tools\compiler\ti-cgt-arm_16.9.1.LTS\lib\</path>
         <kind>archive</kind>
         <file>rtsv7M4_T_le_eabi.lib</file>
         <name>atoi.obj</name>
      </input_file>
      <input_file id="fl-ef">
         <path>C:\ti\ccsv7\tools\compiler\ti-cgt-arm_16.9.1.LTS\lib\</path>
         <kind>archive</kind>
         <file>rtsv7M4_T_le_eabi.lib</file>
         <name>autoinit.obj</name>
      </input_file>
      <input_file id="fl-f0">
         <path>C:\ti\ccsv7\tools\compiler\ti-cgt-arm_16.9.1.LTS\lib\</path>
         <kind>archive</kind>
         <file>rtsv7M4_T_le_eabi.lib</file>
         <name>cpy_tbl.obj</name>
      </input_file>
      <input_file id="fl-f1">
         <path>C:\ti\ccsv7\tools\compiler\ti-cgt-arm_16.9.1.LTS\lib\</path>
         <kind>archive</kind>
         <file>rtsv7M4_T_le_eabi.lib</file>
         <name>ctype.obj</name>
      </input_file>
      <input_file id="fl-f2">
         <path>C:\ti\ccsv7\tools\compiler\ti-cgt-arm_16.9.1.LTS\lib\</path>
         <kind>archive</kind>
         <file>rtsv7M4_T_le_eabi.lib</file>
         <name>fd_toi_t2.obj</name>
      </input_file>
      <input_file id="fl-f3">
         <path>C:\ti\ccsv7\tools\compiler\ti-cgt-arm_16.9.1.LTS\lib\</path>
         <kind>archive</kind>
         <file>rtsv7M4_T_le_eabi.lib</file>
         <name>ltoa.obj</name>
      </input_file>
      <input_file id="fl-f4">
         <path>C:\ti\ccsv7\tools\compiler\ti-cgt-arm_16.9.1.LTS\lib\</path>
         <kind>archive</kind>
         <file>rtsv7M4_T_le_eabi.lib</file>
         <name>memccpy.obj</name>
      </input_file>
      <input_file id="fl-f5">
         <path>C:\ti\ccsv7\tools\compiler\ti-cgt-arm_16.9.1.LTS\lib\</path>
         <kind>archive</kind>
         <file>rtsv7M4_T_le_eabi.lib</file>
         <name>s_copysign.obj</name>
      </input_file>
      <input_file id="fl-f6">
         <path>C:\ti\ccsv7\tools\compiler\ti-cgt-arm_16.9.1.LTS\lib\</path>
         <kind>archive</kind>
         <file>rtsv7M4_T_le_eabi.lib</file>
         <name>s_frexp.obj</name>
      </input_file>
      <input_file id="fl-f7">
         <path>C:\ti\ccsv7\tools\compiler\ti-cgt-arm_16.9.1.LTS\lib\</path>
         <kind>archive</kind>
         <file>rtsv7M4_T_le_eabi.lib</file>
         <name>startup.obj</name>
      </input_file>
      <input_file id="fl-f8">
         <path>C:\ti\ccsv7\tools\compiler\ti-cgt-arm_16.9.1.LTS\lib\</path>
         <kind>archive</kind>
         <file>rtsv7M4_T_le_eabi.lib</file>
         <name>strchr.obj</name>
      </input_file>
      <input_file id="fl-f9">
         <path>C:\ti\ccsv7\tools\compiler\ti-cgt-arm_16.9.1.LTS\lib\</path>
         <kind>archive</kind>
         <file>rtsv7M4_T_le_eabi.lib</file>
         <name>ull_div_t2.obj</name>
      </input_file>
      <input_file id="fl-fa">
         <path>C:\ti\CC3200SDK_1.3.0\cc3200-sdk\driverlib\ccs\Release\</path>
         <kind>archive</kind>
         <file>driverlib.a</file>
         <name>adc.obj</name>
      </input_file>
      <input_file id="fl-fb">
         <path>C:\ti\CC3200SDK_1.3.0\cc3200-sdk\driverlib\ccs\Release\</path>
         <kind>archive</kind>
         <file>driverlib.a</file>
         <name>gpio.obj</name>
      </input_file>
      <input_file id="fl-fc">
         <path>C:\ti\CC3200SDK_1.3.0\cc3200-sdk\driverlib\ccs\Release\</path>
         <kind>archive</kind>
         <file>driverlib.a</file>
         <name>i2c.obj</name>
      </input_file>
      <input_file id="fl-fd">
         <path>C:\ti\CC3200SDK_1.3.0\cc3200-sdk\driverlib\ccs\Release\</path>
         <kind>archive</kind>
         <file>driverlib.a</file>
         <name>interrupt.obj</name>
      </input_file>
      <input_file id="fl-fe">
         <path>C:\ti\CC3200SDK_1.3.0\cc3200-sdk\driverlib\ccs\Release\</path>
         <kind>archive</kind>
         <file>driverlib.a</file>
         <name>pin.obj</name>
      </input_file>
      <input_file id="fl-ff">
         <path>C:\ti\CC3200SDK_1.3.0\cc3200-sdk\driverlib\ccs\Release\</path>
         <kind>archive</kind>
         <file>driverlib.a</file>
         <name>prcm.obj</name>
      </input_file>
      <input_file id="fl-100">
         <path>C:\ti\CC3200SDK_1.3.0\cc3200-sdk\driverlib\ccs\Release\</path>
         <kind>archive</kind>
         <file>driverlib.a</file>
         <name>uart.obj</name>
      </input_file>
      <input_file id="fl-101">
         <path>C:\ti\CC3200SDK_1.3.0\cc3200-sdk\driverlib\ccs\Release\</path>
         <kind>archive</kind>
         <file>driverlib.a</file>
         <name>utils.obj</name>
      </input_file>
      <input_file id="fl-102">
         <path>C:\ti\CC3200SDK_1.3.0\cc3200-sdk\driverlib\ccs\Release\</path>
         <kind>archive</kind>
         <file>driverlib.a</file>
         <name>cpu.obj</name>
      </input_file>
      <input_file id="fl-103">
         <path>C:\ti\CC3200SDK_1.3.0\cc3200-sdk\driverlib\ccs\Release\</path>
         <kind>archive</kind>
         <file>driverlib.a</file>
         <name>flash.obj</name>
      </input_file>
      <input_file id="fl-104">
         <path>C:\ti\CC3200SDK_1.3.0\cc3200-sdk\simplelink\ccs\NON_OS\</path>
         <kind>archive</kind>
         <file>simplelink.a</file>
         <name>device.obj</name>
      </input_file>
      <input_file id="fl-105">
         <path>C:\ti\CC3200SDK_1.3.0\cc3200-sdk\simplelink\ccs\NON_OS\</path>
         <kind>archive</kind>
         <file>simplelink.a</file>
         <name>driver.obj</name>
      </input_file>
      <input_file id="fl-106">
         <path>C:\ti\CC3200SDK_1.3.0\cc3200-sdk\simplelink\ccs\NON_OS\</path>
         <kind>archive</kind>
         <file>simplelink.a</file>
         <name>netapp.obj</name>
      </input_file>
      <input_file id="fl-107">
         <path>C:\ti\CC3200SDK_1.3.0\cc3200-sdk\simplelink\ccs\NON_OS\</path>
         <kind>archive</kind>
         <file>simplelink.a</file>
         <name>netcfg.obj</name>
      </input_file>
      <input_file id="fl-108">
         <path>C:\ti\CC3200SDK_1.3.0\cc3200-sdk\simplelink\ccs\NON_OS\</path>
         <kind>archive</kind>
         <file>simplelink.a</file>
         <name>nonos.obj</name>
      </input_file>
      <input_file id="fl-109">
         <path>C:\ti\CC3200SDK_1.3.0\cc3200-sdk\simplelink\ccs\NON_OS\</path>
         <kind>archive</kind>
         <file>simplelink.a</file>
         <name>socket.obj</name>
      </input_file>
      <input_file id="fl-10a">
         <path>C:\ti\CC3200SDK_1.3.0\cc3200-sdk\simplelink\ccs\NON_OS\</path>
         <kind>archive</kind>
         <file>simplelink.a</file>
         <name>wlan.obj</name>
      </input_file>
      <input_file id="fl-10b">
         <path>C:\ti\CC3200SDK_1.3.0\cc3200-sdk\simplelink\ccs\NON_OS\</path>
         <kind>archive</kind>
         <file>simplelink.a</file>
         <name>cc_pal.obj</name>
      </input_file>
      <input_file id="fl-10c">
         <path>C:\ti\CC3200SDK_1.3.0\cc3200-sdk\netapps\http\client\ccs\HTTPClientMinLib\</path>
         <kind>archive</kind>
         <file>webclient.a</file>
         <name>httpcli.obj</name>
      </input_file>
      <input_file id="fl-10d">
         <path>C:\ti\CC3200SDK_1.3.0\cc3200-sdk\netapps\http\client\ccs\HTTPClientMinLib\</path>
         <kind>archive</kind>
         <file>webclient.a</file>
         <name>ssock.obj</name>
      </input_file>
      <input_file id="fl-10e">
         <path>C:\ti\CC3200SDK_1.3.0\cc3200-sdk\netapps\json\ccs\Release\</path>
         <kind>archive</kind>
         <file>json.a</file>
         <name>jsmn.obj</name>
      </input_file>
      <input_file id="fl-10f">
         <path>C:\ti\ccsv7\tools\compiler\ti-cgt-arm_16.9.1.LTS\lib\</path>
         <kind>archive</kind>
         <file>rtsv7M4_T_le_eabi.lib</file>
         <name>strcmp.obj</name>
      </input_file>
      <input_file id="fl-110">
         <path>C:\ti\CC3200SDK_1.3.0\cc3200-sdk\driverlib\ccs\Release\</path>
         <kind>archive</kind>
         <file>driverlib.a</file>
         <name>spi.obj</name>
      </input_file>
      <input_file id="fl-111">
         <path>C:\ti\CC3200SDK_1.3.0\cc3200-sdk\driverlib\ccs\Release\</path>
         <kind>archive</kind>
         <file>driverlib.a</file>
         <name>timer.obj</name>
      </input_file>
      <input_file id="fl-112">
         <path>C:\ti\CC3200SDK_1.3.0\cc3200-sdk\driverlib\ccs\Release\</path>
         <kind>archive</kind>
         <file>driverlib.a</file>
         <name>udma.obj</name>
      </input_file>
   </input_file_list>
   <object_component_list>
      <object_component id="oc-f">
         <name>.intvecs</name>
         <load_address>0x20004000</load_address>
         <run_address>0x20004000</run_address>
         <size>0x400</size>
         <input_file_ref idref="fl-8"/>
      </object_component>
      <object_component id="oc-a8">
         <name>.text</name>
         <load_address>0x20004400</load_address>
         <run_address>0x20004400</run_address>
         <size>0x22d4</size>
         <input_file_ref idref="fl-5"/>
      </object_component>
      <object_component id="oc-3cb">
         <name>.text</name>
         <load_address>0x200066d4</load_address>
         <run_address>0x200066d4</run_address>
         <size>0x1122</size>
         <input_file_ref idref="fl-ec"/>
      </object_component>
      <object_component id="oc-72a">
         <name>.text:IntDefaultHandler</name>
         <load_address>0x200077f6</load_address>
         <run_address>0x200077f6</run_address>
         <size>0x2</size>
         <input_file_ref idref="fl-fd"/>
      </object_component>
      <object_component id="oc-140">
         <name>.text</name>
         <load_address>0x200077f8</load_address>
         <run_address>0x200077f8</run_address>
         <size>0xfc4</size>
         <input_file_ref idref="fl-10c"/>
      </object_component>
      <object_component id="oc-1cd">
         <name>.text</name>
         <load_address>0x200087bc</load_address>
         <run_address>0x200087bc</run_address>
         <size>0x9ac</size>
         <input_file_ref idref="fl-cc"/>
      </object_component>
      <object_component id="oc-14c">
         <name>.text</name>
         <load_address>0x20009168</load_address>
         <run_address>0x20009168</run_address>
         <size>0x5f0</size>
         <input_file_ref idref="fl-10e"/>
      </object_component>
      <object_component id="oc-739">
         <name>.text:_SlDrvMsgRead</name>
         <load_address>0x20009758</load_address>
         <run_address>0x20009758</run_address>
         <size>0x590</size>
         <input_file_ref idref="fl-105"/>
      </object_component>
      <object_component id="oc-152">
         <name>.text</name>
         <load_address>0x20009ce8</load_address>
         <run_address>0x20009ce8</run_address>
         <size>0x3d0</size>
         <input_file_ref idref="fl-dd"/>
      </object_component>
      <object_component id="oc-368">
         <name>.text</name>
         <load_address>0x2000a0b8</load_address>
         <run_address>0x2000a0b8</run_address>
         <size>0x2ea</size>
         <input_file_ref idref="fl-10d"/>
      </object_component>
      <object_component id="oc-59">
         <name>.text</name>
         <load_address>0x2000a3a2</load_address>
         <run_address>0x2000a3a2</run_address>
         <size>0x2</size>
         <input_file_ref idref="fl-df"/>
      </object_component>
      <object_component id="oc-1a4">
         <name>.text</name>
         <load_address>0x2000a3a4</load_address>
         <run_address>0x2000a3a4</run_address>
         <size>0x284</size>
         <input_file_ref idref="fl-4"/>
      </object_component>
      <object_component id="oc-d8">
         <name>.text</name>
         <load_address>0x2000a628</load_address>
         <run_address>0x2000a628</run_address>
         <size>0x280</size>
         <input_file_ref idref="fl-a"/>
      </object_component>
      <object_component id="oc-13a">
         <name>.text:sl_WlanConnect</name>
         <load_address>0x2000a8a8</load_address>
         <run_address>0x2000a8a8</run_address>
         <size>0x27c</size>
         <input_file_ref idref="fl-10a"/>
      </object_component>
      <object_component id="oc-7cb">
         <name>.text:_SlDrvRxHdrRead</name>
         <load_address>0x2000ab24</load_address>
         <run_address>0x2000ab24</run_address>
         <size>0x24c</size>
         <input_file_ref idref="fl-105"/>
      </object_component>
      <object_component id="oc-658">
         <name>.text</name>
         <load_address>0x2000ad70</load_address>
         <run_address>0x2000ad70</run_address>
         <size>0x1f4</size>
         <input_file_ref idref="fl-f9"/>
      </object_component>
      <object_component id="oc-75e">
         <name>.text:_SlDrvDataReadOp</name>
         <load_address>0x2000af64</load_address>
         <run_address>0x2000af64</run_address>
         <size>0x1e4</size>
         <input_file_ref idref="fl-105"/>
      </object_component>
      <object_component id="oc-1e2">
         <name>.text</name>
         <load_address>0x2000b148</load_address>
         <run_address>0x2000b148</run_address>
         <size>0x1dc</size>
         <input_file_ref idref="fl-7"/>
      </object_component>
      <object_component id="oc-2cc">
         <name>.text:_SlDrvReleasePoolObj</name>
         <load_address>0x2000b324</load_address>
         <run_address>0x2000b324</run_address>
         <size>0x1d0</size>
         <input_file_ref idref="fl-105"/>
      </object_component>
      <object_component id="oc-1c3">
         <name>.text</name>
         <load_address>0x2000b4f4</load_address>
         <run_address>0x2000b4f4</run_address>
         <size>0x1b6</size>
         <input_file_ref idref="fl-d0"/>
      </object_component>
      <object_component id="oc-a0">
         <name>.text</name>
         <load_address>0x2000b6aa</load_address>
         <run_address>0x2000b6aa</run_address>
         <size>0x2</size>
         <input_file_ref idref="fl-f7"/>
      </object_component>
      <object_component id="oc-2a2">
         <name>.text:_SlDrvDriverCBInit</name>
         <load_address>0x2000b6ac</load_address>
         <run_address>0x2000b6ac</run_address>
         <size>0x1b4</size>
         <input_file_ref idref="fl-105"/>
      </object_component>
      <object_component id="oc-5c6">
         <name>.text:_SlDrvMsgWrite</name>
         <load_address>0x2000b860</load_address>
         <run_address>0x2000b860</run_address>
         <size>0x19c</size>
         <input_file_ref idref="fl-105"/>
      </object_component>
      <object_component id="oc-3db">
         <name>.text:_SlDrvWaitForPoolObj</name>
         <load_address>0x2000b9fc</load_address>
         <run_address>0x2000b9fc</run_address>
         <size>0x190</size>
         <input_file_ref idref="fl-105"/>
      </object_component>
      <object_component id="oc-38c">
         <name>.text:sl_Connect</name>
         <load_address>0x2000bb8c</load_address>
         <run_address>0x2000bb8c</run_address>
         <size>0x18c</size>
         <input_file_ref idref="fl-109"/>
      </object_component>
      <object_component id="oc-19d">
         <name>.text:PRCMCC3200MCUInit</name>
         <load_address>0x2000bd18</load_address>
         <run_address>0x2000bd18</run_address>
         <size>0x178</size>
         <input_file_ref idref="fl-ff"/>
      </object_component>
      <object_component id="oc-7dd">
         <name>.text:_SlFindAndSetActiveObj</name>
         <load_address>0x2000be90</load_address>
         <run_address>0x2000be90</run_address>
         <size>0x170</size>
         <input_file_ref idref="fl-105"/>
      </object_component>
      <object_component id="oc-470">
         <name>.text</name>
         <load_address>0x2000c000</load_address>
         <run_address>0x2000c000</run_address>
         <size>0x170</size>
         <input_file_ref idref="fl-cd"/>
      </object_component>
      <object_component id="oc-76e">
         <name>.text:_SlDrvDataWriteOp</name>
         <load_address>0x2000c170</load_address>
         <run_address>0x2000c170</run_address>
         <size>0x150</size>
         <input_file_ref idref="fl-105"/>
      </object_component>
      <object_component id="oc-2a8">
         <name>.text:spi_Open</name>
         <load_address>0x2000c2c0</load_address>
         <run_address>0x2000c2c0</run_address>
         <size>0x148</size>
         <input_file_ref idref="fl-10b"/>
      </object_component>
      <object_component id="oc-5cc">
         <name>.text:_SlDrvMsgReadCmdCtx</name>
         <load_address>0x2000c408</load_address>
         <run_address>0x2000c408</run_address>
         <size>0x144</size>
         <input_file_ref idref="fl-105"/>
      </object_component>
      <object_component id="oc-179">
         <name>.text:sl_NetAppDnsGetHostByName</name>
         <load_address>0x2000c54c</load_address>
         <run_address>0x2000c54c</run_address>
         <size>0x144</size>
         <input_file_ref idref="fl-106"/>
      </object_component>
      <object_component id="oc-1d3">
         <name>.text</name>
         <load_address>0x2000c690</load_address>
         <run_address>0x2000c690</run_address>
         <size>0x136</size>
         <input_file_ref idref="fl-d2"/>
      </object_component>
      <object_component id="oc-60f">
         <name>.text:sl_Send</name>
         <load_address>0x2000c7c8</load_address>
         <run_address>0x2000c7c8</run_address>
         <size>0x134</size>
         <input_file_ref idref="fl-109"/>
      </object_component>
      <object_component id="oc-311">
         <name>.text:_SlDrvDriverCBDeinit</name>
         <load_address>0x2000c8fc</load_address>
         <run_address>0x2000c8fc</run_address>
         <size>0x130</size>
         <input_file_ref idref="fl-105"/>
      </object_component>
      <object_component id="oc-15f">
         <name>.text</name>
         <load_address>0x2000ca2c</load_address>
         <run_address>0x2000ca2c</run_address>
         <size>0x114</size>
         <input_file_ref idref="fl-e9"/>
      </object_component>
      <object_component id="oc-842">
         <name>.text:_SlDrvNetAppEventHandler</name>
         <load_address>0x2000cb40</load_address>
         <run_address>0x2000cb40</run_address>
         <size>0x104</size>
         <input_file_ref idref="fl-106"/>
      </object_component>
      <object_component id="oc-1c8">
         <name>.text</name>
         <load_address>0x2000cc44</load_address>
         <run_address>0x2000cc44</run_address>
         <size>0xfc</size>
         <input_file_ref idref="fl-d3"/>
      </object_component>
      <object_component id="oc-1b1">
         <name>.text</name>
         <load_address>0x2000cd40</load_address>
         <run_address>0x2000cd40</run_address>
         <size>0xfa</size>
         <input_file_ref idref="fl-d5"/>
      </object_component>
      <object_component id="oc-f7">
         <name>.text:sl_Stop</name>
         <load_address>0x2000ce3c</load_address>
         <run_address>0x2000ce3c</run_address>
         <size>0xf0</size>
         <input_file_ref idref="fl-104"/>
      </object_component>
      <object_component id="oc-7d7">
         <name>.text:spi_Read</name>
         <load_address>0x2000cf2c</load_address>
         <run_address>0x2000cf2c</run_address>
         <size>0xf0</size>
         <input_file_ref idref="fl-10b"/>
      </object_component>
      <object_component id="oc-8e4">
         <name>.text:uDMAChannelTransferSet</name>
         <load_address>0x2000d01c</load_address>
         <run_address>0x2000d01c</run_address>
         <size>0xf0</size>
         <input_file_ref idref="fl-112"/>
      </object_component>
      <object_component id="oc-e5">
         <name>.text:sl_Start</name>
         <load_address>0x2000d10c</load_address>
         <run_address>0x2000d10c</run_address>
         <size>0xec</size>
         <input_file_ref idref="fl-104"/>
      </object_component>
      <object_component id="oc-73f">
         <name>.text:_SlAsyncEventGenericHandler</name>
         <load_address>0x2000d1f8</load_address>
         <run_address>0x2000d1f8</run_address>
         <size>0xe8</size>
         <input_file_ref idref="fl-105"/>
      </object_component>
      <object_component id="oc-5ad">
         <name>.text:_SlDrvMsgReadSpawnCtx</name>
         <load_address>0x2000d2e0</load_address>
         <run_address>0x2000d2e0</run_address>
         <size>0xe8</size>
         <input_file_ref idref="fl-105"/>
      </object_component>
      <object_component id="oc-34c">
         <name>.text:sl_NetAppMDNSRegisterUnregisterService</name>
         <load_address>0x2000d3c8</load_address>
         <run_address>0x2000d3c8</run_address>
         <size>0xe4</size>
         <input_file_ref idref="fl-106"/>
      </object_component>
      <object_component id="oc-7d1">
         <name>.text:_SlDrvClassifyRxMsg</name>
         <load_address>0x2000d4ac</load_address>
         <run_address>0x2000d4ac</run_address>
         <size>0xdc</size>
         <input_file_ref idref="fl-105"/>
      </object_component>
      <object_component id="oc-483">
         <name>.text</name>
         <load_address>0x2000d588</load_address>
         <run_address>0x2000d588</run_address>
         <size>0xd0</size>
         <input_file_ref idref="fl-e1"/>
      </object_component>
      <object_component id="oc-8a2">
         <name>.text:_sl_HandleAsync_DnsGetHostByService</name>
         <load_address>0x2000d658</load_address>
         <run_address>0x2000d658</run_address>
         <size>0xcc</size>
         <input_file_ref idref="fl-106"/>
      </object_component>
      <object_component id="oc-fd">
         <name>.text:sl_DevGet</name>
         <load_address>0x2000d724</load_address>
         <run_address>0x2000d724</run_address>
         <size>0xcc</size>
         <input_file_ref idref="fl-104"/>
      </object_component>
      <object_component id="oc-58d">
         <name>.text:_SlRemoveFromList</name>
         <load_address>0x2000d7f0</load_address>
         <run_address>0x2000d7f0</run_address>
         <size>0xc4</size>
         <input_file_ref idref="fl-105"/>
      </object_component>
      <object_component id="oc-2f5">
         <name>.text:_SlDrvCmdOp</name>
         <load_address>0x2000d8b4</load_address>
         <run_address>0x2000d8b4</run_address>
         <size>0xc0</size>
         <input_file_ref idref="fl-105"/>
      </object_component>
      <object_component id="oc-4f8">
         <name>.text:_SlNonOsSemGet</name>
         <load_address>0x2000d974</load_address>
         <run_address>0x2000d974</run_address>
         <size>0xb0</size>
         <input_file_ref idref="fl-108"/>
      </object_component>
      <object_component id="oc-56c">
         <name>.text:IntDisable</name>
         <load_address>0x2000da24</load_address>
         <run_address>0x2000da24</run_address>
         <size>0xa8</size>
         <input_file_ref idref="fl-fd"/>
      </object_component>
      <object_component id="oc-197">
         <name>.text:IntEnable</name>
         <load_address>0x2000dacc</load_address>
         <run_address>0x2000dacc</run_address>
         <size>0xa8</size>
         <input_file_ref idref="fl-fd"/>
      </object_component>
      <object_component id="oc-586">
         <name>.text:_SlDriverHandleError</name>
         <load_address>0x2000db74</load_address>
         <run_address>0x2000db74</run_address>
         <size>0xa4</size>
         <input_file_ref idref="fl-105"/>
      </object_component>
      <object_component id="oc-515">
         <name>.text:SPIConfigSetExpClk</name>
         <load_address>0x2000dc18</load_address>
         <run_address>0x2000dc18</run_address>
         <size>0xa0</size>
         <input_file_ref idref="fl-110"/>
      </object_component>
      <object_component id="oc-609">
         <name>.text:sl_Recv</name>
         <load_address>0x2000dcb8</load_address>
         <run_address>0x2000dcb8</run_address>
         <size>0xa0</size>
         <input_file_ref idref="fl-109"/>
      </object_component>
      <object_component id="oc-41">
         <name>.text</name>
         <load_address>0x2000dd58</load_address>
         <run_address>0x2000dd58</run_address>
         <size>0x9c</size>
         <input_file_ref idref="fl-db"/>
      </object_component>
      <object_component id="oc-894">
         <name>.text:_SlDrvDeviceEventHandler</name>
         <load_address>0x2000ddf4</load_address>
         <run_address>0x2000ddf4</run_address>
         <size>0x9a</size>
         <input_file_ref idref="fl-104"/>
      </object_component>
      <object_component id="oc-115">
         <name>.text:sl_NetCfgSet</name>
         <load_address>0x2000de90</load_address>
         <run_address>0x2000de90</run_address>
         <size>0x98</size>
         <input_file_ref idref="fl-107"/>
      </object_component>
      <object_component id="oc-377">
         <name>.text:sl_SetSockOpt</name>
         <load_address>0x2000df28</load_address>
         <run_address>0x2000df28</run_address>
         <size>0x98</size>
         <input_file_ref idref="fl-109"/>
      </object_component>
      <object_component id="oc-11b">
         <name>.text:sl_WlanSet</name>
         <load_address>0x2000dfc0</load_address>
         <run_address>0x2000dfc0</run_address>
         <size>0x98</size>
         <input_file_ref idref="fl-10a"/>
      </object_component>
      <object_component id="oc-748">
         <name>.text:spi_Write</name>
         <load_address>0x2000e058</load_address>
         <run_address>0x2000e058</run_address>
         <size>0x98</size>
         <input_file_ref idref="fl-10b"/>
      </object_component>
      <object_component id="oc-24d">
         <name>.text:PRCMPeripheralClockGet</name>
         <load_address>0x2000e0f0</load_address>
         <run_address>0x2000e0f0</run_address>
         <size>0x94</size>
         <input_file_ref idref="fl-ff"/>
      </object_component>
      <object_component id="oc-1fa">
         <name>.text</name>
         <load_address>0x2000e184</load_address>
         <run_address>0x2000e184</run_address>
         <size>0x94</size>
         <input_file_ref idref="fl-e2"/>
      </object_component>
      <object_component id="oc-1bb">
         <name>.text</name>
         <load_address>0x2000e218</load_address>
         <run_address>0x2000e218</run_address>
         <size>0x92</size>
         <input_file_ref idref="fl-d6"/>
      </object_component>
      <object_component id="oc-89c">
         <name>.text:_sl_HandleAsync_DnsGetHostByName</name>
         <load_address>0x2000e2ac</load_address>
         <run_address>0x2000e2ac</run_address>
         <size>0x90</size>
         <input_file_ref idref="fl-106"/>
      </object_component>
      <object_component id="oc-848">
         <name>.text:_sl_HandleAsync_PingResponse</name>
         <load_address>0x2000e33c</load_address>
         <run_address>0x2000e33c</run_address>
         <size>0x90</size>
         <input_file_ref idref="fl-106"/>
      </object_component>
      <object_component id="oc-103">
         <name>.text:sl_WlanPolicySet</name>
         <load_address>0x2000e3cc</load_address>
         <run_address>0x2000e3cc</run_address>
         <size>0x90</size>
         <input_file_ref idref="fl-10a"/>
      </object_component>
      <object_component id="oc-84f">
         <name>.text:SetupDMAReceive</name>
         <load_address>0x2000e45c</load_address>
         <run_address>0x2000e45c</run_address>
         <size>0x8c</size>
         <input_file_ref idref="fl-10b"/>
      </object_component>
      <object_component id="oc-7e8">
         <name>.text:SetupDMASend</name>
         <load_address>0x2000e4e8</load_address>
         <run_address>0x2000e4e8</run_address>
         <size>0x8c</size>
         <input_file_ref idref="fl-10b"/>
      </object_component>
      <object_component id="oc-6ea">
         <name>.text:_SlDrvIsTimeoutExpired</name>
         <load_address>0x2000e574</load_address>
         <run_address>0x2000e574</run_address>
         <size>0x8c</size>
         <input_file_ref idref="fl-105"/>
      </object_component>
      <object_component id="oc-8f5">
         <name>.text:_sl_HandleAsync_InitComplete</name>
         <load_address>0x2000e600</load_address>
         <run_address>0x2000e600</run_address>
         <size>0x8c</size>
         <input_file_ref idref="fl-104"/>
      </object_component>
      <object_component id="oc-386">
         <name>.text:sl_Socket</name>
         <load_address>0x2000e68c</load_address>
         <run_address>0x2000e68c</run_address>
         <size>0x8c</size>
         <input_file_ref idref="fl-109"/>
      </object_component>
      <object_component id="oc-6c4">
         <name>.text:PinConfigSet</name>
         <load_address>0x2000e718</load_address>
         <run_address>0x2000e718</run_address>
         <size>0x88</size>
         <input_file_ref idref="fl-fe"/>
      </object_component>
      <object_component id="oc-259">
         <name>.text</name>
         <load_address>0x2000e7a0</load_address>
         <run_address>0x2000e7a0</run_address>
         <size>0x88</size>
         <input_file_ref idref="fl-ea"/>
      </object_component>
      <object_component id="oc-479">
         <name>.text:__aeabi_cdcmple</name>
         <load_address>0x2000e828</load_address>
         <run_address>0x2000e828</run_address>
         <size>0x86</size>
         <input_file_ref idref="fl-d1"/>
      </object_component>
      <object_component id="oc-47e">
         <name>.text:__aeabi_cdrcmple</name>
         <load_address>0x2000e8ae</load_address>
         <run_address>0x2000e8ae</run_address>
         <size>0x86</size>
         <input_file_ref idref="fl-d1"/>
      </object_component>
      <object_component id="oc-460">
         <name>.text:I2CMasterInitExpClk</name>
         <load_address>0x2000e934</load_address>
         <run_address>0x2000e934</run_address>
         <size>0x84</size>
         <input_file_ref idref="fl-fc"/>
      </object_component>
      <object_component id="oc-12a">
         <name>.text:sl_WlanRxFilterSet</name>
         <load_address>0x2000e9b8</load_address>
         <run_address>0x2000e9b8</run_address>
         <size>0x84</size>
         <input_file_ref idref="fl-10a"/>
      </object_component>
      <object_component id="oc-8c4">
         <name>.text:_sl_HandleAsync_Connect</name>
         <load_address>0x2000ea3c</load_address>
         <run_address>0x2000ea3c</run_address>
         <size>0x80</size>
         <input_file_ref idref="fl-109"/>
      </object_component>
      <object_component id="oc-855">
         <name>.text:spi_Read_CPU</name>
         <load_address>0x2000eabc</load_address>
         <run_address>0x2000eabc</run_address>
         <size>0x80</size>
         <input_file_ref idref="fl-10b"/>
      </object_component>
      <object_component id="oc-7fa">
         <name>.text:spi_Write_CPU</name>
         <load_address>0x2000eb3c</load_address>
         <run_address>0x2000eb3c</run_address>
         <size>0x80</size>
         <input_file_ref idref="fl-10b"/>
      </object_component>
      <object_component id="oc-4d">
         <name>.text</name>
         <load_address>0x2000ebbc</load_address>
         <run_address>0x2000ebbc</run_address>
         <size>0x7a</size>
         <input_file_ref idref="fl-de"/>
      </object_component>
      <object_component id="oc-30b">
         <name>.text:spi_Close</name>
         <load_address>0x2000ec38</load_address>
         <run_address>0x2000ec38</run_address>
         <size>0x78</size>
         <input_file_ref idref="fl-10b"/>
      </object_component>
      <object_component id="oc-253">
         <name>.text:UARTConfigSetExpClk</name>
         <load_address>0x2000ecb0</load_address>
         <run_address>0x2000ecb0</run_address>
         <size>0x76</size>
         <input_file_ref idref="fl-100"/>
      </object_component>
      <object_component id="oc-eb">
         <name>.text:_SlNonOsMainLoopTask</name>
         <load_address>0x2000ed28</load_address>
         <run_address>0x2000ed28</run_address>
         <size>0x74</size>
         <input_file_ref idref="fl-108"/>
      </object_component>
      <object_component id="oc-65">
         <name>.text</name>
         <load_address>0x2000ed9c</load_address>
         <run_address>0x2000ed9c</run_address>
         <size>0x70</size>
         <input_file_ref idref="fl-ef"/>
      </object_component>
      <object_component id="oc-1dd">
         <name>.text</name>
         <load_address>0x2000ee0c</load_address>
         <run_address>0x2000ee0c</run_address>
         <size>0x6e</size>
         <input_file_ref idref="fl-d4"/>
      </object_component>
      <object_component id="oc-8ff">
         <name>.text:_SlDrvCmdSend</name>
         <load_address>0x2000ee7c</load_address>
         <run_address>0x2000ee7c</run_address>
         <size>0x6c</size>
         <input_file_ref idref="fl-105"/>
      </object_component>
      <object_component id="oc-8ae">
         <name>.text:_sl_NetAppSendTokenValue</name>
         <load_address>0x2000eee8</load_address>
         <run_address>0x2000eee8</run_address>
         <size>0x6c</size>
         <input_file_ref idref="fl-106"/>
      </object_component>
      <object_component id="oc-12">
         <name>.text:decompress:lzss</name>
         <load_address>0x2000ef54</load_address>
         <run_address>0x2000ef54</run_address>
         <size>0x68</size>
         <input_file_ref idref="fl-c9"/>
      </object_component>
      <object_component id="oc-5a7">
         <name>.text:_SlNonOsSpawn</name>
         <load_address>0x2000efbc</load_address>
         <run_address>0x2000efbc</run_address>
         <size>0x64</size>
         <input_file_ref idref="fl-108"/>
      </object_component>
      <object_component id="oc-8be">
         <name>.text:_sl_HandleAsync_Accept</name>
         <load_address>0x2000f020</load_address>
         <run_address>0x2000f020</run_address>
         <size>0x64</size>
         <input_file_ref idref="fl-109"/>
      </object_component>
      <object_component id="oc-121">
         <name>.text:sl_NetAppMDNSUnRegisterService</name>
         <load_address>0x2000f084</load_address>
         <run_address>0x2000f084</run_address>
         <size>0x64</size>
         <input_file_ref idref="fl-106"/>
      </object_component>
      <object_component id="oc-701">
         <name>.text:uDMAChannelAttributeDisable</name>
         <load_address>0x2000f0e8</load_address>
         <run_address>0x2000f0e8</run_address>
         <size>0x64</size>
         <input_file_ref idref="fl-112"/>
      </object_component>
      <object_component id="oc-8de">
         <name>.text:uDMAChannelAttributeEnable</name>
         <load_address>0x2000f14c</load_address>
         <run_address>0x2000f14c</run_address>
         <size>0x64</size>
         <input_file_ref idref="fl-112"/>
      </object_component>
      <object_component id="oc-166">
         <name>.text</name>
         <load_address>0x2000f1b0</load_address>
         <run_address>0x2000f1b0</run_address>
         <size>0x60</size>
         <input_file_ref idref="fl-e3"/>
      </object_component>
      <object_component id="oc-392">
         <name>.text:sl_Close</name>
         <load_address>0x2000f210</load_address>
         <run_address>0x2000f210</run_address>
         <size>0x60</size>
         <input_file_ref idref="fl-109"/>
      </object_component>
      <object_component id="oc-109">
         <name>.text:sl_WlanProfileDel</name>
         <load_address>0x2000f270</load_address>
         <run_address>0x2000f270</run_address>
         <size>0x60</size>
         <input_file_ref idref="fl-10a"/>
      </object_component>
      <object_component id="oc-f1">
         <name>.text:sl_WlanSetMode</name>
         <load_address>0x2000f2d0</load_address>
         <run_address>0x2000f2d0</run_address>
         <size>0x60</size>
         <input_file_ref idref="fl-10a"/>
      </object_component>
      <object_component id="oc-668">
         <name>.text</name>
         <load_address>0x2000f330</load_address>
         <run_address>0x2000f330</run_address>
         <size>0x5c</size>
         <input_file_ref idref="fl-f6"/>
      </object_component>
      <object_component id="oc-578">
         <name>.text:IntPendClear</name>
         <load_address>0x2000f38c</load_address>
         <run_address>0x2000f38c</run_address>
         <size>0x58</size>
         <input_file_ref idref="fl-fd"/>
      </object_component>
      <object_component id="oc-423">
         <name>.text:PRCMPeripheralReset</name>
         <load_address>0x2000f3e4</load_address>
         <run_address>0x2000f3e4</run_address>
         <size>0x58</size>
         <input_file_ref idref="fl-ff"/>
      </object_component>
      <object_component id="oc-53f">
         <name>.text:IntPrioritySet</name>
         <load_address>0x2000f43c</load_address>
         <run_address>0x2000f43c</run_address>
         <size>0x54</size>
         <input_file_ref idref="fl-fd"/>
      </object_component>
      <object_component id="oc-2de">
         <name>.text:_SlDrvRxIrqHandler</name>
         <load_address>0x2000f490</load_address>
         <run_address>0x2000f490</run_address>
         <size>0x54</size>
         <input_file_ref idref="fl-105"/>
      </object_component>
      <object_component id="oc-8ca">
         <name>.text:_sl_HandleAsync_Select</name>
         <load_address>0x2000f4e4</load_address>
         <run_address>0x2000f4e4</run_address>
         <size>0x54</size>
         <input_file_ref idref="fl-109"/>
      </object_component>
      <object_component id="oc-71">
         <name>.text</name>
         <load_address>0x2000f538</load_address>
         <run_address>0x2000f538</run_address>
         <size>0x54</size>
         <input_file_ref idref="fl-cf"/>
      </object_component>
      <object_component id="oc-662">
         <name>.text</name>
         <load_address>0x2000f58c</load_address>
         <run_address>0x2000f58c</run_address>
         <size>0x54</size>
         <input_file_ref idref="fl-f3"/>
      </object_component>
      <object_component id="oc-8d0">
         <name>.text:_sl_HandleAsync_Stop</name>
         <load_address>0x2000f5e0</load_address>
         <run_address>0x2000f5e0</run_address>
         <size>0x50</size>
         <input_file_ref idref="fl-104"/>
      </object_component>
      <object_component id="oc-545">
         <name>.text:SPIIntEnable</name>
         <load_address>0x2000f630</load_address>
         <run_address>0x2000f630</run_address>
         <size>0x4c</size>
         <input_file_ref idref="fl-110"/>
      </object_component>
      <object_component id="oc-753">
         <name>.text:SPIIntNumberGet</name>
         <load_address>0x2000f67c</load_address>
         <run_address>0x2000f67c</run_address>
         <size>0x4c</size>
         <input_file_ref idref="fl-110"/>
      </object_component>
      <object_component id="oc-2ae">
         <name>.text:_SlDrvProtectAsyncRespSetting</name>
         <load_address>0x2000f6c8</load_address>
         <run_address>0x2000f6c8</run_address>
         <size>0x4c</size>
         <input_file_ref idref="fl-105"/>
      </object_component>
      <object_component id="oc-62c">
         <name>.text:_sl_BuildAddress</name>
         <load_address>0x2000f714</load_address>
         <run_address>0x2000f714</run_address>
         <size>0x4c</size>
         <input_file_ref idref="fl-109"/>
      </object_component>
      <object_component id="oc-66e">
         <name>.text</name>
         <load_address>0x2000f760</load_address>
         <run_address>0x2000f760</run_address>
         <size>0x4c</size>
         <input_file_ref idref="fl-ee"/>
      </object_component>
      <object_component id="oc-9a">
         <name>.text</name>
         <load_address>0x2000f7ac</load_address>
         <run_address>0x2000f7ac</run_address>
         <size>0x4c</size>
         <input_file_ref idref="fl-f0"/>
      </object_component>
      <object_component id="oc-6fb">
         <name>.text:uDMAChannelAssign</name>
         <load_address>0x2000f7f8</load_address>
         <run_address>0x2000f7f8</run_address>
         <size>0x4c</size>
         <input_file_ref idref="fl-112"/>
      </object_component>
      <object_component id="oc-721">
         <name>.text:SPIIntClear</name>
         <load_address>0x2000f844</load_address>
         <run_address>0x2000f844</run_address>
         <size>0x48</size>
         <input_file_ref idref="fl-110"/>
      </object_component>
      <object_component id="oc-337">
         <name>.text:_SlDrvBasicCmd</name>
         <load_address>0x2000f88c</load_address>
         <run_address>0x2000f88c</run_address>
         <size>0x48</size>
         <input_file_ref idref="fl-105"/>
      </object_component>
      <object_component id="oc-65d">
         <name>.text</name>
         <load_address>0x2000f8d4</load_address>
         <run_address>0x2000f8d4</run_address>
         <size>0x48</size>
         <input_file_ref idref="fl-f2"/>
      </object_component>
      <object_component id="oc-1b6">
         <name>.text</name>
         <load_address>0x2000f91c</load_address>
         <run_address>0x2000f91c</run_address>
         <size>0x48</size>
         <input_file_ref idref="fl-da"/>
      </object_component>
      <object_component id="oc-710">
         <name>.text:SPIDmaMaskGet</name>
         <load_address>0x2000f964</load_address>
         <run_address>0x2000f964</run_address>
         <size>0x44</size>
         <input_file_ref idref="fl-110"/>
      </object_component>
      <object_component id="oc-874">
         <name>.text:TimerConfigure</name>
         <load_address>0x2000f9a8</load_address>
         <run_address>0x2000f9a8</run_address>
         <size>0x44</size>
         <input_file_ref idref="fl-111"/>
      </object_component>
      <object_component id="oc-2c6">
         <name>.text:_SlDrvSyncObjWaitTimeout</name>
         <load_address>0x2000f9ec</load_address>
         <run_address>0x2000f9ec</run_address>
         <size>0x44</size>
         <input_file_ref idref="fl-105"/>
      </object_component>
      <object_component id="oc-862">
         <name>.text:cc_SetupTransfer</name>
         <load_address>0x2000fa30</load_address>
         <run_address>0x2000fa30</run_address>
         <size>0x44</size>
         <input_file_ref idref="fl-10b"/>
      </object_component>
      <object_component id="oc-185">
         <name>.text:sl_Htonl</name>
         <load_address>0x2000fa74</load_address>
         <run_address>0x2000fa74</run_address>
         <size>0x42</size>
         <input_file_ref idref="fl-109"/>
      </object_component>
      <object_component id="oc-6cb">
         <name>.text:PinModeSet</name>
         <load_address>0x2000fab8</load_address>
         <run_address>0x2000fab8</run_address>
         <size>0x40</size>
         <input_file_ref idref="fl-fe"/>
      </object_component>
      <object_component id="oc-768">
         <name>.text:_sl_TruncatePayloadByProtocol</name>
         <load_address>0x2000faf8</load_address>
         <run_address>0x2000faf8</run_address>
         <size>0x40</size>
         <input_file_ref idref="fl-109"/>
      </object_component>
      <object_component id="oc-24">
         <name>.text</name>
         <load_address>0x2000fb38</load_address>
         <run_address>0x2000fb38</run_address>
         <size>0x40</size>
         <input_file_ref idref="fl-c8"/>
      </object_component>
      <object_component id="oc-2ba">
         <name>.text:NwpRegisterInterruptHandler</name>
         <load_address>0x2000fb78</load_address>
         <run_address>0x2000fb78</run_address>
         <size>0x3e</size>
         <input_file_ref idref="fl-10b"/>
      </object_component>
      <object_component id="oc-8b5">
         <name>.text:CopyPingResultsToReport</name>
         <load_address>0x2000fbb6</load_address>
         <run_address>0x2000fbb6</run_address>
         <size>0x3c</size>
         <input_file_ref idref="fl-106"/>
      </object_component>
      <object_component id="oc-41d">
         <name>.text:PRCMPeripheralClkEnable</name>
         <load_address>0x2000fbf4</load_address>
         <run_address>0x2000fbf4</run_address>
         <size>0x3c</size>
         <input_file_ref idref="fl-ff"/>
      </object_component>
      <object_component id="oc-828">
         <name>.text:simplelink_timerA2_start</name>
         <load_address>0x2000fc30</load_address>
         <run_address>0x2000fc30</run_address>
         <size>0x3c</size>
         <input_file_ref idref="fl-10b"/>
      </object_component>
      <object_component id="oc-17f">
         <name>.text:sl_Htons</name>
         <load_address>0x2000fc6c</load_address>
         <run_address>0x2000fc6c</run_address>
         <size>0x3c</size>
         <input_file_ref idref="fl-109"/>
      </object_component>
      <object_component id="oc-8d8">
         <name>.text:uDMAChannelControlSet</name>
         <load_address>0x2000fca8</load_address>
         <run_address>0x2000fca8</run_address>
         <size>0x3c</size>
         <input_file_ref idref="fl-112"/>
      </object_component>
      <object_component id="oc-2b4">
         <name>.text:NwpPowerOff</name>
         <load_address>0x2000fce4</load_address>
         <run_address>0x2000fce4</run_address>
         <size>0x38</size>
         <input_file_ref idref="fl-10b"/>
      </object_component>
      <object_component id="oc-1f5">
         <name>.text</name>
         <load_address>0x2000fd1c</load_address>
         <run_address>0x2000fd1c</run_address>
         <size>0x38</size>
         <input_file_ref idref="fl-d7"/>
      </object_component>
      <object_component id="oc-1ac">
         <name>.text</name>
         <load_address>0x2000fd54</load_address>
         <run_address>0x2000fd54</run_address>
         <size>0x38</size>
         <input_file_ref idref="fl-d9"/>
      </object_component>
      <object_component id="oc-10f">
         <name>.text:sl_WlanDisconnect</name>
         <load_address>0x2000fd8c</load_address>
         <run_address>0x2000fd8c</run_address>
         <size>0x38</size>
         <input_file_ref idref="fl-10a"/>
      </object_component>
      <object_component id="oc-4a6">
         <name>.text:GPIODirModeSet</name>
         <load_address>0x2000fdc4</load_address>
         <run_address>0x2000fdc4</run_address>
         <size>0x36</size>
         <input_file_ref idref="fl-fb"/>
      </object_component>
      <object_component id="oc-51b">
         <name>.text:PRCMPeripheralStatusGet</name>
         <load_address>0x2000fdfc</load_address>
         <run_address>0x2000fdfc</run_address>
         <size>0x34</size>
         <input_file_ref idref="fl-ff"/>
      </object_component>
      <object_component id="oc-533">
         <name>.text:SPIFIFOLevelSet</name>
         <load_address>0x2000fe30</load_address>
         <run_address>0x2000fe30</run_address>
         <size>0x34</size>
         <input_file_ref idref="fl-110"/>
      </object_component>
      <object_component id="oc-4a0">
         <name>.text:PinTypeGPIO</name>
         <load_address>0x2000fe64</load_address>
         <run_address>0x2000fe64</run_address>
         <size>0x30</size>
         <input_file_ref idref="fl-fe"/>
      </object_component>
      <object_component id="oc-4d4">
         <name>.text:UARTDisable</name>
         <load_address>0x2000fe94</load_address>
         <run_address>0x2000fe94</run_address>
         <size>0x30</size>
         <input_file_ref idref="fl-100"/>
      </object_component>
      <object_component id="oc-1d8">
         <name>.text</name>
         <load_address>0x2000fec4</load_address>
         <run_address>0x2000fec4</run_address>
         <size>0x2e</size>
         <input_file_ref idref="fl-d8"/>
      </object_component>
      <object_component id="oc-448">
         <name>.text:I2CMasterErr</name>
         <load_address>0x2000fef2</load_address>
         <run_address>0x2000fef2</run_address>
         <size>0x2c</size>
         <input_file_ref idref="fl-fc"/>
      </object_component>
      <object_component id="oc-2c0">
         <name>.text:NwpPowerOn</name>
         <load_address>0x2000ff20</load_address>
         <run_address>0x2000ff20</run_address>
         <size>0x2c</size>
         <input_file_ref idref="fl-10b"/>
      </object_component>
      <object_component id="oc-40b">
         <name>.text:PRCMSysResetCauseGet</name>
         <load_address>0x2000ff4c</load_address>
         <run_address>0x2000ff4c</run_address>
         <size>0x2c</size>
         <input_file_ref idref="fl-ff"/>
      </object_component>
      <object_component id="oc-5ba">
         <name>.text:_SlDrvObjGlobalLockWaitForever</name>
         <load_address>0x2000ff78</load_address>
         <run_address>0x2000ff78</run_address>
         <size>0x2c</size>
         <input_file_ref idref="fl-105"/>
      </object_component>
      <object_component id="oc-3e1">
         <name>.text:_SlDrvProtectionObjLockWaitForever</name>
         <load_address>0x2000ffa4</load_address>
         <run_address>0x2000ffa4</run_address>
         <size>0x2c</size>
         <input_file_ref idref="fl-105"/>
      </object_component>
      <object_component id="oc-146">
         <name>.text</name>
         <load_address>0x2000ffd0</load_address>
         <run_address>0x2000ffd0</run_address>
         <size>0x2c</size>
         <input_file_ref idref="fl-e7"/>
      </object_component>
      <object_component id="oc-880">
         <name>.text:TimerLoadSet</name>
         <load_address>0x2000fffc</load_address>
         <run_address>0x2000fffc</run_address>
         <size>0x2a</size>
         <input_file_ref idref="fl-111"/>
      </object_component>
      <object_component id="oc-87a">
         <name>.text:TimerPrescaleSet</name>
         <load_address>0x20010026</load_address>
         <run_address>0x20010026</run_address>
         <size>0x2a</size>
         <input_file_ref idref="fl-111"/>
      </object_component>
      <object_component id="oc-429">
         <name>.text:PRCMPeripheralClkDisable</name>
         <load_address>0x20010050</load_address>
         <run_address>0x20010050</run_address>
         <size>0x28</size>
         <input_file_ref idref="fl-ff"/>
      </object_component>
      <object_component id="oc-5c0">
         <name>.text:_SlDrvGlobalObjUnLock</name>
         <load_address>0x20010078</load_address>
         <run_address>0x20010078</run_address>
         <size>0x28</size>
         <input_file_ref idref="fl-105"/>
      </object_component>
      <object_component id="oc-3e7">
         <name>.text:_SlDrvProtectionObjUnLock</name>
         <load_address>0x200100a0</load_address>
         <run_address>0x200100a0</run_address>
         <size>0x28</size>
         <input_file_ref idref="fl-105"/>
      </object_component>
      <object_component id="oc-3ed">
         <name>.text:_SlDrvSyncObjWaitForever</name>
         <load_address>0x200100c8</load_address>
         <run_address>0x200100c8</run_address>
         <size>0x28</size>
         <input_file_ref idref="fl-105"/>
      </object_component>
      <object_component id="oc-807">
         <name>.text:_SlDrvObjLockWaitForever</name>
         <load_address>0x200100f0</load_address>
         <run_address>0x200100f0</run_address>
         <size>0x26</size>
         <input_file_ref idref="fl-105"/>
      </object_component>
      <object_component id="oc-557">
         <name>.text:DmaSpiSwIntHandler</name>
         <load_address>0x20010118</load_address>
         <run_address>0x20010118</run_address>
         <size>0x24</size>
         <input_file_ref idref="fl-10b"/>
      </object_component>
      <object_component id="oc-572">
         <name>.text:IntUnregister</name>
         <load_address>0x2001013c</load_address>
         <run_address>0x2001013c</run_address>
         <size>0x24</size>
         <input_file_ref idref="fl-fd"/>
      </object_component>
      <object_component id="oc-4da">
         <name>.text:UARTEnable</name>
         <load_address>0x20010160</load_address>
         <run_address>0x20010160</run_address>
         <size>0x24</size>
         <input_file_ref idref="fl-100"/>
      </object_component>
      <object_component id="oc-26b">
         <name>.text</name>
         <load_address>0x20010184</load_address>
         <run_address>0x20010184</run_address>
         <size>0x24</size>
         <input_file_ref idref="fl-dc"/>
      </object_component>
      <object_component id="oc-44e">
         <name>.text:I2CMasterSlaveAddrSet</name>
         <load_address>0x200101a8</load_address>
         <run_address>0x200101a8</run_address>
         <size>0x22</size>
         <input_file_ref idref="fl-fc"/>
      </object_component>
      <object_component id="oc-50f">
         <name>.text:SPIReset</name>
         <load_address>0x200101ca</load_address>
         <run_address>0x200101ca</run_address>
         <size>0x22</size>
         <input_file_ref idref="fl-110"/>
      </object_component>
      <object_component id="oc-7f4">
         <name>.text:SPIWordCountSet</name>
         <load_address>0x200101ec</load_address>
         <run_address>0x200101ec</run_address>
         <size>0x22</size>
         <input_file_ref idref="fl-110"/>
      </object_component>
      <object_component id="oc-539">
         <name>.text:IntRegister</name>
         <load_address>0x20010210</load_address>
         <run_address>0x20010210</run_address>
         <size>0x20</size>
         <input_file_ref idref="fl-fd"/>
      </object_component>
      <object_component id="oc-305">
         <name>.text:NwpPrePowerOffTimout0</name>
         <load_address>0x20010230</load_address>
         <run_address>0x20010230</run_address>
         <size>0x20</size>
         <input_file_ref idref="fl-10b"/>
      </object_component>
      <object_component id="oc-7b7">
         <name>.text:TimerGetCurrentTimestamp</name>
         <load_address>0x20010250</load_address>
         <run_address>0x20010250</run_address>
         <size>0x20</size>
         <input_file_ref idref="fl-10b"/>
      </object_component>
      <object_component id="oc-80d">
         <name>.text:_SlDrvObjUnLock</name>
         <load_address>0x20010270</load_address>
         <run_address>0x20010270</run_address>
         <size>0x20</size>
         <input_file_ref idref="fl-105"/>
      </object_component>
      <object_component id="oc-593">
         <name>.text:_SlDrvSyncObjSignal</name>
         <load_address>0x20010290</load_address>
         <run_address>0x20010290</run_address>
         <size>0x20</size>
         <input_file_ref idref="fl-105"/>
      </object_component>
      <object_component id="oc-430">
         <name>.text:I2CMasterIntStatusEx</name>
         <load_address>0x200102b0</load_address>
         <run_address>0x200102b0</run_address>
         <size>0x1e</size>
         <input_file_ref idref="fl-fc"/>
      </object_component>
      <object_component id="oc-886">
         <name>.text:TimerEnable</name>
         <load_address>0x200102ce</load_address>
         <run_address>0x200102ce</run_address>
         <size>0x1e</size>
         <input_file_ref idref="fl-111"/>
      </object_component>
      <object_component id="oc-1ee">
         <name>.text:UARTCharPut</name>
         <load_address>0x200102ec</load_address>
         <run_address>0x200102ec</run_address>
         <size>0x1e</size>
         <input_file_ref idref="fl-100"/>
      </object_component>
      <object_component id="oc-521">
         <name>.text:cc_UDMAChannelSelect</name>
         <load_address>0x2001030a</load_address>
         <run_address>0x2001030a</run_address>
         <size>0x1e</size>
         <input_file_ref idref="fl-10b"/>
      </object_component>
      <object_component id="oc-4b8">
         <name>.text:PinTypeI2C</name>
         <load_address>0x20010328</load_address>
         <run_address>0x20010328</run_address>
         <size>0x1c</size>
         <input_file_ref idref="fl-fe"/>
      </object_component>
      <object_component id="oc-82e">
         <name>.text:TimerValueGet</name>
         <load_address>0x20010344</load_address>
         <run_address>0x20010344</run_address>
         <size>0x1c</size>
         <input_file_ref idref="fl-111"/>
      </object_component>
      <object_component id="oc-265">
         <name>.text:UARTCharGetNonBlocking</name>
         <load_address>0x20010360</load_address>
         <run_address>0x20010360</run_address>
         <size>0x1c</size>
         <input_file_ref idref="fl-100"/>
      </object_component>
      <object_component id="oc-6e4">
         <name>.text:_SlDrvStartMeasureTimeout</name>
         <load_address>0x2001037c</load_address>
         <run_address>0x2001037c</run_address>
         <size>0x1c</size>
         <input_file_ref idref="fl-105"/>
      </object_component>
      <object_component id="oc-674">
         <name>.text</name>
         <load_address>0x20010398</load_address>
         <run_address>0x20010398</run_address>
         <size>0x1c</size>
         <input_file_ref idref="fl-f4"/>
      </object_component>
      <object_component id="oc-8ea">
         <name>.text:uDMAChannelEnable</name>
         <load_address>0x200103b4</load_address>
         <run_address>0x200103b4</run_address>
         <size>0x1c</size>
         <input_file_ref idref="fl-112"/>
      </object_component>
      <object_component id="oc-4ac">
         <name>.text:PinTypeSPI</name>
         <load_address>0x200103d0</load_address>
         <run_address>0x200103d0</run_address>
         <size>0x1a</size>
         <input_file_ref idref="fl-fe"/>
      </object_component>
      <object_component id="oc-49a">
         <name>.text:PinTypeTimer</name>
         <load_address>0x200103ea</load_address>
         <run_address>0x200103ea</run_address>
         <size>0x1a</size>
         <input_file_ref idref="fl-fe"/>
      </object_component>
      <object_component id="oc-4b2">
         <name>.text:PinTypeUART</name>
         <load_address>0x20010404</load_address>
         <run_address>0x20010404</run_address>
         <size>0x1a</size>
         <input_file_ref idref="fl-fe"/>
      </object_component>
      <object_component id="oc-5e4">
         <name>.text:SPIDmaDisable</name>
         <load_address>0x2001041e</load_address>
         <run_address>0x2001041e</run_address>
         <size>0x1a</size>
         <input_file_ref idref="fl-110"/>
      </object_component>
      <object_component id="oc-52d">
         <name>.text:SPIDmaEnable</name>
         <load_address>0x20010438</load_address>
         <run_address>0x20010438</run_address>
         <size>0x1a</size>
         <input_file_ref idref="fl-110"/>
      </object_component>
      <object_component id="oc-5de">
         <name>.text:SPIFIFODisable</name>
         <load_address>0x20010452</load_address>
         <run_address>0x20010452</run_address>
         <size>0x1a</size>
         <input_file_ref idref="fl-110"/>
      </object_component>
      <object_component id="oc-527">
         <name>.text:SPIFIFOEnable</name>
         <load_address>0x2001046c</load_address>
         <run_address>0x2001046c</run_address>
         <size>0x1a</size>
         <input_file_ref idref="fl-110"/>
      </object_component>
      <object_component id="oc-5d8">
         <name>.text:SPIIntUnregister</name>
         <load_address>0x20010486</load_address>
         <run_address>0x20010486</run_address>
         <size>0x1a</size>
         <input_file_ref idref="fl-110"/>
      </object_component>
      <object_component id="oc-503">
         <name>.text:SPICSDisable</name>
         <load_address>0x200104a0</load_address>
         <run_address>0x200104a0</run_address>
         <size>0x18</size>
         <input_file_ref idref="fl-110"/>
      </object_component>
      <object_component id="oc-7ee">
         <name>.text:SPICSEnable</name>
         <load_address>0x200104b8</load_address>
         <run_address>0x200104b8</run_address>
         <size>0x18</size>
         <input_file_ref idref="fl-110"/>
      </object_component>
      <object_component id="oc-509">
         <name>.text:SPIDisable</name>
         <load_address>0x200104d0</load_address>
         <run_address>0x200104d0</run_address>
         <size>0x18</size>
         <input_file_ref idref="fl-110"/>
      </object_component>
      <object_component id="oc-54b">
         <name>.text:SPIEnable</name>
         <load_address>0x200104e8</load_address>
         <run_address>0x200104e8</run_address>
         <size>0x18</size>
         <input_file_ref idref="fl-110"/>
      </object_component>
      <object_component id="oc-25f">
         <name>.text:UARTCharsAvail</name>
         <load_address>0x20010500</load_address>
         <run_address>0x20010500</run_address>
         <size>0x18</size>
         <input_file_ref idref="fl-100"/>
      </object_component>
      <object_component id="oc-4f2">
         <name>.text:_SlNonOsSemSet</name>
         <load_address>0x20010518</load_address>
         <run_address>0x20010518</run_address>
         <size>0x18</size>
         <input_file_ref idref="fl-108"/>
      </object_component>
      <object_component id="oc-2d2">
         <name>.text:_sl_GetStartResponseConvert</name>
         <load_address>0x20010530</load_address>
         <run_address>0x20010530</run_address>
         <size>0x18</size>
         <input_file_ref idref="fl-104"/>
      </object_component>
      <object_component id="oc-6b">
         <name>.text</name>
         <load_address>0x20010548</load_address>
         <run_address>0x20010548</run_address>
         <size>0x18</size>
         <input_file_ref idref="fl-ed"/>
      </object_component>
      <object_component id="oc-36e">
         <name>.text</name>
         <load_address>0x20010560</load_address>
         <run_address>0x20010560</run_address>
         <size>0x18</size>
         <input_file_ref idref="fl-10f"/>
      </object_component>
      <object_component id="oc-454">
         <name>.text:I2CMasterDataPut</name>
         <load_address>0x20010578</load_address>
         <run_address>0x20010578</run_address>
         <size>0x16</size>
         <input_file_ref idref="fl-fc"/>
      </object_component>
      <object_component id="oc-6a6">
         <name>.text:I2CMasterEnable</name>
         <load_address>0x2001058e</load_address>
         <run_address>0x2001058e</run_address>
         <size>0x16</size>
         <input_file_ref idref="fl-fc"/>
      </object_component>
      <object_component id="oc-411">
         <name>.text:PRCMHIBRegRead</name>
         <load_address>0x200105a4</load_address>
         <run_address>0x200105a4</run_address>
         <size>0x16</size>
         <input_file_ref idref="fl-ff"/>
      </object_component>
      <object_component id="oc-417">
         <name>.text:PRCMHIBRegWrite</name>
         <load_address>0x200105ba</load_address>
         <run_address>0x200105ba</run_address>
         <size>0x16</size>
         <input_file_ref idref="fl-ff"/>
      </object_component>
      <object_component id="oc-1e8">
         <name>.text:UARTCharGet</name>
         <load_address>0x200105d0</load_address>
         <run_address>0x200105d0</run_address>
         <size>0x16</size>
         <input_file_ref idref="fl-100"/>
      </object_component>
      <object_component id="oc-35e">
         <name>.text:_SlDrvMemZero</name>
         <load_address>0x200105e6</load_address>
         <run_address>0x200105e6</run_address>
         <size>0x16</size>
         <input_file_ref idref="fl-105"/>
      </object_component>
      <object_component id="oc-380">
         <name>.text</name>
         <load_address>0x200105fc</load_address>
         <run_address>0x200105fc</run_address>
         <size>0x16</size>
         <input_file_ref idref="fl-f8"/>
      </object_component>
      <object_component id="oc-400">
         <name>.text:CPUcpsie</name>
         <load_address>0x20010612</load_address>
         <run_address>0x20010612</run_address>
         <size>0x14</size>
         <input_file_ref idref="fl-102"/>
      </object_component>
      <object_component id="oc-18b">
         <name>.text:IntVTableBaseSet</name>
         <load_address>0x20010628</load_address>
         <run_address>0x20010628</run_address>
         <size>0x14</size>
         <input_file_ref idref="fl-fd"/>
      </object_component>
      <object_component id="oc-494">
         <name>.text:PinTypeADC</name>
         <load_address>0x2001063c</load_address>
         <run_address>0x2001063c</run_address>
         <size>0x14</size>
         <input_file_ref idref="fl-fe"/>
      </object_component>
      <object_component id="oc-235">
         <name>.text</name>
         <load_address>0x20010650</load_address>
         <run_address>0x20010650</run_address>
         <size>0x14</size>
         <input_file_ref idref="fl-eb"/>
      </object_component>
      <object_component id="oc-201">
         <name>.text</name>
         <load_address>0x20010664</load_address>
         <run_address>0x20010664</run_address>
         <size>0x14</size>
         <input_file_ref idref="fl-e5"/>
      </object_component>
      <object_component id="oc-134">
         <name>.text</name>
         <load_address>0x20010678</load_address>
         <run_address>0x20010678</run_address>
         <size>0x14</size>
         <input_file_ref idref="fl-e6"/>
      </object_component>
      <object_component id="oc-442">
         <name>.text:I2CMasterControl</name>
         <load_address>0x2001068c</load_address>
         <run_address>0x2001068c</run_address>
         <size>0x12</size>
         <input_file_ref idref="fl-fc"/>
      </object_component>
      <object_component id="oc-436">
         <name>.text:I2CMasterIntClearEx</name>
         <load_address>0x2001069e</load_address>
         <run_address>0x2001069e</run_address>
         <size>0x12</size>
         <input_file_ref idref="fl-fc"/>
      </object_component>
      <object_component id="oc-43c">
         <name>.text:I2CMasterTimeoutSet</name>
         <load_address>0x200106b0</load_address>
         <run_address>0x200106b0</run_address>
         <size>0x12</size>
         <input_file_ref idref="fl-fc"/>
      </object_component>
      <object_component id="oc-8a8">
         <name>.text:_SlDrvDispatchHttpServerEvents</name>
         <load_address>0x200106c2</load_address>
         <run_address>0x200106c2</run_address>
         <size>0x10</size>
         <input_file_ref idref="fl-105"/>
      </object_component>
      <object_component id="oc-45a">
         <name>.text:I2CMasterDataGet</name>
         <load_address>0x200106d2</load_address>
         <run_address>0x200106d2</run_address>
         <size>0xe</size>
         <input_file_ref idref="fl-fc"/>
      </object_component>
      <object_component id="oc-320">
         <name>.text:_SlDrvResetCmdExt</name>
         <load_address>0x200106e0</load_address>
         <run_address>0x200106e0</run_address>
         <size>0xe</size>
         <input_file_ref idref="fl-105"/>
      </object_component>
      <object_component id="oc-18">
[...]
         <name>_SlDrvDataReadOp</name>
         <value>0x2000af65</value>
         <object_component_ref idref="oc-75e"/>
      </symbol>
      <symbol id="sm-ee5">
         <name>_SlDrvDataWriteOp</name>
         <value>0x2000c171</value>
         <object_component_ref idref="oc-76e"/>
      </symbol>
      <symbol id="sm-ee6">
         <name>_SlDrvRxIrqHandler</name>
         <value>0x2000f491</value>
         <object_component_ref idref="oc-2de"/>
      </symbol>
      <symbol id="sm-ee7">
         <name>_SlDrvSyncObjWaitForever</name>
         <value>0x200100c9</value>
         <object_component_ref idref="oc-3ed"/>
      </symbol>
      <symbol id="sm-ee8">
         <name>g_SlDeviceStatus</name>
         <value>0x2001818c</value>
         <object_component_ref idref="oc-2db"/>
      </symbol>
      <symbol id="sm-ee9">
         <name>_SlDrvCmdSend</name>
         <value>0x2000ee7d</value>
         <object_component_ref idref="oc-8ff"/>
      </symbol>
      <symbol id="sm-eea">
         <name>_SlActionLookupTable</name>
         <value>0x20010b8c</value>
         <object_component_ref idref="oc-85c"/>
      </symbol>
      <symbol id="sm-f92">
         <name>sl_NetAppMDNSUnRegisterService</name>
         <value>0x2000f085</value>
         <object_component_ref idref="oc-121"/>
      </symbol>
      <symbol id="sm-f93">
         <name>_SlNetAppSendTokenValueCmdCtrl</name>
         <value>0x20010df6</value>
         <object_component_ref idref="oc-905"/>
      </symbol>
      <symbol id="sm-f94">
         <name>sl_NetAppDnsGetHostByName</name>
         <value>0x2000c54d</value>
         <object_component_ref idref="oc-179"/>
      </symbol>
      <symbol id="sm-f95">
         <name>_sl_HandleAsync_DnsGetHostByName</name>
         <value>0x2000e2ad</value>
         <object_component_ref idref="oc-89c"/>
      </symbol>
      <symbol id="sm-f96">
         <name>_sl_HandleAsync_PingResponse</name>
         <value>0x2000e33d</value>
         <object_component_ref idref="oc-848"/>
      </symbol>
      <symbol id="sm-f97">
         <name>_SlDrvNetAppEventHandler</name>
         <value>0x2000cb41</value>
         <object_component_ref idref="oc-842"/>
      </symbol>
      <symbol id="sm-f98">
         <name>_sl_HandleAsync_DnsGetHostByService</name>
         <value>0x2000d659</value>
         <object_component_ref idref="oc-8a2"/>
      </symbol>
      <symbol id="sm-f99">
         <name>_sl_NetAppSendTokenValue</name>
         <value>0x2000eee9</value>
         <object_component_ref idref="oc-8ae"/>
      </symbol>
      <symbol id="sm-f9a">
         <name>sl_NetAppMDNSRegisterUnregisterService</name>
         <value>0x2000d3c9</value>
         <object_component_ref idref="oc-34c"/>
      </symbol>
      <symbol id="sm-fbc">
         <name>sl_NetCfgSet</name>
         <value>0x2000de91</value>
         <object_component_ref idref="oc-115"/>
      </symbol>
      <symbol id="sm-1004">
         <name>_SlNonOsSemSet</name>
         <value>0x20010519</value>
         <object_component_ref idref="oc-4f2"/>
      </symbol>
      <symbol id="sm-1005">
         <name>_SlNonOsSpawn</name>
         <value>0x2000efbd</value>
         <object_component_ref idref="oc-5a7"/>
      </symbol>
      <symbol id="sm-1006">
         <name>_SlNonOsSemGet</name>
         <value>0x2000d975</value>
         <object_component_ref idref="oc-4f8"/>
      </symbol>
      <symbol id="sm-1007">
         <name>_SlNonOsMainLoopTask</name>
         <value>0x2000ed29</value>
         <object_component_ref idref="oc-eb"/>
      </symbol>
      <symbol id="sm-1008">
         <name>g__SlNonOsCB</name>
         <value>0x20018110</value>
         <object_component_ref idref="oc-2f0"/>
      </symbol>
      <symbol id="sm-1109">
         <name>sl_Recv</name>
         <value>0x2000dcb9</value>
         <object_component_ref idref="oc-609"/>
      </symbol>
      <symbol id="sm-110a">
         <name>sl_Send</name>
         <value>0x2000c7c9</value>
         <object_component_ref idref="oc-60f"/>
      </symbol>
      <symbol id="sm-110b">
         <name>_sl_HandleAsync_Connect</name>
         <value>0x2000ea3d</value>
         <object_component_ref idref="oc-8c4"/>
      </symbol>
      <symbol id="sm-110c">
         <name>sl_Htonl</name>
         <value>0x2000fa75</value>
         <object_component_ref idref="oc-185"/>
      </symbol>
      <symbol id="sm-110d">
         <name>sl_Htons</name>
         <value>0x2000fc6d</value>
         <object_component_ref idref="oc-17f"/>
      </symbol>
      <symbol id="sm-110e">
         <name>sl_Connect</name>
         <value>0x2000bb8d</value>
         <object_component_ref idref="oc-38c"/>
      </symbol>
      <symbol id="sm-110f">
         <name>sl_Socket</name>
         <value>0x2000e68d</value>
         <object_component_ref idref="oc-386"/>
      </symbol>
      <symbol id="sm-1110">
         <name>_sl_HandleAsync_Select</name>
         <value>0x2000f4e5</value>
         <object_component_ref idref="oc-8ca"/>
      </symbol>
      <symbol id="sm-1111">
         <name>sl_Close</name>
         <value>0x2000f211</value>
         <object_component_ref idref="oc-392"/>
      </symbol>
      <symbol id="sm-1112">
         <name>_sl_HandleAsync_Accept</name>
         <value>0x2000f021</value>
         <object_component_ref idref="oc-8be"/>
      </symbol>
      <symbol id="sm-1113">
         <name>sl_SetSockOpt</name>
         <value>0x2000df29</value>
         <object_component_ref idref="oc-377"/>
      </symbol>
      <symbol id="sm-11cd">
         <name>sl_WlanDisconnect</name>
         <value>0x2000fd8d</value>
         <object_component_ref idref="oc-10f"/>
      </symbol>
      <symbol id="sm-11ce">
         <name>sl_WlanPolicySet</name>
         <value>0x2000e3cd</value>
         <object_component_ref idref="oc-103"/>
      </symbol>
      <symbol id="sm-11cf">
         <name>sl_WlanProfileDel</name>
         <value>0x2000f271</value>
         <object_component_ref idref="oc-109"/>
      </symbol>
      <symbol id="sm-11d0">
         <name>sl_WlanRxFilterSet</name>
         <value>0x2000e9b9</value>
         <object_component_ref idref="oc-12a"/>
      </symbol>
      <symbol id="sm-11d1">
         <name>sl_WlanConnect</name>
         <value>0x2000a8a9</value>
         <object_component_ref idref="oc-13a"/>
      </symbol>
      <symbol id="sm-11d2">
         <name>sl_WlanSet</name>
         <value>0x2000dfc1</value>
         <object_component_ref idref="oc-11b"/>
      </symbol>
      <symbol id="sm-11d3">
         <name>sl_WlanSetMode</name>
         <value>0x2000f2d1</value>
         <object_component_ref idref="oc-f1"/>
      </symbol>
      <symbol id="sm-12f3">
         <name>g_ucDinDout</name>
         <value>0x2001782c</value>
      </symbol>
      <symbol id="sm-12f4">
         <name>g_cDummy</name>
         <value>0x200178c3</value>
      </symbol>
      <symbol id="sm-12f5">
         <name>NwpMaskInterrupt</name>
         <value>0x2001070d</value>
         <object_component_ref idref="oc-565"/>
      </symbol>
      <symbol id="sm-12f6">
         <name>NwpPrePowerOffTimout0</name>
         <value>0x20010231</value>
         <object_component_ref idref="oc-305"/>
      </symbol>
      <symbol id="sm-12f7">
         <name>NwpRegisterInterruptHandler</name>
         <value>0x2000fb79</value>
         <object_component_ref idref="oc-2ba"/>
      </symbol>
      <symbol id="sm-12f8">
         <name>g_pHostIntHdl</name>
         <value>0x200181b8</value>
         <object_component_ref idref="oc-551"/>
      </symbol>
      <symbol id="sm-12f9">
         <name>simplelink_timerA2_start</name>
         <value>0x2000fc31</value>
         <object_component_ref idref="oc-828"/>
      </symbol>
      <symbol id="sm-12fa">
         <name>NwpUnMaskInterrupt</name>
         <value>0x20010719</value>
         <object_component_ref idref="oc-57f"/>
      </symbol>
      <symbol id="sm-12fb">
         <name>NwpPowerOff</name>
         <value>0x2000fce5</value>
         <object_component_ref idref="oc-2b4"/>
      </symbol>
      <symbol id="sm-12fc">
         <name>TimerGetCurrentTimestamp</name>
         <value>0x20010251</value>
         <object_component_ref idref="oc-7b7"/>
      </symbol>
      <symbol id="sm-12fd">
         <name>spi_Read</name>
         <value>0x2000cf2d</value>
         <object_component_ref idref="oc-7d7"/>
      </symbol>
      <symbol id="sm-12fe">
         <name>DmaSpiSwIntHandler</name>
         <value>0x20010119</value>
         <object_component_ref idref="oc-557"/>
      </symbol>
      <symbol id="sm-12ff">
         <name>NwpPowerOn</name>
         <value>0x2000ff21</value>
         <object_component_ref idref="oc-2c0"/>
      </symbol>
      <symbol id="sm-1300">
         <name>spi_Close</name>
         <value>0x2000ec39</value>
         <object_component_ref idref="oc-30b"/>
      </symbol>
      <symbol id="sm-1301">
         <name>spi_Write</name>
         <value>0x2000e059</value>
         <object_component_ref idref="oc-748"/>
      </symbol>
      <symbol id="sm-1302">
         <name>spi_Open</name>
         <value>0x2000c2c1</value>
         <object_component_ref idref="oc-2a8"/>
      </symbol>
      <symbol id="sm-1303">
         <name>g_ucDMAEnabled</name>
         <value>0x200181bc</value>
         <object_component_ref idref="oc-551"/>
      </symbol>
      <symbol id="sm-1304">
         <name>g_SpiFd</name>
         <value>0x200181b4</value>
         <object_component_ref idref="oc-551"/>
      </symbol>
      <symbol id="sm-1440">
         <name>HTTPCli_setRequestFields</name>
         <value>0x20008359</value>
         <object_component_ref idref="oc-140"/>
      </symbol>
      <symbol id="sm-1441">
         <name>HTTPCli_setSecureParams</name>
         <value>0x200083a5</value>
         <object_component_ref idref="oc-140"/>
      </symbol>
      <symbol id="sm-1442">
         <name>HTTPCli_create</name>
         <value>0x2000828d</value>
         <object_component_ref idref="oc-140"/>
      </symbol>
      <symbol id="sm-1443">
         <name>HTTPCli_construct</name>
         <value>0x20008245</value>
         <object_component_ref idref="oc-140"/>
      </symbol>
      <symbol id="sm-1444">
         <name>HTTPCli_getResponseField</name>
         <value>0x20008559</value>
         <object_component_ref idref="oc-140"/>
      </symbol>
      <symbol id="sm-1445">
         <name>HTTPCli_readRawResponseBody</name>
         <value>0x20008769</value>
         <object_component_ref idref="oc-140"/>
      </symbol>
      <symbol id="sm-1446">
         <name>HTTPCli_connect</name>
         <value>0x20008123</value>
         <object_component_ref idref="oc-140"/>
      </symbol>
      <symbol id="sm-1447">
         <name>HTTPCli_sendRequest</name>
         <value>0x200083c5</value>
         <object_component_ref idref="oc-140"/>
      </symbol>
      <symbol id="sm-1448">
         <name>HTTPCli_readResponseBody</name>
         <value>0x200086dd</value>
         <object_component_ref idref="oc-140"/>
      </symbol>
      <symbol id="sm-1449">
         <name>HTTPCli_sendField</name>
         <value>0x20008493</value>
         <object_component_ref idref="oc-140"/>
      </symbol>
      <symbol id="sm-144a">
         <name>HTTPCli_delete</name>
         <value>0x200082a5</value>
         <object_component_ref idref="oc-140"/>
      </symbol>
      <symbol id="sm-144b">
         <name>HTTPCli_destruct</name>
         <value>0x200082db</value>
         <object_component_ref idref="oc-140"/>
      </symbol>
      <symbol id="sm-144c">
         <name>HTTPCli_setProxy</name>
         <value>0x200087a9</value>
         <object_component_ref idref="oc-140"/>
      </symbol>
      <symbol id="sm-144d">
         <name>bufferedRecv</name>
         <value>0x2000783f</value>
         <object_component_ref idref="oc-140"/>
      </symbol>
      <symbol id="sm-144e">
         <name>HTTPCli_initSockAddr</name>
         <value>0x20008015</value>
         <object_component_ref idref="oc-140"/>
      </symbol>
      <symbol id="sm-144f">
         <name>HTTPCli_getResponseStatus</name>
         <value>0x20008523</value>
         <object_component_ref idref="oc-140"/>
      </symbol>
      <symbol id="sm-1450">
         <name>HTTPCli_disconnect</name>
         <value>0x20008323</value>
         <object_component_ref idref="oc-140"/>
      </symbol>
      <symbol id="sm-1451">
         <name>HTTPCli_setResponseFields</name>
         <value>0x2000837f</value>
         <object_component_ref idref="oc-140"/>
      </symbol>
      <symbol id="sm-1452">
         <name>HTTPCli_sendRequestBody</name>
         <value>0x200084eb</value>
         <object_component_ref idref="oc-140"/>
      </symbol>
      <symbol id="sm-1487">
         <name>Ssock_startSecure</name>
         <value>0x2000a36b</value>
         <object_component_ref idref="oc-368"/>
      </symbol>
      <symbol id="sm-1488">
         <name>Ssock_recv</name>
         <value>0x2000a1b3</value>
         <object_component_ref idref="oc-368"/>
      </symbol>
      <symbol id="sm-1489">
         <name>Ssock_delete</name>
         <value>0x2000a12b</value>
         <object_component_ref idref="oc-368"/>
      </symbol>
      <symbol id="sm-148a">
         <name>Ssock_send</name>
         <value>0x2000a251</value>
         <object_component_ref idref="oc-368"/>
      </symbol>
      <symbol id="sm-148b">
         <name>Ssock_getSocket</name>
         <value>0x2000a1a5</value>
         <object_component_ref idref="oc-368"/>
      </symbol>
      <symbol id="sm-148c">
         <name>Ssock_recvall</name>
         <value>0x2000a20d</value>
         <object_component_ref idref="oc-368"/>
      </symbol>
      <symbol id="sm-148d">
         <name>Ssock_construct</name>
         <value>0x2000a0d1</value>
         <object_component_ref idref="oc-368"/>
      </symbol>
      <symbol id="sm-148e">
         <name>Ssock_create</name>
         <value>0x2000a111</value>
         <object_component_ref idref="oc-368"/>
      </symbol>
      <symbol id="sm-148f">
         <name>Ssock_destruct</name>
         <value>0x2000a153</value>
         <object_component_ref idref="oc-368"/>
      </symbol>
      <symbol id="sm-14ea">
         <name>jsmn_init</name>
         <value>0x2000973b</value>
         <object_component_ref idref="oc-14c"/>
      </symbol>
      <symbol id="sm-14eb">
         <name>jsmn_parse</name>
         <value>0x20009429</value>
         <object_component_ref idref="oc-14c"/>
      </symbol>
      <symbol id="sm-14fa">
         <name>strcmp</name>
         <value>0x20010561</value>
         <object_component_ref idref="oc-36e"/>
      </symbol>
      <symbol id="sm-15b5">
         <name>SPIFIFODisable</name>
         <value>0x20010453</value>
         <object_component_ref idref="oc-5de"/>
      </symbol>
      <symbol id="sm-15b6">
         <name>SPICSEnable</name>
         <value>0x200104b9</value>
         <object_component_ref idref="oc-7ee"/>
      </symbol>
      <symbol id="sm-15b7">
         <name>SPIDisable</name>
         <value>0x200104d1</value>
         <object_component_ref idref="oc-509"/>
      </symbol>
      <symbol id="sm-15b8">
         <name>SPIFIFOEnable</name>
         <value>0x2001046d</value>
         <object_component_ref idref="oc-527"/>
      </symbol>
      <symbol id="sm-15b9">
         <name>SPIWordCountSet</name>
         <value>0x200101ed</value>
         <object_component_ref idref="oc-7f4"/>
      </symbol>
      <symbol id="sm-15ba">
         <name>SPIEnable</name>
         <value>0x200104e9</value>
         <object_component_ref idref="oc-54b"/>
      </symbol>
      <symbol id="sm-15bb">
         <name>SPIDmaEnable</name>
         <value>0x20010439</value>
         <object_component_ref idref="oc-52d"/>
      </symbol>
      <symbol id="sm-15bc">
         <name>SPIConfigSetExpClk</name>
         <value>0x2000dc19</value>
         <object_component_ref idref="oc-515"/>
      </symbol>
      <symbol id="sm-15bd">
         <name>SPIIntUnregister</name>
         <value>0x20010487</value>
         <object_component_ref idref="oc-5d8"/>
      </symbol>
      <symbol id="sm-15be">
         <name>SPIFIFOLevelSet</name>
         <value>0x2000fe31</value>
         <object_component_ref idref="oc-533"/>
      </symbol>
      <symbol id="sm-15bf">
         <name>SPIDmaDisable</name>
         <value>0x2001041f</value>
         <object_component_ref idref="oc-5e4"/>
      </symbol>
      <symbol id="sm-15c0">
         <name>SPIReset</name>
         <value>0x200101cb</value>
         <object_component_ref idref="oc-50f"/>
      </symbol>
      <symbol id="sm-15c1">
         <name>SPIIntEnable</name>
         <value>0x2000f631</value>
         <object_component_ref idref="oc-545"/>
      </symbol>
      <symbol id="sm-15c2">
         <name>SPIIntClear</name>
         <value>0x2000f845</value>
         <object_component_ref idref="oc-721"/>
      </symbol>
      <symbol id="sm-15c3">
         <name>SPICSDisable</name>
         <value>0x200104a1</value>
         <object_component_ref idref="oc-503"/>
      </symbol>
      <symbol id="sm-15f6">
         <name>TimerLoadSet</name>
         <value>0x2000fffd</value>
         <object_component_ref idref="oc-880"/>
      </symbol>
      <symbol id="sm-15f7">
         <name>TimerEnable</name>
         <value>0x200102cf</value>
         <object_component_ref idref="oc-886"/>
      </symbol>
      <symbol id="sm-15f8">
         <name>TimerValueGet</name>
         <value>0x20010345</value>
         <object_component_ref idref="oc-82e"/>
      </symbol>
      <symbol id="sm-15f9">
         <name>TimerPrescaleSet</name>
         <value>0x20010027</value>
         <object_component_ref idref="oc-87a"/>
      </symbol>
      <symbol id="sm-15fa">
         <name>TimerConfigure</name>
         <value>0x2000f9a9</value>
         <object_component_ref idref="oc-874"/>
      </symbol>
      <symbol id="sm-1651">
         <name>uDMAChannelControlSet</name>
         <value>0x2000fca9</value>
         <object_component_ref idref="oc-8d8"/>
      </symbol>
      <symbol id="sm-1652">
         <name>uDMAChannelAttributeEnable</name>
         <value>0x2000f14d</value>
         <object_component_ref idref="oc-8de"/>
      </symbol>
      <symbol id="sm-1653">
         <name>uDMAChannelTransferSet</name>
         <value>0x2000d01d</value>
         <object_component_ref idref="oc-8e4"/>
      </symbol>
      <symbol id="sm-1654">
         <name>uDMAChannelAssign</name>
         <value>0x2000f7f9</value>
         <object_component_ref idref="oc-6fb"/>
      </symbol>
      <symbol id="sm-1655">
         <name>uDMAChannelAttributeDisable</name>
         <value>0x2000f0e9</value>
         <object_component_ref idref="oc-701"/>
      </symbol>
      <symbol id="sm-1656">
         <name>uDMAChannelEnable</name>
         <value>0x200103b5</value>
         <object_component_ref idref="oc-8ea"/>
      </symbol>
      <symbol id="sm-1657">
         <name>__TI_static_base__</name>
         <value>0x20010e30</value>
      </symbol>
      <symbol id="sm-165a">
         <name>SHT$$INIT_ARRAY$$Limit</name>
         <value>0x0</value>
      </symbol>
      <symbol id="sm-165b">
         <name>SHT$$INIT_ARRAY$$Base</name>
         <value>0x0</value>
      </symbol>
   </symbol_table>
   <title>Link successful</title>
</link_info>
