******************************************************************************
                  TI ARM Linker PC v16.9.1                     
******************************************************************************
>> Linked Wed Dec 20 15:35:38 2017

OUTPUT FILE NAME:   <http_client_demo.out>
ENTRY POINT SYMBOL: "_c_int00"  address: 20010899


MEMORY CONFIGURATION

         name            origin    length      used     unused   attr    fill
----------------------  --------  ---------  --------  --------  ----  --------
  SRAM_CODE             20004000   00013000  0000ddfe  00005202  RW X
  SRAM_DATA             20017000   00019000  000059f9  00013607  RW X


SEGMENT ALLOCATION MAP

run origin  load origin   length   init length attrs members
----------  ----------- ---------- ----------- ----- -------
20004000    20004000    0000de00   0000de00    r-x
  20004000    20004000    00000400   00000400    r-- .intvecs
  20004400    20004400    0000d298   0000d298    r-x .text
  20011698    20011698    000006fe   000006fe    r-- .const
  20011d98    20011d98    00000068   00000068    r-- .cinit
20017000    20017000    000051fc   00000000    rw-
  20017000    20017000    000048cd   00000000    rw- .bss
  2001b8d0    2001b8d0    00000800   00000000    rw- .sysmem
  2001c0d0    2001c0d0    0000012c   00000000    rw- .data
2002f800    2002f800    00000800   00000000    rw-
  2002f800    2002f800    00000800   00000000    rw- .stack


SECTION ALLOCATION MAP

 output                                  attributes/
section   page    origin      length       input sections
--------  ----  ----------  ----------   ----------------
.intvecs   0    20004000    00000400     
                  20004000    00000400     startup_ccs.obj (.intvecs)

.init_array 
*          0    20004000    00000000     UNINITIALIZED

.text      0    20004400    0000d298     
                  20004400    00002514     main.obj (.text)
                  20006914    00001122     rtsv7M4_T_le_eabi.lib : _printfi.obj (.text)
                  20007a36    00000002     driverlib.a : interrupt.obj (.text:IntDefaultHandler)
                  20007a38    00000fc4     webclient.a : httpcli.obj (.text)
                  200089fc    000009ac     rtsv7M4_T_le_eabi.lib : e_pow.obj (.text)
                  200093a8    00000708     sensors.obj (.text)
                  20009ab0    000005f0     json.a : jsmn.obj (.text)
                  2000a0a0    00000590     simplelink.a : driver.obj (.text:_SlDrvMsgRead)
                  2000a630    000003d0     rtsv7M4_T_le_eabi.lib : memory.obj (.text)
                  2000aa00    0000034c     gpio_if.obj (.text)
                  2000ad4c    000002ea     webclient.a : ssock.obj (.text)
                  2000b036    00000002     rtsv7M4_T_le_eabi.lib : mpu_init.obj (.text)
                  2000b038    00000284     i2c_if.obj (.text)
                  2000b2bc    00000280     uart_if.obj (.text)
                  2000b53c    0000027c     simplelink.a : wlan.obj (.text:sl_WlanConnect)
                  2000b7b8    0000024c                  : driver.obj (.text:_SlDrvRxHdrRead)
                  2000ba04    000001f4     rtsv7M4_T_le_eabi.lib : ull_div_t2.obj (.text)
                  2000bbf8    000001e4     simplelink.a : driver.obj (.text:_SlDrvDataReadOp)
                  2000bddc    000001dc     pinmux.obj (.text)
                  2000bfb8    000001d0     simplelink.a : driver.obj (.text:_SlDrvReleasePoolObj)
                  2000c188    000001b6     rtsv7M4_T_le_eabi.lib : fd_add_t2.obj (.text)
                  2000c33e    00000002                           : startup.obj (.text)
                  2000c340    000001b4     simplelink.a : driver.obj (.text:_SlDrvDriverCBInit)
                  2000c4f4    0000019c                  : driver.obj (.text:_SlDrvMsgWrite)
                  2000c690    00000190                  : driver.obj (.text:_SlDrvWaitForPoolObj)
                  2000c820    0000018c                  : socket.obj (.text:sl_Connect)
                  2000c9ac    00000178     driverlib.a : prcm.obj (.text:PRCMCC3200MCUInit)
                  2000cb24    00000170     simplelink.a : driver.obj (.text:_SlFindAndSetActiveObj)
                  2000cc94    00000170     rtsv7M4_T_le_eabi.lib : e_sqrt.obj (.text)
                  2000ce04    00000150     simplelink.a : driver.obj (.text:_SlDrvDataWriteOp)
                  2000cf54    00000148                  : cc_pal.obj (.text:spi_Open)
                  2000d09c    00000144                  : driver.obj (.text:_SlDrvMsgReadCmdCtx)
                  2000d1e0    00000144                  : netapp.obj (.text:sl_NetAppDnsGetHostByName)
                  2000d324    00000136     rtsv7M4_T_le_eabi.lib : fd_div_t2.obj (.text)
                  2000d45a    00000002     --HOLE-- [fill = 0]
                  2000d45c    00000134     simplelink.a : socket.obj (.text:sl_Send)
                  2000d590    00000130                  : driver.obj (.text:_SlDrvDriverCBDeinit)
                  2000d6c0    00000114     rtsv7M4_T_le_eabi.lib : strtoul.obj (.text)
                  2000d7d4    00000104     simplelink.a : netapp.obj (.text:_SlDrvNetAppEventHandler)
                  2000d8d8    000000fc     rtsv7M4_T_le_eabi.lib : fd_mul_t2.obj (.text)
                  2000d9d4    000000fa                           : fs_add_t2.obj (.text)
                  2000dace    00000002     --HOLE-- [fill = 0]
                  2000dad0    000000f0     simplelink.a : device.obj (.text:sl_Stop)
                  2000dbc0    000000f0                  : cc_pal.obj (.text:spi_Read)
                  2000dcb0    000000f0     driverlib.a : udma.obj (.text:uDMAChannelTransferSet)
                  2000dda0    000000ec     simplelink.a : device.obj (.text:sl_Start)
                  2000de8c    000000e8                  : driver.obj (.text:_SlAsyncEventGenericHandler)
                  2000df74    000000e8                  : driver.obj (.text:_SlDrvMsgReadSpawnCtx)
                  2000e05c    000000e4                  : netapp.obj (.text:sl_NetAppMDNSRegisterUnregisterService)
                  2000e140    000000dc                  : driver.obj (.text:_SlDrvClassifyRxMsg)
                  2000e21c    000000d0     rtsv7M4_T_le_eabi.lib : s_scalbn.obj (.text)
                  2000e2ec    000000cc     simplelink.a : netapp.obj (.text:_sl_HandleAsync_DnsGetHostByService)
                  2000e3b8    000000cc                  : device.obj (.text:sl_DevGet)
                  2000e484    000000c4                  : driver.obj (.text:_SlRemoveFromList)
                  2000e548    000000c0                  : driver.obj (.text:_SlDrvCmdOp)
                  2000e608    000000b0                  : nonos.obj (.text:_SlNonOsSemGet)
                  2000e6b8    000000a8     driverlib.a : interrupt.obj (.text:IntDisable)
                  2000e760    000000a8                 : interrupt.obj (.text:IntEnable)
                  2000e808    000000a4     simplelink.a : driver.obj (.text:_SlDriverHandleError)
                  2000e8ac    000000a0     driverlib.a : spi.obj (.text:SPIConfigSetExpClk)
                  2000e94c    000000a0     simplelink.a : socket.obj (.text:sl_Recv)
                  2000e9ec    0000009c     rtsv7M4_T_le_eabi.lib : memcpy_t2.obj (.text)
                  2000ea88    0000009a     simplelink.a : device.obj (.text:_SlDrvDeviceEventHandler)
                  2000eb22    00000002     --HOLE-- [fill = 0]
                  2000eb24    00000098                  : netcfg.obj (.text:sl_NetCfgSet)
                  2000ebbc    00000098                  : socket.obj (.text:sl_SetSockOpt)
                  2000ec54    00000098                  : wlan.obj (.text:sl_WlanSet)
                  2000ecec    00000098                  : cc_pal.obj (.text:spi_Write)
                  2000ed84    00000094     driverlib.a : prcm.obj (.text:PRCMPeripheralClockGet)
                  2000ee18    00000094     rtsv7M4_T_le_eabi.lib : snprintf.obj (.text)
                  2000eeac    00000092                           : fs_div_t2.obj (.text)
                  2000ef3e    00000002     --HOLE-- [fill = 0]
                  2000ef40    00000090     simplelink.a : netapp.obj (.text:_sl_HandleAsync_DnsGetHostByName)
                  2000efd0    00000090                  : netapp.obj (.text:_sl_HandleAsync_PingResponse)
                  2000f060    00000090                  : wlan.obj (.text:sl_WlanPolicySet)
                  2000f0f0    0000008c                  : cc_pal.obj (.text:SetupDMAReceive)
                  2000f17c    0000008c                  : cc_pal.obj (.text:SetupDMASend)
                  2000f208    0000008c                  : driver.obj (.text:_SlDrvIsTimeoutExpired)
                  2000f294    0000008c                  : device.obj (.text:_sl_HandleAsync_InitComplete)
                  2000f320    0000008c                  : socket.obj (.text:sl_Socket)
                  2000f3ac    00000088     driverlib.a : pin.obj (.text:PinConfigSet)
                  2000f434    00000088     rtsv7M4_T_le_eabi.lib : vsnprintf.obj (.text)
                  2000f4bc    00000086                           : fd_cmp_t2.obj (.text:__aeabi_cdcmple)
                  2000f542    00000086                           : fd_cmp_t2.obj (.text:__aeabi_cdrcmple)
                  2000f5c8    00000084     driverlib.a : i2c.obj (.text:I2CMasterInitExpClk)
                  2000f64c    00000084     simplelink.a : wlan.obj (.text:sl_WlanRxFilterSet)
                  2000f6d0    00000082     driverlib.a : gpio.obj (.text:GPIOIntTypeSet)
                  2000f752    00000002     --HOLE-- [fill = 0]
                  2000f754    00000080     simplelink.a : socket.obj (.text:_sl_HandleAsync_Connect)
                  2000f7d4    00000080                  : cc_pal.obj (.text:spi_Read_CPU)
                  2000f854    00000080                  : cc_pal.obj (.text:spi_Write_CPU)
                  2000f8d4    0000007a     rtsv7M4_T_le_eabi.lib : memset_t2.obj (.text)
                  2000f94e    00000002     --HOLE-- [fill = 0]
                  2000f950    00000078     simplelink.a : cc_pal.obj (.text:spi_Close)
                  2000f9c8    00000076     driverlib.a : uart.obj (.text:UARTConfigSetExpClk)
                  2000fa3e    00000002     --HOLE-- [fill = 0]
                  2000fa40    00000074     simplelink.a : nonos.obj (.text:_SlNonOsMainLoopTask)
                  2000fab4    00000070     rtsv7M4_T_le_eabi.lib : autoinit.obj (.text)
                  2000fb24    0000006e                           : fd_tos_t2.obj (.text)
                  2000fb92    00000002     --HOLE-- [fill = 0]
                  2000fb94    0000006c     simplelink.a : driver.obj (.text:_SlDrvCmdSend)
                  2000fc00    0000006c                  : netapp.obj (.text:_sl_NetAppSendTokenValue)
                  2000fc6c    00000068     rtsv7M4_T_le_eabi.lib : copy_decompress_lzss.obj (.text:decompress:lzss)
                  2000fcd4    00000064     simplelink.a : nonos.obj (.text:_SlNonOsSpawn)
                  2000fd38    00000064                  : socket.obj (.text:_sl_HandleAsync_Accept)
                  2000fd9c    00000064                  : netapp.obj (.text:sl_NetAppMDNSUnRegisterService)
                  2000fe00    00000064     driverlib.a : udma.obj (.text:uDMAChannelAttributeDisable)
                  2000fe64    00000064                 : udma.obj (.text:uDMAChannelAttributeEnable)
                  2000fec8    00000060     rtsv7M4_T_le_eabi.lib : sprintf.obj (.text)
                  2000ff28    00000060     simplelink.a : socket.obj (.text:sl_Close)
                  2000ff88    00000060                  : wlan.obj (.text:sl_WlanProfileDel)
                  2000ffe8    00000060                  : wlan.obj (.text:sl_WlanSetMode)
                  20010048    0000005c     rtsv7M4_T_le_eabi.lib : s_frexp.obj (.text)
                  200100a4    00000058     driverlib.a : interrupt.obj (.text:IntPendClear)
                  200100fc    00000058                 : prcm.obj (.text:PRCMPeripheralReset)
                  20010154    00000054                 : interrupt.obj (.text:IntPrioritySet)
                  200101a8    00000054     simplelink.a : driver.obj (.text:_SlDrvRxIrqHandler)
                  200101fc    00000054                  : socket.obj (.text:_sl_HandleAsync_Select)
                  20010250    00000054     rtsv7M4_T_le_eabi.lib : exit.obj (.text)
                  200102a4    00000054                           : ltoa.obj (.text)
                  200102f8    00000050     simplelink.a : device.obj (.text:_sl_HandleAsync_Stop)
                  20010348    0000004c     driverlib.a : spi.obj (.text:SPIIntEnable)
                  20010394    0000004c                 : spi.obj (.text:SPIIntNumberGet)
                  200103e0    0000004c     simplelink.a : driver.obj (.text:_SlDrvProtectAsyncRespSetting)
                  2001042c    0000004c                  : socket.obj (.text:_sl_BuildAddress)
                  20010478    0000004c     rtsv7M4_T_le_eabi.lib : atoi.obj (.text)
                  200104c4    0000004c                           : cpy_tbl.obj (.text)
                  20010510    0000004c     driverlib.a : udma.obj (.text:uDMAChannelAssign)
                  2001055c    00000048                 : gpio.obj (.text:GPIOGetIntNumber)
                  200105a4    00000048                 : spi.obj (.text:SPIIntClear)
                  200105ec    00000048     simplelink.a : driver.obj (.text:_SlDrvBasicCmd)
                  20010634    00000048     rtsv7M4_T_le_eabi.lib : fd_toi_t2.obj (.text)
                  2001067c    00000048                           : ll_tofs_t2.obj (.text)
                  200106c4    00000044     driverlib.a : spi.obj (.text:SPIDmaMaskGet)
                  20010708    00000044                 : timer.obj (.text:TimerConfigure)
                  2001074c    00000044     simplelink.a : driver.obj (.text:_SlDrvSyncObjWaitTimeout)
                  20010790    00000044                  : cc_pal.obj (.text:cc_SetupTransfer)
                  200107d4    00000042                  : socket.obj (.text:sl_Htonl)
                  20010816    00000002     --HOLE-- [fill = 0]
                  20010818    00000040     driverlib.a : pin.obj (.text:PinModeSet)
                  20010858    00000040     simplelink.a : socket.obj (.text:_sl_TruncatePayloadByProtocol)
                  20010898    00000040     rtsv7M4_T_le_eabi.lib : boot.obj (.text)
                  200108d8    00000040                           : strtok.obj (.text)
                  20010918    0000003e     simplelink.a : cc_pal.obj (.text:NwpRegisterInterruptHandler)
                  20010956    0000003c                  : netapp.obj (.text:CopyPingResultsToReport)
                  20010992    00000002     --HOLE-- [fill = 0]
                  20010994    0000003c     driverlib.a : prcm.obj (.text:PRCMPeripheralClkEnable)
                  200109d0    0000003c     simplelink.a : cc_pal.obj (.text:simplelink_timerA2_start)
                  20010a0c    0000003c                  : socket.obj (.text:sl_Htons)
                  20010a48    0000003c     driverlib.a : udma.obj (.text:uDMAChannelControlSet)
                  20010a84    00000038                 : adc.obj (.text:ADCChannelEnable)
                  20010abc    00000038     simplelink.a : cc_pal.obj (.text:NwpPowerOff)
                  20010af4    00000038     rtsv7M4_T_le_eabi.lib : fs_tod_t2.obj (.text)
                  20010b2c    00000038                           : i_tofs_t2.obj (.text)
                  20010b64    00000038     simplelink.a : wlan.obj (.text:sl_WlanDisconnect)
                  20010b9c    00000036     driverlib.a : gpio.obj (.text:GPIODirModeSet)
                  20010bd2    00000002     --HOLE-- [fill = 0]
                  20010bd4    00000034                 : prcm.obj (.text:PRCMPeripheralStatusGet)
                  20010c08    00000034                 : spi.obj (.text:SPIFIFOLevelSet)
                  20010c3c    00000030                 : pin.obj (.text:PinTypeGPIO)
                  20010c6c    00000030                 : uart.obj (.text:UARTDisable)
                  20010c9c    0000002e     rtsv7M4_T_le_eabi.lib : i_tofd_t2.obj (.text)
                  20010cca    0000002c     driverlib.a : i2c.obj (.text:I2CMasterErr)
                  20010cf6    00000002     --HOLE-- [fill = 0]
                  20010cf8    0000002c     simplelink.a : cc_pal.obj (.text:NwpPowerOn)
                  20010d24    0000002c     driverlib.a : prcm.obj (.text:PRCMSysResetCauseGet)
                  20010d50    0000002c     simplelink.a : driver.obj (.text:_SlDrvObjGlobalLockWaitForever)
                  20010d7c    0000002c                  : driver.obj (.text:_SlDrvProtectionObjLockWaitForever)
                  20010da8    0000002c     rtsv7M4_T_le_eabi.lib : strncmp.obj (.text)
                  20010dd4    0000002a     driverlib.a : timer.obj (.text:TimerLoadSet)
                  20010dfe    0000002a                 : timer.obj (.text:TimerPrescaleSet)
                  20010e28    0000002a     rtsv7M4_T_le_eabi.lib : strspn.obj (.text)
                  20010e52    00000002     --HOLE-- [fill = 0]
                  20010e54    00000028     driverlib.a : prcm.obj (.text:PRCMPeripheralClkDisable)
                  20010e7c    00000028     simplelink.a : driver.obj (.text:_SlDrvGlobalObjUnLock)
                  20010ea4    00000028                  : driver.obj (.text:_SlDrvProtectionObjUnLock)
                  20010ecc    00000028                  : driver.obj (.text:_SlDrvSyncObjWaitForever)
                  20010ef4    00000026                  : driver.obj (.text:_SlDrvObjLockWaitForever)
                  20010f1a    00000002     --HOLE-- [fill = 0]
                  20010f1c    00000024                  : cc_pal.obj (.text:DmaSpiSwIntHandler)
                  20010f40    00000024     driverlib.a : interrupt.obj (.text:IntUnregister)
                  20010f64    00000024                 : uart.obj (.text:UARTEnable)
                  20010f88    00000024     rtsv7M4_T_le_eabi.lib : memmov.obj (.text)
                  20010fac    00000024                           : strcspn.obj (.text)
                  20010fd0    00000022     driverlib.a : adc.obj (.text:ADCTimerConfig)
                  20010ff2    00000022                 : i2c.obj (.text:I2CMasterSlaveAddrSet)
                  20011014    00000022                 : spi.obj (.text:SPIReset)
                  20011036    00000022                 : spi.obj (.text:SPIWordCountSet)
                  20011058    00000020                 : gpio.obj (.text:GPIOPinWrite)
                  20011078    00000020                 : interrupt.obj (.text:IntRegister)
                  20011098    00000020     simplelink.a : cc_pal.obj (.text:NwpPrePowerOffTimout0)
                  200110b8    00000020                  : cc_pal.obj (.text:TimerGetCurrentTimestamp)
                  200110d8    00000020                  : driver.obj (.text:_SlDrvObjUnLock)
                  200110f8    00000020                  : driver.obj (.text:_SlDrvSyncObjSignal)
                  20011118    00000020     rtsv7M4_T_le_eabi.lib : u_tofd_t2.obj (.text)
                  20011138    0000001e     driverlib.a : gpio.obj (.text:GPIOIntRegister)
                  20011156    0000001e                 : i2c.obj (.text:I2CMasterIntStatusEx)
                  20011174    0000001e                 : timer.obj (.text:TimerEnable)
                  20011192    0000001e                 : uart.obj (.text:UARTCharPut)
                  200111b0    0000001e     simplelink.a : cc_pal.obj (.text:cc_UDMAChannelSelect)
                  200111ce    0000001c     driverlib.a : adc.obj (.text:ADCFIFOLvlGet)
                  200111ea    0000001c                 : pin.obj (.text:PinTypeI2C)
                  20011206    0000001c                 : timer.obj (.text:TimerValueGet)
                  20011222    0000001c                 : uart.obj (.text:UARTCharGetNonBlocking)
                  2001123e    0000001c     simplelink.a : driver.obj (.text:_SlDrvStartMeasureTimeout)
                  2001125a    0000001c     rtsv7M4_T_le_eabi.lib : memccpy.obj (.text)
                  20011276    00000002     --HOLE-- [fill = 0]
                  20011278    0000001c     driverlib.a : udma.obj (.text:uDMAChannelEnable)
                  20011294    0000001a                 : gpio.obj (.text:GPIOIntEnable)
                  200112ae    0000001a                 : pin.obj (.text:PinTypeSPI)
                  200112c8    0000001a                 : pin.obj (.text:PinTypeTimer)
                  200112e2    0000001a                 : pin.obj (.text:PinTypeUART)
                  200112fc    0000001a                 : spi.obj (.text:SPIDmaDisable)
                  20011316    0000001a                 : spi.obj (.text:SPIDmaEnable)
                  20011330    0000001a                 : spi.obj (.text:SPIFIFODisable)
                  2001134a    0000001a                 : spi.obj (.text:SPIFIFOEnable)
                  20011364    0000001a                 : spi.obj (.text:SPIIntUnregister)
                  2001137e    00000018                 : adc.obj (.text:ADCFIFORead)
                  20011396    00000018                 : gpio.obj (.text:GPIOPinRead)
                  200113ae    00000018                 : spi.obj (.text:SPICSDisable)
                  200113c6    00000018                 : spi.obj (.text:SPICSEnable)
                  200113de    00000018                 : spi.obj (.text:SPIDisable)
                  200113f6    00000018                 : spi.obj (.text:SPIEnable)
                  2001140e    00000018                 : uart.obj (.text:UARTCharsAvail)
                  20011426    00000018     simplelink.a : nonos.obj (.text:_SlNonOsSemSet)
                  2001143e    00000002     --HOLE-- [fill = 0]
                  20011440    00000018                  : device.obj (.text:_sl_GetStartResponseConvert)
                  20011458    00000018     rtsv7M4_T_le_eabi.lib : args_main.obj (.text)
                  20011470    00000018                           : strcmp.obj (.text)
                  20011488    00000016     driverlib.a : adc.obj (.text:ADCTimerEnable)
                  2001149e    00000016                 : i2c.obj (.text:I2CMasterDataPut)
                  200114b4    00000016                 : i2c.obj (.text:I2CMasterEnable)
                  200114ca    00000016                 : prcm.obj (.text:PRCMHIBRegRead)
                  200114e0    00000016                 : prcm.obj (.text:PRCMHIBRegWrite)
                  200114f6    00000016                 : uart.obj (.text:UARTCharGet)
                  2001150c    00000016     simplelink.a : driver.obj (.text:_SlDrvMemZero)
                  20011522    00000016     rtsv7M4_T_le_eabi.lib : strchr.obj (.text)
                  20011538    00000014     driverlib.a : adc.obj (.text:ADCEnable)
                  2001154c    00000014                 : cpu.obj (.text:CPUcpsie)
                  20011560    00000014                 : gpio.obj (.text:GPIOIntClear)
                  20011574    00000014                 : interrupt.obj (.text:IntVTableBaseSet)
                  20011588    00000014                 : pin.obj (.text:PinTypeADC)
                  2001159c    00000014     rtsv7M4_T_le_eabi.lib : _lock.obj (.text)
                  200115b0    00000014                           : strcpy.obj (.text)
                  200115c4    00000014                           : strlen.obj (.text)
                  200115d8    00000012     driverlib.a : i2c.obj (.text:I2CMasterControl)
                  200115ea    00000012                 : i2c.obj (.text:I2CMasterIntClearEx)
                  200115fc    00000012                 : i2c.obj (.text:I2CMasterTimeoutSet)
                  2001160e    00000010     simplelink.a : driver.obj (.text:_SlDrvDispatchHttpServerEvents)
                  2001161e    0000000e     driverlib.a : i2c.obj (.text:I2CMasterDataGet)
                  2001162c    0000000e     simplelink.a : driver.obj (.text:_SlDrvResetCmdExt)
                  2001163a    0000000e     rtsv7M4_T_le_eabi.lib : copy_decompress_none.obj (.text:decompress:none)
                  20011648    0000000e     startup_ccs.obj (.text)
                  20011656    00000002     --HOLE-- [fill = 0]
                  20011658    0000000c     simplelink.a : cc_pal.obj (.text:NwpMaskInterrupt)
                  20011664    0000000c                  : cc_pal.obj (.text:NwpUnMaskInterrupt)
                  20011670    0000000c     rtsv7M4_T_le_eabi.lib : copy_zero_init.obj (.text:decompress:ZI)
                  2001167c    0000000a     driverlib.a : interrupt.obj (.text:IntMasterEnable)
                  20011686    00000008     rtsv7M4_T_le_eabi.lib : s_copysign.obj (.text)
                  2001168e    00000006     driverlib.a : utils.obj (.text:UtilsDelay)
                  20011694    00000004     rtsv7M4_T_le_eabi.lib : pre_init.obj (.text)

.const     0    20011698    000006fe     
                  20011698    00000101     rtsv7M4_T_le_eabi.lib : ctype.obj (.const:.string:_ctypes_)
                  20011799    00000003     --HOLE-- [fill = 0]
                  2001179c    00000100     driverlib.a : pin.obj (.const:g_ulPinToPadMap)
                  2001189c    000000d4                 : interrupt.obj (.const:g_pulRegs)
                  20011970    000000a8                 : prcm.obj (.const:PRCM_PeriphRegsList)
                  20011a18    00000080                 : interrupt.obj (.const)
                  20011a98    0000003c     simplelink.a : driver.obj (.const:OpcodeTranslateTable)
                  20011ad4    00000038                  : driver.obj (.const:_SlActionLookupTable)
                  20011b0c    00000004                  : wlan.obj (.const:$P$T0$1)
                  20011b10    00000030     rtsv7M4_T_le_eabi.lib : e_pow.obj (.const:$O1$$)
                  20011b40    0000002c     main.obj (.const:$P$T1$2)
                  20011b6c    00000024     driverlib.a : spi.obj (.const:g_ppulSPIIntMap)
                  20011b90    00000022     main.obj (.const:.string:$P$T0$1)
                  20011bb2    00000002     --HOLE-- [fill = 0]
                  20011bb4    00000020     main.obj (.const:$P$T10$11)
                  20011bd4    00000020     main.obj (.const:$P$T6$7)
                  20011bf4    00000020     main.obj (.const:$P$T8$9)
                  20011c14    00000020     main.obj (.const:$P$T9$10)
                  20011c34    00000020     simplelink.a : driver.obj (.const:RxMsgClassLUT)
                  20011c54    00000018     main.obj (.const:$P$T7$8)
                  20011c6c    00000018     driverlib.a : spi.obj (.const)
                  20011c84    00000014     simplelink.a : driver.obj (.const:$P$T0$1)
                  20011c98    00000014                  : nonos.obj (.const:$P$T0$1)
                  20011cac    00000014     main.obj (.const:$P$T2$3)
                  20011cc0    00000014     main.obj (.const:.string:$P$T12$13)
                  20011cd4    00000012     main.obj (.const:.string:$P$T5$6)
                  20011ce6    00000010     simplelink.a : socket.obj (.const:.string:_SlPayloadByProtocolLUT)
                  20011cf6    00000002     --HOLE-- [fill = 0]
                  20011cf8    00000010     webclient.a : httpcli.obj (.const)
                  20011d08    0000000c     main.obj (.const:$P$T4$5)
                  20011d14    0000000c     main.obj (.const:.string:$P$T11$12)
                  20011d20    0000000c     main.obj (.const:.string:$P$T3$4)
                  20011d2c    00000008     webclient.a : httpcli.obj (.const:.string)
                  20011d34    00000008     simplelink.a : device.obj (.const:StartResponseLUT)
                  20011d3c    00000008                  : driver.obj (.const:g_H2NCnysPattern)
                  20011d44    00000008                  : driver.obj (.const:g_H2NSyncPattern)
                  20011d4c    00000005     main.obj (.const:.string:$P$T13$14)
                  20011d51    00000001     --HOLE-- [fill = 0]
                  20011d52    00000004     simplelink.a : socket.obj (.const:$P$T2$3)
                  20011d56    00000004                  : device.obj (.const:_SlDeviceGetCmdCtrl)
                  20011d5a    00000004                  : netapp.obj (.const:_SlGetHostByNameCtrl)
                  20011d5e    00000004                  : netapp.obj (.const:_SlNetAppSendTokenValueCmdCtrl)
                  20011d62    00000004                  : netcfg.obj (.const:_SlNetCfgSetCmdCtrl)
                  20011d66    00000004                  : wlan.obj (.const:_SlPolicySetCmdCtrl)
                  20011d6a    00000004                  : wlan.obj (.const:_SlProfileDelCmdCtrl)
                  20011d6e    00000004                  : socket.obj (.const:_SlRecvCmdCtrl)
                  20011d72    00000004                  : netapp.obj (.const:_SlRegisterServiceCtrl)
                  20011d76    00000004                  : wlan.obj (.const:_SlRxFilterSetCmdCtrl)
                  20011d7a    00000004                  : socket.obj (.const:_SlSendCmdCtrl)
                  20011d7e    00000004                  : socket.obj (.const:_SlSetSockOptCmdCtrl)
                  20011d82    00000004                  : socket.obj (.const:_SlSockCloseCmdCtrl)
                  20011d86    00000004                  : socket.obj (.const:_SlSockSocketCmdCtrl)
                  20011d8a    00000004                  : device.obj (.const:_SlStopCmdCtrl)
                  20011d8e    00000004                  : wlan.obj (.const:_SlWlanCfgSetCmdCtrl)
                  20011d92    00000004                  : wlan.obj (.const:_SlWlanSetModeCmdCtrl)

.cinit     0    20011d98    00000068     
                  20011d98    00000043     (.cinit..data.load) [load image, compression = lzss]
                  20011ddb    00000001     --HOLE-- [fill = 0]
                  20011ddc    0000000c     (__TI_handler_table)
                  20011de8    00000008     (.cinit..bss.load) [load image, compression = zero_init]
                  20011df0    00000010     (__TI_cinit_table)

.bss       0    20017000    000048cd     UNINITIALIZED
                  20017000    00004000     (.common:pulAdcSamples)
                  2001b000    000005b8     (.common:g_buff)
                  2001b5b8    00000168     simplelink.a : driver.obj (.bss:g_StatMem)
                  2001b720    00000064     (.common:buf)
                  2001b784    00000054     (.common:cPassword)
                  2001b7d8    00000054     (.common:cSSID_NAME)
                  2001b82c    00000050     (.common:g_ucDinDout)
                  2001b87c    00000024     (.common:g_ucConnectionSSID)
                  2001b8a0    00000008     (.common:g_ucConnectionBSSID)
                  2001b8a8    00000004     uart_if.obj (.bss)
                  2001b8ac    00000004     (.common:g_accTotalAvg)
                  2001b8b0    00000004     (.common:g_accXAvg)
                  2001b8b4    00000004     (.common:g_accYAvg)
                  2001b8b8    00000004     (.common:g_accZAvg)
                  2001b8bc    00000004     (.common:g_ulDestinationIP)
                  2001b8c0    00000004     (.common:uiGPIOPort)
                  2001b8c4    00000001     (.common:RxIrqCnt)
                  2001b8c5    00000001     (.common:cCharacter)
                  2001b8c6    00000001     (.common:g_bDeviceRestartIsRequired)
                  2001b8c7    00000001     (.common:g_cDummy)
                  2001b8c8    00000001     (.common:g_ucLED1Pin)
                  2001b8c9    00000001     (.common:g_ucLED2Pin)
                  2001b8ca    00000001     (.common:g_ucLED3Pin)
                  2001b8cb    00000001     (.common:pucGPIOPin)
                  2001b8cc    00000001     (.common:ucPinValue)

.sysmem    0    2001b8d0    00000800     UNINITIALIZED
                  2001b8d0    00000008     rtsv7M4_T_le_eabi.lib : memory.obj (.sysmem)
                  2001b8d8    000007f8     --HOLE--

.data      0    2001c0d0    0000012c     UNINITIALIZED
                  2001c0d0    00000048     webclient.a : httpcli.obj (.data:tlsParams)
                  2001c118    0000003c     simplelink.a : nonos.obj (.data:g__SlNonOsCB)
                  2001c154    00000004     rtsv7M4_T_le_eabi.lib : errno.obj (.data)
                  2001c158    00000030     main.obj (.data)
                  2001c188    00000014     gpio_if.obj (.data:ulReg)
                  2001c19c    00000010     webclient.a : httpcli.obj (.data)
                  2001c1ac    0000000d     simplelink.a : driver.obj (.data)
                  2001c1b9    00000003     --HOLE--
                  2001c1bc    0000000c     rtsv7M4_T_le_eabi.lib : exit.obj (.data:$O1$$)
                  2001c1c8    0000000c                           : memory.obj (.data:$O1$$)
                  2001c1d4    0000000c     gpio_if.obj (.data)
                  2001c1e0    00000009     simplelink.a : cc_pal.obj (.data)
                  2001c1e9    00000003     --HOLE--
                  2001c1ec    00000008     rtsv7M4_T_le_eabi.lib : _lock.obj (.data:$O1$$)
                  2001c1f4    00000004                           : stkdepth_vars.obj (.data)
                  2001c1f8    00000004                           : strtok.obj (.data)

.stack     0    2002f800    00000800     UNINITIALIZED
                  2002f800    00000800     --HOLE--

MODULE SUMMARY

       Module                     code    ro data   rw data
       ------                     ----    -------   -------
    .\
       main.obj                   9492    329       18235  
       sensors.obj                1800    0         0      
       startup_ccs.obj            14      1024      0      
       gpio_if.obj                844     0         35     
       i2c_if.obj                 644     0         0      
       uart_if.obj                640     0         4      
       pinmux.obj                 476     0         0      
    +--+--------------------------+-------+---------+---------+
       Total:                     13910   1353      18274  
                                                           
    C:/ti/CC3200SDK_1.3.0/cc3200-sdk/driverlib/ccs/Release/driverlib.a
       prcm.obj                   852     168       0      
       interrupt.obj              608     340       0      
       spi.obj                    798     60        0      
       pin.obj                    374     256       0      
       udma.obj                   604     0         0      
       gpio.obj                   388     0         0      
       i2c.obj                    352     0         0      
       uart.obj                   306     0         0      
       timer.obj                  210     0         0      
       adc.obj                    184     0         0      
       cpu.obj                    20      0         0      
       utils.obj                  6       0         0      
    +--+--------------------------+-------+---------+---------+
       Total:                     4702    824       0      
                                                           
    C:/ti/CC3200SDK_1.3.0/cc3200-sdk/netapps/http/client/ccs/HTTPClientMinLib/webclient.a
       httpcli.obj                4036    24        88     
       ssock.obj                  746     0         0      
    +--+--------------------------+-------+---------+---------+
       Total:                     4782    24        88     
                                                           
    C:/ti/CC3200SDK_1.3.0/cc3200-sdk/netapps/json/ccs/Release/json.a
       jsmn.obj                   1520    0         0      
    +--+--------------------------+-------+---------+---------+
       Total:                     1520    0         0      
                                                           
    C:/ti/CC3200SDK_1.3.0/cc3200-sdk/simplelink/ccs/NON_OS/simplelink.a
       driver.obj                 7714    184       375    
       cc_pal.obj                 1820    0         90     
       socket.obj                 1830    40        0      
       netapp.obj                 1572    12        0      
       wlan.obj                   1312    24        0      
       device.obj                 1078    16        0      
       nonos.obj                  416     20        60     
       netcfg.obj                 152     4         0      
    +--+--------------------------+-------+---------+---------+
       Total:                     15894   300       525    
                                                           
    C:\ti\ccsv7\tools\compiler\ti-cgt-arm_16.9.1.LTS\lib\rtsv7M4_T_le_eabi.lib
       _printfi.obj               4386    0         0      
       e_pow.obj                  2476    48        0      
       memory.obj                 976     0         12     
       ull_div_t2.obj             500     0         0      
       fd_add_t2.obj              438     0         0      
       e_sqrt.obj                 368     0         0      
       fd_div_t2.obj              310     0         0      
       strtoul.obj                276     0         0      
       fd_cmp_t2.obj              268     0         0      
       ctype.obj                  0       257       0      
       fd_mul_t2.obj              252     0         0      
       fs_add_t2.obj              250     0         0      
       s_scalbn.obj               208     0         0      
       memcpy_t2.obj              156     0         0      
       snprintf.obj               148     0         0      
       fs_div_t2.obj              146     0         0      
       vsnprintf.obj              136     0         0      
       memset_t2.obj              122     0         0      
       autoinit.obj               112     0         0      
       fd_tos_t2.obj              110     0         0      
       copy_decompress_lzss.obj   104     0         0      
       exit.obj                   84      0         12     
       sprintf.obj                96      0         0      
       s_frexp.obj                92      0         0      
       ltoa.obj                   84      0         0      
       atoi.obj                   76      0         0      
       cpy_tbl.obj                76      0         0      
       fd_toi_t2.obj              72      0         0      
       ll_tofs_t2.obj             72      0         0      
       strtok.obj                 64      0         4      
       boot.obj                   64      0         0      
       fs_tod_t2.obj              56      0         0      
       i_tofs_t2.obj              56      0         0      
       i_tofd_t2.obj              46      0         0      
       strncmp.obj                44      0         0      
       strspn.obj                 42      0         0      
       memmov.obj                 36      0         0      
       strcspn.obj                36      0         0      
       u_tofd_t2.obj              32      0         0      
       _lock.obj                  20      0         8      
       memccpy.obj                28      0         0      
       args_main.obj              24      0         0      
       strcmp.obj                 24      0         0      
       strchr.obj                 22      0         0      
       strcpy.obj                 20      0         0      
       strlen.obj                 20      0         0      
       copy_decompress_none.obj   14      0         0      
       copy_zero_init.obj         12      0         0      
       s_copysign.obj             8       0         0      
       errno.obj                  0       0         4      
       pre_init.obj               4       0         0      
       stkdepth_vars.obj          0       0         4      
       mpu_init.obj               2       0         0      
       startup.obj                2       0         0      
    +--+--------------------------+-------+---------+---------+
       Total:                     13070   305       44     
                                                           
       Heap:                      0       0         2048   
       Stack:                     0       0         2048   
       Linker Generated:          0       103       0      
    +--+--------------------------+-------+---------+---------+
       Grand Total:               53878   2909      23027  


LINKER GENERATED COPY TABLES

__TI_cinit_table @ 20011df0 records: 2, size/record: 8, table size: 16
	.data: load addr=20011d98, load size=00000043 bytes, run addr=2001c0d0, run size=0000012c bytes, compression=lzss
	.bss: load addr=20011de8, load size=00000008 bytes, run addr=20017000, run size=000048cd bytes, compression=zero_init


LINKER GENERATED HANDLER TABLE

__TI_handler_table @ 20011ddc records: 3, size/record: 4, table size: 12
	index: 0, handler: __TI_decompress_lzss
	index: 1, handler: __TI_decompress_none
	index: 2, handler: __TI_zero_init


GLOBAL SYMBOLS: SORTED ALPHABETICALLY BY Name 

address   name                                  
-------   ----                                  
20010a85  ADCChannelEnable                      
20011539  ADCEnable                             
200111cf  ADCFIFOLvlGet                         
2001137f  ADCFIFORead                           
20010fd1  ADCTimerConfig                        
20011489  ADCTimerEnable                        
20009539  AccSample_                            
2000945d  BMA222Close_                          
2000943b  BMA222Open_                           
200094dd  BMA222ReadNew_                        
20009461  BMA222Read_                           
200093a9  BlockRead_                            
20010251  C$$EXIT                               
2001154d  CPUcpsie                              
2000b2fd  ClearTerm                             
20005e1d  ComputeTemperature                    
20009785  ComputeTemperature_                   
20010f1d  DmaSpiSwIntHandler                    
2000b307  Error                                 
20010b9d  GPIODirModeSet                        
20011561  GPIOIntClear                          
20011295  GPIOIntEnable                         
20011139  GPIOIntRegister                       
2000f6d1  GPIOIntTypeSet                        
20011397  GPIOPinRead                           
20011059  GPIOPinWrite                          
2000ac85  GPIO_IF_ConfigureNIntEnable           
2000acfb  GPIO_IF_Get                           
2000ac3f  GPIO_IF_GetPortNPin                   
2000aa01  GPIO_IF_LedConfigure                  
2000aaf3  GPIO_IF_LedOff                        
2000aa3f  GPIO_IF_LedOn                         
2000aba7  GPIO_IF_LedStatus                     
2000ac11  GPIO_IF_LedToggle                     
2000acc1  GPIO_IF_Set                           
2000b33f  GetCmd                                
200093d9  GetRegisterValue_                     
20009643  GetRegisterValue_temp_                
20008363  HTTPCli_connect                       
20008485  HTTPCli_construct                     
200084cd  HTTPCli_create                        
200084e5  HTTPCli_delete                        
2000851b  HTTPCli_destruct                      
20008563  HTTPCli_disconnect                    
20008799  HTTPCli_getResponseField              
20008763  HTTPCli_getResponseStatus             
20008255  HTTPCli_initSockAddr                  
200089a9  HTTPCli_readRawResponseBody           
2000891d  HTTPCli_readResponseBody              
200086d3  HTTPCli_sendField                     
20008605  HTTPCli_sendRequest                   
2000872b  HTTPCli_sendRequestBody               
200089e9  HTTPCli_setProxy                      
20008599  HTTPCli_setRequestFields              
200085bf  HTTPCli_setResponseFields             
200085e5  HTTPCli_setSecureParams               
200115d9  I2CMasterControl                      
2001161f  I2CMasterDataGet                      
2001149f  I2CMasterDataPut                      
200114b5  I2CMasterEnable                       
20010ccb  I2CMasterErr                          
2000f5c9  I2CMasterInitExpClk                   
200115eb  I2CMasterIntClearEx                   
20011157  I2CMasterIntStatusEx                  
20010ff3  I2CMasterSlaveAddrSet                 
200115fd  I2CMasterTimeoutSet                   
2000b2a7  I2C_IF_Close                          
2000b25f  I2C_IF_Open                           
2000b15d  I2C_IF_Read                           
2000b219  I2C_IF_ReadFrom                       
2000b0ad  I2C_IF_Write                          
2000b2bd  InitTerm                              
2000e6b9  IntDisable                            
2000e761  IntEnable                             
2001167d  IntMasterEnable                       
200100a5  IntPendClear                          
20010155  IntPrioritySet                        
20011079  IntRegister                           
20010f41  IntUnregister                         
20011575  IntVTableBaseSet                      
2001c17c  Lght                                  
2000b2db  Message                               
20011659  NwpMaskInterrupt                      
20010abd  NwpPowerOff                           
20010cf9  NwpPowerOn                            
20011099  NwpPrePowerOffTimout0                 
20010919  NwpRegisterInterruptHandler           
20011665  NwpUnMaskInterrupt                    
20011a98  OpcodeTranslateTable                  
2000c9ad  PRCMCC3200MCUInit                     
200114cb  PRCMHIBRegRead                        
200114e1  PRCMHIBRegWrite                       
20010e55  PRCMPeripheralClkDisable              
20010995  PRCMPeripheralClkEnable               
2000ed85  PRCMPeripheralClockGet                
200100fd  PRCMPeripheralReset                   
20010bd5  PRCMPeripheralStatusGet               
20010d25  PRCMSysResetCauseGet                  
20004df5  ParseJSONData                         
2000f3ad  PinConfigSet                          
20010819  PinModeSet                            
2000bddd  PinMuxConfig                          
20011589  PinTypeADC                            
20010c3d  PinTypeGPIO                           
200111eb  PinTypeI2C                            
200112af  PinTypeSPI                            
200112c9  PinTypeTimer                          
200112e3  PinTypeUART                           
2000b47d  Report                                
20011649  ResetISR                              
2001b8c4  RxIrqCnt                              
UNDEFED   SHT$$INIT_ARRAY$$Base                 
UNDEFED   SHT$$INIT_ARRAY$$Limit                
200113af  SPICSDisable                          
200113c7  SPICSEnable                           
2000e8ad  SPIConfigSetExpClk                    
200113df  SPIDisable                            
200112fd  SPIDmaDisable                         
20011317  SPIDmaEnable                          
200113f7  SPIEnable                             
20011331  SPIFIFODisable                        
2001134b  SPIFIFOEnable                         
20010c09  SPIFIFOLevelSet                       
200105a5  SPIIntClear                           
20010349  SPIIntEnable                          
20011365  SPIIntUnregister                      
20011015  SPIReset                              
20011037  SPIWordCountSet                       
200095a7  SetAccAvg_                            
20009403  SetRegisterValue_                     
200045c9  SimpleLinkGeneralEventHandler         
200045a1  SimpleLinkHttpServerCallback          
20004509  SimpleLinkNetAppEventHandler          
200045df  SimpleLinkSockEventHandler            
20004401  SimpleLinkWlanEventHandler            
2000ad65  Ssock_construct                       
2000ada5  Ssock_create                          
2000adbf  Ssock_delete                          
2000ade7  Ssock_destruct                        
2000ae39  Ssock_getSocket                       
2000ae47  Ssock_recv                            
2000aea1  Ssock_recvall                         
2000aee5  Ssock_send                            
2000afff  Ssock_startSecure                     
20009949  TMP006DrvGetTemp_                     
200096d9  TMP006DrvOpen_                        
20010709  TimerConfigure                        
20011175  TimerEnable                           
200110b9  TimerGetCurrentTimestamp              
20010dd5  TimerLoadSet                          
20010dff  TimerPrescaleSet                      
20011207  TimerValueGet                         
2000b3e5  TrimSpace                             
200114f7  UARTCharGet                           
20011223  UARTCharGetNonBlocking                
20011193  UARTCharPut                           
2001140f  UARTCharsAvail                        
2000f9c9  UARTConfigSetExpClk                   
20010c6d  UARTDisable                           
20010f65  UARTEnable                            
2001168f  UtilsDelay                            
20011ad4  _SlActionLookupTable                  
2000e809  _SlDriverHandleError                  
200105ed  _SlDrvBasicCmd                        
2000e549  _SlDrvCmdOp                           
2000fb95  _SlDrvCmdSend                         
2000bbf9  _SlDrvDataReadOp                      
2000ce05  _SlDrvDataWriteOp                     
2000ea89  _SlDrvDeviceEventHandler              
2001160f  _SlDrvDispatchHttpServerEvents        
2000d591  _SlDrvDriverCBDeinit                  
2000c341  _SlDrvDriverCBInit                    
20010e7d  _SlDrvGlobalObjUnLock                 
2000f209  _SlDrvIsTimeoutExpired                
2001150d  _SlDrvMemZero                         
2000df75  _SlDrvMsgReadSpawnCtx                 
2000d7d5  _SlDrvNetAppEventHandler              
20010ef5  _SlDrvObjLockWaitForever              
200110d9  _SlDrvObjUnLock                       
200103e1  _SlDrvProtectAsyncRespSetting         
20010d7d  _SlDrvProtectionObjLockWaitForever    
20010ea5  _SlDrvProtectionObjUnLock             
2000bfb9  _SlDrvReleasePoolObj                  
2001162d  _SlDrvResetCmdExt                     
200101a9  _SlDrvRxIrqHandler                    
2001123f  _SlDrvStartMeasureTimeout             
200110f9  _SlDrvSyncObjSignal                   
20010ecd  _SlDrvSyncObjWaitForever              
2001074d  _SlDrvSyncObjWaitTimeout              
2000c691  _SlDrvWaitForPoolObj                  
20011d5e  _SlNetAppSendTokenValueCmdCtrl        
2000fa41  _SlNonOsMainLoopTask                  
2000e609  _SlNonOsSemGet                        
20011427  _SlNonOsSemSet                        
2000fcd5  _SlNonOsSpawn                         
20030000  __STACK_END                           
00000800  __STACK_SIZE                          
00000800  __SYSMEM_SIZE                         
20011df0  __TI_CINIT_Base                       
20011e00  __TI_CINIT_Limit                      
20011ddc  __TI_Handler_Table_Base               
20011de8  __TI_Handler_Table_Limit              
2000fab5  __TI_auto_init                        
2001c1bc  __TI_cleanup_ptr                      
2000fc6d  __TI_decompress_lzss                  
2001163b  __TI_decompress_none                  
2001c1c0  __TI_dtors_ptr                        
2001c1c4  __TI_enable_exit_profile_output       
ffffffff  __TI_pprof_out_hndl                   
2000714d  __TI_printfi                          
ffffffff  __TI_prof_data_size                   
ffffffff  __TI_prof_data_start                  
20011d98  __TI_static_base__                    
20011671  __TI_zero_init                        
2000f4bd  __aeabi_cdcmpeq                       
2000f4bd  __aeabi_cdcmple                       
2000f543  __aeabi_cdrcmple                      
2000fb25  __aeabi_d2f                           
20010635  __aeabi_d2iz                          
2000c193  __aeabi_dadd                          
2000d325  __aeabi_ddiv                          
2000d8d9  __aeabi_dmul                          
2000c189  __aeabi_dsub                          
20010af5  __aeabi_f2d                           
2000d9d9  __aeabi_fadd                          
2000eead  __aeabi_fdiv                          
2000d9d5  __aeabi_fsub                          
20010c9d  __aeabi_i2d                           
20010b2d  __aeabi_i2f                           
2001067d  __aeabi_l2f                           
2000f8d5  __aeabi_memclr                        
2000f8d5  __aeabi_memclr4                       
2000f8d5  __aeabi_memclr8                       
2000e9ed  __aeabi_memcpy                        
2000e9ed  __aeabi_memcpy4                       
2000e9ed  __aeabi_memcpy8                       
2000f8d7  __aeabi_memset                        
2000f8d7  __aeabi_memset4                       
2000f8d7  __aeabi_memset8                       
20011119  __aeabi_ui2d                          
2000ba05  __aeabi_uldivmod                      
ffffffff  __binit__                             
ffffffff  __c_args__                            
2000b037  __mpu_init                            
2002f800  __stack                               
20011459  _args_main                            
20010899  _c_int00                              
20011698  _ctypes_                              
2001c1ec  _lock                                 
200115ab  _nop                                  
200115a3  _register_lock                        
2001159d  _register_unlock                      
2000fd39  _sl_HandleAsync_Accept                
2000f755  _sl_HandleAsync_Connect               
2000ef41  _sl_HandleAsync_DnsGetHostByName      
2000e2ed  _sl_HandleAsync_DnsGetHostByService   
2000f295  _sl_HandleAsync_InitComplete          
2000efd1  _sl_HandleAsync_PingResponse          
200101fd  _sl_HandleAsync_Select                
200102f9  _sl_HandleAsync_Stop                  
2000fc01  _sl_NetAppSendTokenValue              
2001b8d0  _sys_memory                           
2000c33f  _system_post_cinit                    
20011695  _system_pre_init                      
2001c1f0  _unlock                               
20010255  abort                                 
20010479  atoi                                  
ffffffff  binit                                 
2001b720  buf                                   
20007a7f  bufferedRecv                          
2001c178  bytesReceived                         
2001b8c5  cCharacter                            
2001b784  cPassword                             
2001b7d8  cSSID_NAME                            
2000a9d1  calloc                                
200104c5  copy_in                               
20011687  copysign                              
20011687  copysignl                             
2001c154  errno                                 
2001025d  exit                                  
2000a71b  free                                  
20010049  frexp                                 
20010049  frexpl                                
2001c1ac  g_SlDeviceStatus                      
2001c1e0  g_SpiFd                               
2001c118  g__SlNonOsCB                          
2001c168  g_accSampleCount                      
2001b8ac  g_accTotalAvg                         
2001b8b0  g_accXAvg                             
2001c158  g_accXIntervalSum                     
2001b8b4  g_accYAvg                             
2001c15c  g_accYIntervalSum                     
2001b8b8  g_accZAvg                             
2001c160  g_accZIntervalSum                     
2001b8c6  g_bDeviceRestartIsRequired            
2001b000  g_buff                                
2001b8c7  g_cDummy                              
2001c184  g_iCounter                            
2001c1b0  g_pCB                                 
2001c1e4  g_pHostIntHdl                         
20004000  g_pfnVectors                          
2001b8a0  g_ucConnectionBSSID                   
2001b87c  g_ucConnectionSSID                    
2001c1e8  g_ucDMAEnabled                        
2001b82c  g_ucDinDout                           
2001b8c8  g_ucLED1Pin                           
2001b8c9  g_ucLED2Pin                           
2001b8ca  g_ucLED3Pin                           
2001c1d4  g_uiLED1Port                          
2001c1d8  g_uiLED2Port                          
2001c1dc  g_uiLED3Port                          
2001b8bc  g_ulDestinationIP                     
2001c174  g_ulGatewayIP                         
2001c170  g_ulStatus                            
2001c180  iStringLength                         
2000a083  jsmn_init                             
20009d71  jsmn_parse                            
2000e21d  ldexp                                 
2000e21d  ldexpl                                
200102a5  ltoa                                  
20006049  main                                  
2001c1f4  main_func_sp                          
2000a6b1  malloc                                
2000a8e5  memalign                              
2001125b  memccpy                               
2000e9ed  memcpy                                
20010f89  memmove                               
2000f8dd  memset                                
2000a631  minit                                 
2001c1b4  pPingCallBackFunc                     
200089fd  pow                                   
200089fd  powl                                  
2001b8cb  pucGPIOPin                            
20017000  pulAdcSamples                         
2000a7dd  realloc                               
2000e21d  scalbn                                
2000e21d  scalbnl                               
200109d1  simplelink_timerA2_start              
2000ff29  sl_Close                              
2000c821  sl_Connect                            
2000e3b9  sl_DevGet                             
200107d5  sl_Htonl                              
20010a0d  sl_Htons                              
2000d1e1  sl_NetAppDnsGetHostByName             
2000e05d  sl_NetAppMDNSRegisterUnregisterService
2000fd9d  sl_NetAppMDNSUnRegisterService        
2000eb25  sl_NetCfgSet                          
2000e94d  sl_Recv                               
2000d45d  sl_Send                               
2000ebbd  sl_SetSockOpt                         
2000f321  sl_Socket                             
2000dda1  sl_Start                              
2000dad1  sl_Stop                               
2000b53d  sl_WlanConnect                        
20010b65  sl_WlanDisconnect                     
2000f061  sl_WlanPolicySet                      
2000ff89  sl_WlanProfileDel                     
2000f64d  sl_WlanRxFilterSet                    
2000ec55  sl_WlanSet                            
2000ffe9  sl_WlanSetMode                        
2000ee19  snprintf                              
2000f951  spi_Close                             
2000cf55  spi_Open                              
2000dbc1  spi_Read                              
2000eced  spi_Write                             
2000fec9  sprintf                               
2000cc95  sqrt                                  
2000cc95  sqrtl                                 
20011523  strchr                                
20011471  strcmp                                
200115b1  strcpy                                
20010fad  strcspn                               
200115c5  strlen                                
20010da9  strncmp                               
20010e29  strspn                                
200108d9  strtok                                
2000d6c1  strtoul                               
20010511  uDMAChannelAssign                     
2000fe01  uDMAChannelAttributeDisable           
2000fe65  uDMAChannelAttributeEnable            
20010a49  uDMAChannelControlSet                 
20011279  uDMAChannelEnable                     
2000dcb1  uDMAChannelTransferSet                
2001b8cc  ucPinValue                            
2001b8c0  uiGPIOPort                            
2000f435  vsnprintf                             


GLOBAL SYMBOLS: SORTED BY Symbol Address 

address   name                                  
-------   ----                                  
00000800  __STACK_SIZE                          
00000800  __SYSMEM_SIZE                         
20004000  g_pfnVectors                          
20004401  SimpleLinkWlanEventHandler            
20004509  SimpleLinkNetAppEventHandler          
200045a1  SimpleLinkHttpServerCallback          
200045c9  SimpleLinkGeneralEventHandler         
200045df  SimpleLinkSockEventHandler            
20004df5  ParseJSONData                         
20005e1d  ComputeTemperature                    
20006049  main                                  
2000714d  __TI_printfi                          
20007a7f  bufferedRecv                          
20008255  HTTPCli_initSockAddr                  
20008363  HTTPCli_connect                       
20008485  HTTPCli_construct                     
200084cd  HTTPCli_create                        
200084e5  HTTPCli_delete                        
2000851b  HTTPCli_destruct                      
20008563  HTTPCli_disconnect                    
20008599  HTTPCli_setRequestFields              
200085bf  HTTPCli_setResponseFields             
200085e5  HTTPCli_setSecureParams               
20008605  HTTPCli_sendRequest                   
200086d3  HTTPCli_sendField                     
2000872b  HTTPCli_sendRequestBody               
20008763  HTTPCli_getResponseStatus             
20008799  HTTPCli_getResponseField              
2000891d  HTTPCli_readResponseBody              
200089a9  HTTPCli_readRawResponseBody           
200089e9  HTTPCli_setProxy                      
200089fd  pow                                   
200089fd  powl                                  
200093a9  BlockRead_                            
200093d9  GetRegisterValue_                     
20009403  SetRegisterValue_                     
2000943b  BMA222Open_                           
2000945d  BMA222Close_                          
20009461  BMA222Read_                           
200094dd  BMA222ReadNew_                        
20009539  AccSample_                            
200095a7  SetAccAvg_                            
20009643  GetRegisterValue_temp_                
200096d9  TMP006DrvOpen_                        
20009785  ComputeTemperature_                   
20009949  TMP006DrvGetTemp_                     
20009d71  jsmn_parse                            
2000a083  jsmn_init                             
2000a631  minit                                 
2000a6b1  malloc                                
2000a71b  free                                  
2000a7dd  realloc                               
2000a8e5  memalign                              
2000a9d1  calloc                                
2000aa01  GPIO_IF_LedConfigure                  
2000aa3f  GPIO_IF_LedOn                         
2000aaf3  GPIO_IF_LedOff                        
2000aba7  GPIO_IF_LedStatus                     
2000ac11  GPIO_IF_LedToggle                     
2000ac3f  GPIO_IF_GetPortNPin                   
2000ac85  GPIO_IF_ConfigureNIntEnable           
2000acc1  GPIO_IF_Set                           
2000acfb  GPIO_IF_Get                           
2000ad65  Ssock_construct                       
2000ada5  Ssock_create                          
2000adbf  Ssock_delete                          
2000ade7  Ssock_destruct                        
2000ae39  Ssock_getSocket                       
2000ae47  Ssock_recv                            
2000aea1  Ssock_recvall                         
2000aee5  Ssock_send                            
2000afff  Ssock_startSecure                     
2000b037  __mpu_init                            
2000b0ad  I2C_IF_Write                          
2000b15d  I2C_IF_Read                           
2000b219  I2C_IF_ReadFrom                       
2000b25f  I2C_IF_Open                           
2000b2a7  I2C_IF_Close                          
2000b2bd  InitTerm                              
2000b2db  Message                               
2000b2fd  ClearTerm                             
2000b307  Error                                 
2000b33f  GetCmd                                
2000b3e5  TrimSpace                             
2000b47d  Report                                
2000b53d  sl_WlanConnect                        
2000ba05  __aeabi_uldivmod                      
2000bbf9  _SlDrvDataReadOp                      
2000bddd  PinMuxConfig                          
2000bfb9  _SlDrvReleasePoolObj                  
2000c189  __aeabi_dsub                          
2000c193  __aeabi_dadd                          
2000c33f  _system_post_cinit                    
2000c341  _SlDrvDriverCBInit                    
2000c691  _SlDrvWaitForPoolObj                  
2000c821  sl_Connect                            
2000c9ad  PRCMCC3200MCUInit                     
2000cc95  sqrt                                  
2000cc95  sqrtl                                 
2000ce05  _SlDrvDataWriteOp                     
2000cf55  spi_Open                              
2000d1e1  sl_NetAppDnsGetHostByName             
2000d325  __aeabi_ddiv                          
2000d45d  sl_Send                               
2000d591  _SlDrvDriverCBDeinit                  
2000d6c1  strtoul                               
2000d7d5  _SlDrvNetAppEventHandler              
2000d8d9  __aeabi_dmul                          
2000d9d5  __aeabi_fsub                          
2000d9d9  __aeabi_fadd                          
2000dad1  sl_Stop                               
2000dbc1  spi_Read                              
2000dcb1  uDMAChannelTransferSet                
2000dda1  sl_Start                              
2000df75  _SlDrvMsgReadSpawnCtx                 
2000e05d  sl_NetAppMDNSRegisterUnregisterService
2000e21d  ldexp                                 
2000e21d  ldexpl                                
2000e21d  scalbn                                
2000e21d  scalbnl                               
2000e2ed  _sl_HandleAsync_DnsGetHostByService   
2000e3b9  sl_DevGet                             
2000e549  _SlDrvCmdOp                           
2000e609  _SlNonOsSemGet                        
2000e6b9  IntDisable                            
2000e761  IntEnable                             
2000e809  _SlDriverHandleError                  
2000e8ad  SPIConfigSetExpClk                    
2000e94d  sl_Recv                               
2000e9ed  __aeabi_memcpy                        
2000e9ed  __aeabi_memcpy4                       
2000e9ed  __aeabi_memcpy8                       
2000e9ed  memcpy                                
2000ea89  _SlDrvDeviceEventHandler              
2000eb25  sl_NetCfgSet                          
2000ebbd  sl_SetSockOpt                         
2000ec55  sl_WlanSet                            
2000eced  spi_Write                             
2000ed85  PRCMPeripheralClockGet                
2000ee19  snprintf                              
2000eead  __aeabi_fdiv                          
2000ef41  _sl_HandleAsync_DnsGetHostByName      
2000efd1  _sl_HandleAsync_PingResponse          
2000f061  sl_WlanPolicySet                      
2000f209  _SlDrvIsTimeoutExpired                
2000f295  _sl_HandleAsync_InitComplete          
2000f321  sl_Socket                             
2000f3ad  PinConfigSet                          
2000f435  vsnprintf                             
2000f4bd  __aeabi_cdcmpeq                       
2000f4bd  __aeabi_cdcmple                       
2000f543  __aeabi_cdrcmple                      
2000f5c9  I2CMasterInitExpClk                   
2000f64d  sl_WlanRxFilterSet                    
2000f6d1  GPIOIntTypeSet                        
2000f755  _sl_HandleAsync_Connect               
2000f8d5  __aeabi_memclr                        
2000f8d5  __aeabi_memclr4                       
2000f8d5  __aeabi_memclr8                       
2000f8d7  __aeabi_memset                        
2000f8d7  __aeabi_memset4                       
2000f8d7  __aeabi_memset8                       
2000f8dd  memset                                
2000f951  spi_Close                             
2000f9c9  UARTConfigSetExpClk                   
2000fa41  _SlNonOsMainLoopTask                  
2000fab5  __TI_auto_init                        
2000fb25  __aeabi_d2f                           
2000fb95  _SlDrvCmdSend                         
2000fc01  _sl_NetAppSendTokenValue              
2000fc6d  __TI_decompress_lzss                  
2000fcd5  _SlNonOsSpawn                         
2000fd39  _sl_HandleAsync_Accept                
2000fd9d  sl_NetAppMDNSUnRegisterService        
2000fe01  uDMAChannelAttributeDisable           
2000fe65  uDMAChannelAttributeEnable            
2000fec9  sprintf                               
2000ff29  sl_Close                              
2000ff89  sl_WlanProfileDel                     
2000ffe9  sl_WlanSetMode                        
20010049  frexp                                 
20010049  frexpl                                
200100a5  IntPendClear                          
200100fd  PRCMPeripheralReset                   
20010155  IntPrioritySet                        
200101a9  _SlDrvRxIrqHandler                    
200101fd  _sl_HandleAsync_Select                
20010251  C$$EXIT                               
20010255  abort                                 
2001025d  exit                                  
200102a5  ltoa                                  
200102f9  _sl_HandleAsync_Stop                  
20010349  SPIIntEnable                          
200103e1  _SlDrvProtectAsyncRespSetting         
20010479  atoi                                  
200104c5  copy_in                               
20010511  uDMAChannelAssign                     
200105a5  SPIIntClear                           
200105ed  _SlDrvBasicCmd                        
20010635  __aeabi_d2iz                          
2001067d  __aeabi_l2f                           
20010709  TimerConfigure                        
2001074d  _SlDrvSyncObjWaitTimeout              
200107d5  sl_Htonl                              
20010819  PinModeSet                            
20010899  _c_int00                              
200108d9  strtok                                
20010919  NwpRegisterInterruptHandler           
20010995  PRCMPeripheralClkEnable               
200109d1  simplelink_timerA2_start              
20010a0d  sl_Htons                              
20010a49  uDMAChannelControlSet                 
20010a85  ADCChannelEnable                      
20010abd  NwpPowerOff                           
20010af5  __aeabi_f2d                           
20010b2d  __aeabi_i2f                           
20010b65  sl_WlanDisconnect                     
20010b9d  GPIODirModeSet                        
20010bd5  PRCMPeripheralStatusGet               
20010c09  SPIFIFOLevelSet                       
20010c3d  PinTypeGPIO                           
20010c6d  UARTDisable                           
20010c9d  __aeabi_i2d                           
20010ccb  I2CMasterErr                          
20010cf9  NwpPowerOn                            
20010d25  PRCMSysResetCauseGet                  
20010d7d  _SlDrvProtectionObjLockWaitForever    
20010da9  strncmp                               
20010dd5  TimerLoadSet                          
20010dff  TimerPrescaleSet                      
20010e29  strspn                                
20010e55  PRCMPeripheralClkDisable              
20010e7d  _SlDrvGlobalObjUnLock                 
20010ea5  _SlDrvProtectionObjUnLock             
20010ecd  _SlDrvSyncObjWaitForever              
20010ef5  _SlDrvObjLockWaitForever              
20010f1d  DmaSpiSwIntHandler                    
20010f41  IntUnregister                         
20010f65  UARTEnable                            
20010f89  memmove                               
20010fad  strcspn                               
20010fd1  ADCTimerConfig                        
20010ff3  I2CMasterSlaveAddrSet                 
20011015  SPIReset                              
20011037  SPIWordCountSet                       
20011059  GPIOPinWrite                          
20011079  IntRegister                           
20011099  NwpPrePowerOffTimout0                 
200110b9  TimerGetCurrentTimestamp              
200110d9  _SlDrvObjUnLock                       
200110f9  _SlDrvSyncObjSignal                   
20011119  __aeabi_ui2d                          
20011139  GPIOIntRegister                       
20011157  I2CMasterIntStatusEx                  
20011175  TimerEnable                           
20011193  UARTCharPut                           
200111cf  ADCFIFOLvlGet                         
200111eb  PinTypeI2C                            
20011207  TimerValueGet                         
20011223  UARTCharGetNonBlocking                
2001123f  _SlDrvStartMeasureTimeout             
2001125b  memccpy                               
20011279  uDMAChannelEnable                     
20011295  GPIOIntEnable                         
200112af  PinTypeSPI                            
200112c9  PinTypeTimer                          
200112e3  PinTypeUART                           
200112fd  SPIDmaDisable                         
20011317  SPIDmaEnable                          
20011331  SPIFIFODisable                        
2001134b  SPIFIFOEnable                         
20011365  SPIIntUnregister                      
2001137f  ADCFIFORead                           
20011397  GPIOPinRead                           
200113af  SPICSDisable                          
200113c7  SPICSEnable                           
200113df  SPIDisable                            
200113f7  SPIEnable                             
2001140f  UARTCharsAvail                        
20011427  _SlNonOsSemSet                        
20011459  _args_main                            
20011471  strcmp                                
20011489  ADCTimerEnable                        
2001149f  I2CMasterDataPut                      
200114b5  I2CMasterEnable                       
200114cb  PRCMHIBRegRead                        
200114e1  PRCMHIBRegWrite                       
200114f7  UARTCharGet                           
2001150d  _SlDrvMemZero                         
20011523  strchr                                
20011539  ADCEnable                             
2001154d  CPUcpsie                              
20011561  GPIOIntClear                          
20011575  IntVTableBaseSet                      
20011589  PinTypeADC                            
2001159d  _register_unlock                      
200115a3  _register_lock                        
200115ab  _nop                                  
200115b1  strcpy                                
200115c5  strlen                                
200115d9  I2CMasterControl                      
200115eb  I2CMasterIntClearEx                   
200115fd  I2CMasterTimeoutSet                   
2001160f  _SlDrvDispatchHttpServerEvents        
2001161f  I2CMasterDataGet                      
2001162d  _SlDrvResetCmdExt                     
2001163b  __TI_decompress_none                  
20011649  ResetISR                              
20011659  NwpMaskInterrupt                      
20011665  NwpUnMaskInterrupt                    
20011671  __TI_zero_init                        
2001167d  IntMasterEnable                       
20011687  copysign                              
20011687  copysignl                             
2001168f  UtilsDelay                            
20011695  _system_pre_init                      
20011698  _ctypes_                              
20011a98  OpcodeTranslateTable                  
20011ad4  _SlActionLookupTable                  
20011d5e  _SlNetAppSendTokenValueCmdCtrl        
20011d98  __TI_static_base__                    
20011ddc  __TI_Handler_Table_Base               
20011de8  __TI_Handler_Table_Limit              
20011df0  __TI_CINIT_Base                       
20011e00  __TI_CINIT_Limit                      
20017000  pulAdcSamples                         
2001b000  g_buff                                
2001b720  buf                                   
2001b784  cPassword                             
2001b7d8  cSSID_NAME                            
2001b82c  g_ucDinDout                           
2001b87c  g_ucConnectionSSID                    
2001b8a0  g_ucConnectionBSSID                   
2001b8ac  g_accTotalAvg                         
2001b8b0  g_accXAvg                             
2001b8b4  g_accYAvg                             
2001b8b8  g_accZAvg                             
2001b8bc  g_ulDestinationIP                     
2001b8c0  uiGPIOPort                            
2001b8c4  RxIrqCnt                              
2001b8c5  cCharacter                            
2001b8c6  g_bDeviceRestartIsRequired            
2001b8c7  g_cDummy                              
2001b8c8  g_ucLED1Pin                           
2001b8c9  g_ucLED2Pin                           
2001b8ca  g_ucLED3Pin                           
2001b8cb  pucGPIOPin                            
2001b8cc  ucPinValue                            
2001b8d0  _sys_memory                           
2001c118  g__SlNonOsCB                          
2001c154  errno                                 
2001c158  g_accXIntervalSum                     
2001c15c  g_accYIntervalSum                     
2001c160  g_accZIntervalSum                     
2001c168  g_accSampleCount                      
2001c170  g_ulStatus                            
2001c174  g_ulGatewayIP                         
2001c178  bytesReceived                         
2001c17c  Lght                                  
2001c180  iStringLength                         
2001c184  g_iCounter                            
2001c1ac  g_SlDeviceStatus                      
2001c1b0  g_pCB                                 
2001c1b4  pPingCallBackFunc                     
2001c1bc  __TI_cleanup_ptr                      
2001c1c0  __TI_dtors_ptr                        
2001c1c4  __TI_enable_exit_profile_output       
2001c1d4  g_uiLED1Port                          
2001c1d8  g_uiLED2Port                          
2001c1dc  g_uiLED3Port                          
2001c1e0  g_SpiFd                               
2001c1e4  g_pHostIntHdl                         
2001c1e8  g_ucDMAEnabled                        
2001c1ec  _lock                                 
2001c1f0  _unlock                               
2001c1f4  main_func_sp                          
2002f800  __stack                               
20030000  __STACK_END                           
ffffffff  __TI_pprof_out_hndl                   
ffffffff  __TI_prof_data_size                   
ffffffff  __TI_prof_data_start                  
ffffffff  __binit__                             
ffffffff  __c_args__                            
ffffffff  binit                                 
UNDEFED   SHT$$INIT_ARRAY$$Base                 
UNDEFED   SHT$$INIT_ARRAY$$Limit                

[386 symbols]
